[0.028s] Invoking command in '/workspace/eYRC_26-27_Hola-The-Explorer/Software/workspace/build/task_1b': CMAKE_PREFIX_PATH=/opt/ros/humble /usr/bin/cmake /workspace/eYRC_26-27_Hola-The-Explorer/Software/workspace/src/task_1b -DAMENT_CMAKE_SYMLINK_INSTALL=1 -DCMAKE_INSTALL_PREFIX=/workspace/eYRC_26-27_Hola-The-Explorer/Software/workspace/install/task_1b
[0.170s] -- The C compiler identification is GNU 11.4.0
[0.344s] -- The CXX compiler identification is GNU 11.4.0
[0.359s] -- Detecting C compiler ABI info
[0.528s] -- Detecting C compiler ABI info - done
[0.547s] -- Check for working C compiler: /usr/bin/cc - skipped
[0.547s] -- Detecting C compile features
[0.548s] -- Detecting C compile features - done
[0.554s] -- Detecting CXX compiler ABI info
[0.711s] -- Detecting CXX compiler ABI info - done
[0.727s] -- Check for working CXX compiler: /usr/bin/c++ - skipped
[0.727s] -- Detecting CXX compile features
[0.728s] -- Detecting CXX compile features - done
[0.732s] -- Found ament_cmake: 1.3.14 (/opt/ros/humble/share/ament_cmake/cmake)
[1.062s] -- Found Python3: /usr/bin/python3 (found version "3.10.12") found components: Interpreter 
[1.190s] -- Override CMake install command with custom implementation using symlinks instead of copying resources
[1.558s] -- Configuring done
[1.563s] -- Generating done
[1.566s] -- Build files have been written to: /workspace/eYRC_26-27_Hola-The-Explorer/Software/workspace/build/task_1b
[1.573s] Invoked command in '/workspace/eYRC_26-27_Hola-The-Explorer/Software/workspace/build/task_1b' returned '0': CMAKE_PREFIX_PATH=/opt/ros/humble /usr/bin/cmake /workspace/eYRC_26-27_Hola-The-Explorer/Software/workspace/src/task_1b -DAMENT_CMAKE_SYMLINK_INSTALL=1 -DCMAKE_INSTALL_PREFIX=/workspace/eYRC_26-27_Hola-The-Explorer/Software/workspace/install/task_1b
[1.577s] Invoking command in '/workspace/eYRC_26-27_Hola-The-Explorer/Software/workspace/build/task_1b': CMAKE_PREFIX_PATH=/opt/ros/humble /usr/bin/cmake --build /workspace/eYRC_26-27_Hola-The-Explorer/Software/workspace/build/task_1b -- -j12 -l12
[1.704s] Built target ament_cmake_python_symlink_task_1b
[2.118s] running egg_info
[2.119s] creating task_1b.egg-info
[2.120s] writing task_1b.egg-info/PKG-INFO
[2.120s] writing dependency_links to task_1b.egg-info/dependency_links.txt
[2.120s] writing top-level names to task_1b.egg-info/top_level.txt
[2.120s] writing manifest file 'task_1b.egg-info/SOURCES.txt'
[2.123s] reading manifest file 'task_1b.egg-info/SOURCES.txt'
[2.124s] writing manifest file 'task_1b.egg-info/SOURCES.txt'
[2.178s] Built target ament_cmake_python_build_task_1b_egg
[2.197s] Invoked command in '/workspace/eYRC_26-27_Hola-The-Explorer/Software/workspace/build/task_1b' returned '0': CMAKE_PREFIX_PATH=/opt/ros/humble /usr/bin/cmake --build /workspace/eYRC_26-27_Hola-The-Explorer/Software/workspace/build/task_1b -- -j12 -l12
[2.219s] Invoking command in '/workspace/eYRC_26-27_Hola-The-Explorer/Software/workspace/build/task_1b': CMAKE_PREFIX_PATH=/opt/ros/humble /usr/bin/cmake --install /workspace/eYRC_26-27_Hola-The-Explorer/Software/workspace/build/task_1b
[2.243s] -- Install configuration: ""
[2.244s] -- Execute custom install script
[2.245s] -- Symlinking: /workspace/eYRC_26-27_Hola-The-Explorer/Software/workspace/install/task_1b/share/task_1b/environment/pythonpath.sh
[2.266s] -- Symlinking: /workspace/eYRC_26-27_Hola-The-Explorer/Software/workspace/install/task_1b/share/task_1b/environment/pythonpath.dsv
[2.283s] -- Symlinking: /workspace/eYRC_26-27_Hola-The-Explorer/Software/workspace/install/task_1b/local/lib/python3.10/dist-packages/task_1b-0.0.1-py3.10.egg-info/PKG-INFO
[2.309s] -- Symlinking: /workspace/eYRC_26-27_Hola-The-Explorer/Software/workspace/install/task_1b/local/lib/python3.10/dist-packages/task_1b-0.0.1-py3.10.egg-info/SOURCES.txt
[2.333s] -- Symlinking: /workspace/eYRC_26-27_Hola-The-Explorer/Software/workspace/install/task_1b/local/lib/python3.10/dist-packages/task_1b-0.0.1-py3.10.egg-info/dependency_links.txt
[2.352s] -- Symlinking: /workspace/eYRC_26-27_Hola-The-Explorer/Software/workspace/install/task_1b/local/lib/python3.10/dist-packages/task_1b-0.0.1-py3.10.egg-info/top_level.txt
[2.367s] -- Symlinking: /workspace/eYRC_26-27_Hola-The-Explorer/Software/workspace/install/task_1b/local/lib/python3.10/dist-packages/task_1b/__init__.py
[2.387s] -- Symlinking: /workspace/eYRC_26-27_Hola-The-Explorer/Software/workspace/install/task_1b/local/lib/python3.10/dist-packages/task_1b/inverse_kinematics.py
[2.403s] -- Symlinking: /workspace/eYRC_26-27_Hola-The-Explorer/Software/workspace/install/task_1b/lib/task_1b/cmd_vel_publisher
[2.424s] -- Symlinking: /workspace/eYRC_26-27_Hola-The-Explorer/Software/workspace/install/task_1b/share/ament_index/resource_index/package_run_dependencies/task_1b
[2.440s] -- Symlinking: /workspace/eYRC_26-27_Hola-The-Explorer/Software/workspace/install/task_1b/share/ament_index/resource_index/parent_prefix_path/task_1b
[2.460s] -- Symlinking: /workspace/eYRC_26-27_Hola-The-Explorer/Software/workspace/install/task_1b/share/task_1b/environment/ament_prefix_path.sh
[2.484s] -- Symlinking: /workspace/eYRC_26-27_Hola-The-Explorer/Software/workspace/install/task_1b/share/task_1b/environment/ament_prefix_path.dsv
[2.509s] -- Symlinking: /workspace/eYRC_26-27_Hola-The-Explorer/Software/workspace/install/task_1b/share/task_1b/environment/path.sh
[2.534s] -- Symlinking: /workspace/eYRC_26-27_Hola-The-Explorer/Software/workspace/install/task_1b/share/task_1b/environment/path.dsv
[2.555s] -- Symlinking: /workspace/eYRC_26-27_Hola-The-Explorer/Software/workspace/install/task_1b/share/task_1b/local_setup.bash
[2.581s] -- Symlinking: /workspace/eYRC_26-27_Hola-The-Explorer/Software/workspace/install/task_1b/share/task_1b/local_setup.sh
[2.607s] -- Symlinking: /workspace/eYRC_26-27_Hola-The-Explorer/Software/workspace/install/task_1b/share/task_1b/local_setup.zsh
[2.625s] -- Symlinking: /workspace/eYRC_26-27_Hola-The-Explorer/Software/workspace/install/task_1b/share/task_1b/local_setup.dsv
[2.645s] -- Symlinking: /workspace/eYRC_26-27_Hola-The-Explorer/Software/workspace/install/task_1b/share/task_1b/package.dsv
[2.668s] -- Symlinking: /workspace/eYRC_26-27_Hola-The-Explorer/Software/workspace/install/task_1b/share/ament_index/resource_index/packages/task_1b
[2.693s] -- Symlinking: /workspace/eYRC_26-27_Hola-The-Explorer/Software/workspace/install/task_1b/share/task_1b/cmake/task_1bConfig.cmake
[2.714s] -- Symlinking: /workspace/eYRC_26-27_Hola-The-Explorer/Software/workspace/install/task_1b/share/task_1b/cmake/task_1bConfig-version.cmake
[2.738s] -- Symlinking: /workspace/eYRC_26-27_Hola-The-Explorer/Software/workspace/install/task_1b/share/task_1b/package.xml
[2.829s] Listing '/workspace/eYRC_26-27_Hola-The-Explorer/Software/workspace/install/task_1b/local/lib/python3.10/dist-packages/task_1b'...
[2.829s] Compiling '/workspace/eYRC_26-27_Hola-The-Explorer/Software/workspace/install/task_1b/local/lib/python3.10/dist-packages/task_1b/__init__.py'...
[2.830s] Compiling '/workspace/eYRC_26-27_Hola-The-Explorer/Software/workspace/install/task_1b/local/lib/python3.10/dist-packages/task_1b/inverse_kinematics.py'...
[2.839s] -- Installing: /workspace/eYRC_26-27_Hola-The-Explorer/Software/workspace/install/task_1b/lib/task_1b/inverse_kinematics
[2.844s] Invoked command in '/workspace/eYRC_26-27_Hola-The-Explorer/Software/workspace/build/task_1b' returned '0': CMAKE_PREFIX_PATH=/opt/ros/humble /usr/bin/cmake --install /workspace/eYRC_26-27_Hola-The-Explorer/Software/workspace/build/task_1b
