[0.000000] (-) TimerEvent: {}
[0.000229] (shape_interface) JobQueued: {'identifier': 'shape_interface', 'dependencies': OrderedDict()}
[0.000349] (task_1b) JobQueued: {'identifier': 'task_1b', 'dependencies': OrderedDict()}
[0.000420] (task_1a) JobQueued: {'identifier': 'task_1a', 'dependencies': OrderedDict([('shape_interface', '/workspace/eYRC_26-27_Hola-The-Explorer/Software/workspace/install/shape_interface')])}
[0.000495] (task_1c) JobQueued: {'identifier': 'task_1c', 'dependencies': OrderedDict([('shape_interface', '/workspace/eYRC_26-27_Hola-The-Explorer/Software/workspace/install/shape_interface')])}
[0.000559] (hb_description) JobQueued: {'identifier': 'hb_description', 'dependencies': OrderedDict([('shape_interface', '/workspace/eYRC_26-27_Hola-The-Explorer/Software/workspace/install/shape_interface'), ('task_1a', '/workspace/eYRC_26-27_Hola-The-Explorer/Software/workspace/install/task_1a')])}
[0.000636] (shape_interface) JobStarted: {'identifier': 'shape_interface'}
[0.013640] (task_1b) JobStarted: {'identifier': 'task_1b'}
[0.020337] (shape_interface) JobProgress: {'identifier': 'shape_interface', 'progress': 'cmake'}
[0.023441] (shape_interface) JobProgress: {'identifier': 'shape_interface', 'progress': 'build'}
[0.023821] (shape_interface) Command: {'cmd': ['/usr/bin/cmake', '--build', '/workspace/eYRC_26-27_Hola-The-Explorer/Software/workspace/build/shape_interface', '--', '-j12', '-l12'], 'cwd': '/workspace/eYRC_26-27_Hola-The-Explorer/Software/workspace/build/shape_interface', 'env': OrderedDict([('HOSTNAME', '241f24d43114'), ('SHLVL', '0'), ('LD_LIBRARY_PATH', '/opt/ros/humble/opt/rviz_ogre_vendor/lib:/opt/ros/humble/lib/x86_64-linux-gnu:/opt/ros/humble/lib'), ('HOME', '/root'), ('ROS_PYTHON_VERSION', '3'), ('ROS_DISTRO', 'humble'), ('_', '/usr/bin/colcon'), ('ROS_VERSION', '2'), ('ROS_LOCALHOST_ONLY', '0'), ('PATH', '/opt/ros/humble/bin:/usr/local/sbin:/usr/local/bin:/usr/sbin:/usr/bin:/sbin:/bin'), ('LANG', 'C.UTF-8'), ('AMENT_PREFIX_PATH', '/opt/ros/humble'), ('DEBIAN_FRONTEND', 'noninteractive'), ('PWD', '/workspace/eYRC_26-27_Hola-The-Explorer/Software/workspace/build/shape_interface'), ('LC_ALL', 'C.UTF-8'), ('PYTHONPATH', '/opt/ros/humble/lib/python3.10/site-packages:/opt/ros/humble/local/lib/python3.10/dist-packages'), ('COLCON', '1'), ('CMAKE_PREFIX_PATH', '/opt/ros/humble')]), 'shell': False}
[0.027783] (task_1b) JobProgress: {'identifier': 'task_1b', 'progress': 'cmake'}
[0.028502] (task_1b) JobProgress: {'identifier': 'task_1b', 'progress': 'build'}
[0.028631] (task_1b) Command: {'cmd': ['/usr/bin/cmake', '--build', '/workspace/eYRC_26-27_Hola-The-Explorer/Software/workspace/build/task_1b', '--', '-j12', '-l12'], 'cwd': '/workspace/eYRC_26-27_Hola-The-Explorer/Software/workspace/build/task_1b', 'env': OrderedDict([('HOSTNAME', '241f24d43114'), ('SHLVL', '0'), ('LD_LIBRARY_PATH', '/opt/ros/humble/opt/rviz_ogre_vendor/lib:/opt/ros/humble/lib/x86_64-linux-gnu:/opt/ros/humble/lib'), ('HOME', '/root'), ('ROS_PYTHON_VERSION', '3'), ('ROS_DISTRO', 'humble'), ('_', '/usr/bin/colcon'), ('ROS_VERSION', '2'), ('ROS_LOCALHOST_ONLY', '0'), ('PATH', '/opt/ros/humble/bin:/usr/local/sbin:/usr/local/bin:/usr/sbin:/usr/bin:/sbin:/bin'), ('LANG', 'C.UTF-8'), ('AMENT_PREFIX_PATH', '/opt/ros/humble'), ('DEBIAN_FRONTEND', 'noninteractive'), ('PWD', '/workspace/eYRC_26-27_Hola-The-Explorer/Software/workspace/build/task_1b'), ('LC_ALL', 'C.UTF-8'), ('PYTHONPATH', '/opt/ros/humble/lib/python3.10/site-packages:/opt/ros/humble/local/lib/python3.10/dist-packages'), ('COLCON', '1'), ('CMAKE_PREFIX_PATH', '/opt/ros/humble')]), 'shell': False}
[0.097976] (-) TimerEvent: {}
[0.149912] (shape_interface) StdoutLine: {'line': b'Consolidate compiler generated dependencies of target shape_interface__rosidl_generator_c\n'}
[0.172389] (shape_interface) StdoutLine: {'line': b'[  2%] Built target shape_interface__rs\n'}
[0.173933] (shape_interface) StdoutLine: {'line': b'[  4%] Built target shape_interface__cpp\n'}
[0.177224] (shape_interface) StdoutLine: {'line': b'[  4%] Built target ament_cmake_python_symlink_shape_interface\n'}
[0.180638] (shape_interface) StdoutLine: {'line': b'[ 14%] Built target shape_interface__rosidl_generator_c\n'}
[0.197441] (task_1b) StdoutLine: {'line': b'Built target ament_cmake_python_symlink_task_1b\n'}
[0.198034] (-) TimerEvent: {}
[0.205313] (shape_interface) StdoutLine: {'line': b'Consolidate compiler generated dependencies of target shape_interface__rosidl_typesupport_fastrtps_cpp\n'}
[0.214689] (shape_interface) StdoutLine: {'line': b'Consolidate compiler generated dependencies of target shape_interface__rosidl_typesupport_introspection_cpp\n'}
[0.215221] (shape_interface) StdoutLine: {'line': b'Consolidate compiler generated dependencies of target shape_interface__rosidl_typesupport_cpp\n'}
[0.215498] (shape_interface) StdoutLine: {'line': b'Consolidate compiler generated dependencies of target shape_interface__rosidl_typesupport_fastrtps_c\n'}
[0.217836] (shape_interface) StdoutLine: {'line': b'Consolidate compiler generated dependencies of target shape_interface__rosidl_typesupport_c\n'}
[0.219694] (shape_interface) StdoutLine: {'line': b'Consolidate compiler generated dependencies of target shape_interface__rosidl_typesupport_introspection_c\n'}
[0.243719] (shape_interface) StdoutLine: {'line': b'[ 25%] Built target shape_interface__rosidl_typesupport_fastrtps_cpp\n'}
[0.244963] (shape_interface) StdoutLine: {'line': b'[ 35%] Built target shape_interface__rosidl_typesupport_introspection_c\n'}
[0.252295] (shape_interface) StdoutLine: {'line': b'[ 50%] Built target shape_interface__rosidl_typesupport_c\n'}
[0.252757] (shape_interface) StdoutLine: {'line': b'[ 66%] Built target shape_interface__rosidl_typesupport_cpp\n'}
[0.253043] (shape_interface) StdoutLine: {'line': b'[ 66%] Built target shape_interface__rosidl_typesupport_introspection_cpp\n'}
[0.253867] (shape_interface) StdoutLine: {'line': b'[ 77%] Built target shape_interface__rosidl_typesupport_fastrtps_c\n'}
[0.298247] (-) TimerEvent: {}
[0.313027] (shape_interface) StdoutLine: {'line': b'[ 77%] Built target shape_interface\n'}
[0.373261] (shape_interface) StdoutLine: {'line': b'[ 79%] Built target shape_interface__py\n'}
[0.398409] (-) TimerEvent: {}
[0.411907] (shape_interface) StdoutLine: {'line': b'Consolidate compiler generated dependencies of target shape_interface__rosidl_generator_py\n'}
[0.449430] (shape_interface) StdoutLine: {'line': b'[ 87%] Built target shape_interface__rosidl_generator_py\n'}
[0.484365] (shape_interface) StdoutLine: {'line': b'Consolidate compiler generated dependencies of target shape_interface__rosidl_typesupport_fastrtps_c__pyext\n'}
[0.485229] (shape_interface) StdoutLine: {'line': b'Consolidate compiler generated dependencies of target shape_interface__rosidl_typesupport_introspection_c__pyext\n'}
[0.485575] (shape_interface) StdoutLine: {'line': b'Consolidate compiler generated dependencies of target shape_interface__rosidl_typesupport_c__pyext\n'}
[0.498558] (-) TimerEvent: {}
[0.519344] (shape_interface) StdoutLine: {'line': b'[ 91%] Built target shape_interface__rosidl_typesupport_fastrtps_c__pyext\n'}
[0.520124] (shape_interface) StdoutLine: {'line': b'[100%] Built target shape_interface__rosidl_typesupport_c__pyext\n'}
[0.520396] (shape_interface) StdoutLine: {'line': b'[100%] Built target shape_interface__rosidl_typesupport_introspection_c__pyext\n'}
[0.598732] (-) TimerEvent: {}
[0.620690] (shape_interface) StdoutLine: {'line': b'running egg_info\n'}
[0.622015] (shape_interface) StdoutLine: {'line': b'writing shape_interface.egg-info/PKG-INFO\n'}
[0.622818] (shape_interface) StdoutLine: {'line': b'writing dependency_links to shape_interface.egg-info/dependency_links.txt\n'}
[0.623278] (shape_interface) StdoutLine: {'line': b'writing top-level names to shape_interface.egg-info/top_level.txt\n'}
[0.627143] (shape_interface) StdoutLine: {'line': b"reading manifest file 'shape_interface.egg-info/SOURCES.txt'\n"}
[0.628307] (shape_interface) StdoutLine: {'line': b"writing manifest file 'shape_interface.egg-info/SOURCES.txt'\n"}
[0.630332] (task_1b) StdoutLine: {'line': b'running egg_info\n'}
[0.631848] (task_1b) StdoutLine: {'line': b'writing task_1b.egg-info/PKG-INFO\n'}
[0.632773] (task_1b) StdoutLine: {'line': b'writing dependency_links to task_1b.egg-info/dependency_links.txt\n'}
[0.633031] (task_1b) StdoutLine: {'line': b'writing top-level names to task_1b.egg-info/top_level.txt\n'}
[0.636674] (task_1b) StdoutLine: {'line': b"reading manifest file 'task_1b.egg-info/SOURCES.txt'\n"}
[0.637680] (task_1b) StdoutLine: {'line': b"writing manifest file 'task_1b.egg-info/SOURCES.txt'\n"}
[0.689381] (shape_interface) StdoutLine: {'line': b'[100%] Built target ament_cmake_python_build_shape_interface_egg\n'}
[0.689813] (task_1b) StdoutLine: {'line': b'Built target ament_cmake_python_build_task_1b_egg\n'}
[0.698929] (-) TimerEvent: {}
[0.715393] (shape_interface) CommandEnded: {'returncode': 0}
[0.717354] (shape_interface) JobProgress: {'identifier': 'shape_interface', 'progress': 'install'}
[0.743113] (shape_interface) Command: {'cmd': ['/usr/bin/cmake', '--install', '/workspace/eYRC_26-27_Hola-The-Explorer/Software/workspace/build/shape_interface'], 'cwd': '/workspace/eYRC_26-27_Hola-The-Explorer/Software/workspace/build/shape_interface', 'env': OrderedDict([('HOSTNAME', '241f24d43114'), ('SHLVL', '0'), ('LD_LIBRARY_PATH', '/opt/ros/humble/opt/rviz_ogre_vendor/lib:/opt/ros/humble/lib/x86_64-linux-gnu:/opt/ros/humble/lib'), ('HOME', '/root'), ('ROS_PYTHON_VERSION', '3'), ('ROS_DISTRO', 'humble'), ('_', '/usr/bin/colcon'), ('ROS_VERSION', '2'), ('ROS_LOCALHOST_ONLY', '0'), ('PATH', '/opt/ros/humble/bin:/usr/local/sbin:/usr/local/bin:/usr/sbin:/usr/bin:/sbin:/bin'), ('LANG', 'C.UTF-8'), ('AMENT_PREFIX_PATH', '/opt/ros/humble'), ('DEBIAN_FRONTEND', 'noninteractive'), ('PWD', '/workspace/eYRC_26-27_Hola-The-Explorer/Software/workspace/build/shape_interface'), ('LC_ALL', 'C.UTF-8'), ('PYTHONPATH', '/opt/ros/humble/lib/python3.10/site-packages:/opt/ros/humble/local/lib/python3.10/dist-packages'), ('COLCON', '1'), ('CMAKE_PREFIX_PATH', '/opt/ros/humble')]), 'shell': False}
[0.747931] (task_1b) CommandEnded: {'returncode': 0}
[0.750180] (task_1b) JobProgress: {'identifier': 'task_1b', 'progress': 'install'}
[0.750932] (task_1b) Command: {'cmd': ['/usr/bin/cmake', '--install', '/workspace/eYRC_26-27_Hola-The-Explorer/Software/workspace/build/task_1b'], 'cwd': '/workspace/eYRC_26-27_Hola-The-Explorer/Software/workspace/build/task_1b', 'env': OrderedDict([('HOSTNAME', '241f24d43114'), ('SHLVL', '0'), ('LD_LIBRARY_PATH', '/opt/ros/humble/opt/rviz_ogre_vendor/lib:/opt/ros/humble/lib/x86_64-linux-gnu:/opt/ros/humble/lib'), ('HOME', '/root'), ('ROS_PYTHON_VERSION', '3'), ('ROS_DISTRO', 'humble'), ('_', '/usr/bin/colcon'), ('ROS_VERSION', '2'), ('ROS_LOCALHOST_ONLY', '0'), ('PATH', '/opt/ros/humble/bin:/usr/local/sbin:/usr/local/bin:/usr/sbin:/usr/bin:/sbin:/bin'), ('LANG', 'C.UTF-8'), ('AMENT_PREFIX_PATH', '/opt/ros/humble'), ('DEBIAN_FRONTEND', 'noninteractive'), ('PWD', '/workspace/eYRC_26-27_Hola-The-Explorer/Software/workspace/build/task_1b'), ('LC_ALL', 'C.UTF-8'), ('PYTHONPATH', '/opt/ros/humble/lib/python3.10/site-packages:/opt/ros/humble/local/lib/python3.10/dist-packages'), ('COLCON', '1'), ('CMAKE_PREFIX_PATH', '/opt/ros/humble')]), 'shell': False}
[0.765404] (task_1b) StdoutLine: {'line': b'-- Install configuration: ""\n'}
[0.766257] (task_1b) StdoutLine: {'line': b'-- Execute custom install script\n'}
[0.766892] (task_1b) StdoutLine: {'line': b'-- Up-to-date symlink: /workspace/eYRC_26-27_Hola-The-Explorer/Software/workspace/install/task_1b/share/task_1b/environment/pythonpath.sh\n'}
[0.767200] (task_1b) StdoutLine: {'line': b'-- Up-to-date symlink: /workspace/eYRC_26-27_Hola-The-Explorer/Software/workspace/install/task_1b/share/task_1b/environment/pythonpath.dsv\n'}
[0.768265] (task_1b) StdoutLine: {'line': b'-- Up-to-date symlink: /workspace/eYRC_26-27_Hola-The-Explorer/Software/workspace/install/task_1b/local/lib/python3.10/dist-packages/task_1b-0.0.1-py3.10.egg-info/PKG-INFO\n'}
[0.768591] (task_1b) StdoutLine: {'line': b'-- Up-to-date symlink: /workspace/eYRC_26-27_Hola-The-Explorer/Software/workspace/install/task_1b/local/lib/python3.10/dist-packages/task_1b-0.0.1-py3.10.egg-info/SOURCES.txt\n'}
[0.769349] (task_1b) StdoutLine: {'line': b'-- Up-to-date symlink: /workspace/eYRC_26-27_Hola-The-Explorer/Software/workspace/install/task_1b/local/lib/python3.10/dist-packages/task_1b-0.0.1-py3.10.egg-info/dependency_links.txt\n'}
[0.771167] (task_1b) StdoutLine: {'line': b'-- Up-to-date symlink: /workspace/eYRC_26-27_Hola-The-Explorer/Software/workspace/install/task_1b/local/lib/python3.10/dist-packages/task_1b-0.0.1-py3.10.egg-info/top_level.txt\n'}
[0.771831] (task_1b) StdoutLine: {'line': b'-- Up-to-date symlink: /workspace/eYRC_26-27_Hola-The-Explorer/Software/workspace/install/task_1b/local/lib/python3.10/dist-packages/task_1b/__init__.py\n'}
[0.772074] (task_1b) StdoutLine: {'line': b'-- Up-to-date symlink: /workspace/eYRC_26-27_Hola-The-Explorer/Software/workspace/install/task_1b/local/lib/python3.10/dist-packages/task_1b/inverse_kinematics.py\n'}
[0.772582] (shape_interface) StdoutLine: {'line': b'-- Install configuration: ""\n'}
[0.772832] (task_1b) StdoutLine: {'line': b'-- Up-to-date symlink: /workspace/eYRC_26-27_Hola-The-Explorer/Software/workspace/install/task_1b/lib/task_1b/cmd_vel_publisher\n'}
[0.773091] (task_1b) StdoutLine: {'line': b'-- Up-to-date symlink: /workspace/eYRC_26-27_Hola-The-Explorer/Software/workspace/install/task_1b/share/ament_index/resource_index/package_run_dependencies/task_1b\n'}
[0.773328] (task_1b) StdoutLine: {'line': b'-- Up-to-date symlink: /workspace/eYRC_26-27_Hola-The-Explorer/Software/workspace/install/task_1b/share/ament_index/resource_index/parent_prefix_path/task_1b\n'}
[0.773538] (task_1b) StdoutLine: {'line': b'-- Up-to-date symlink: /workspace/eYRC_26-27_Hola-The-Explorer/Software/workspace/install/task_1b/share/task_1b/environment/ament_prefix_path.sh\n'}
[0.773750] (task_1b) StdoutLine: {'line': b'-- Up-to-date symlink: /workspace/eYRC_26-27_Hola-The-Explorer/Software/workspace/install/task_1b/share/task_1b/environment/ament_prefix_path.dsv\n'}
[0.773966] (task_1b) StdoutLine: {'line': b'-- Up-to-date symlink: /workspace/eYRC_26-27_Hola-The-Explorer/Software/workspace/install/task_1b/share/task_1b/environment/path.sh\n'}
[0.774477] (task_1b) StdoutLine: {'line': b'-- Up-to-date symlink: /workspace/eYRC_26-27_Hola-The-Explorer/Software/workspace/install/task_1b/share/task_1b/environment/path.dsv\n'}
[0.774705] (task_1b) StdoutLine: {'line': b'-- Up-to-date symlink: /workspace/eYRC_26-27_Hola-The-Explorer/Software/workspace/install/task_1b/share/task_1b/local_setup.bash\n'}
[0.775383] (task_1b) StdoutLine: {'line': b'-- Up-to-date symlink: /workspace/eYRC_26-27_Hola-The-Explorer/Software/workspace/install/task_1b/share/task_1b/local_setup.sh\n'}
[0.776030] (task_1b) StdoutLine: {'line': b'-- Up-to-date symlink: /workspace/eYRC_26-27_Hola-The-Explorer/Software/workspace/install/task_1b/share/task_1b/local_setup.zsh\n'}
[0.776487] (task_1b) StdoutLine: {'line': b'-- Up-to-date symlink: /workspace/eYRC_26-27_Hola-The-Explorer/Software/workspace/install/task_1b/share/task_1b/local_setup.dsv\n'}
[0.776892] (task_1b) StdoutLine: {'line': b'-- Symlinking: /workspace/eYRC_26-27_Hola-The-Explorer/Software/workspace/install/task_1b/share/task_1b/package.dsv\n'}
[0.777160] (shape_interface) StdoutLine: {'line': b'-- Execute custom install script\n'}
[0.777400] (shape_interface) StdoutLine: {'line': b'-- Up-to-date symlink: /workspace/eYRC_26-27_Hola-The-Explorer/Software/workspace/install/shape_interface/share/ament_index/resource_index/rosidl_interfaces/shape_interface\n'}
[0.778034] (shape_interface) StdoutLine: {'line': b'-- Up-to-date symlink: /workspace/eYRC_26-27_Hola-The-Explorer/Software/workspace/install/shape_interface/include/shape_interface/shape_interface/msg/detail/shape__functions.h\n'}
[0.778306] (shape_interface) StdoutLine: {'line': b'-- Up-to-date symlink: /workspace/eYRC_26-27_Hola-The-Explorer/Software/workspace/install/shape_interface/include/shape_interface/shape_interface/msg/detail/shape__struct.h\n'}
[0.779099] (shape_interface) StdoutLine: {'line': b'-- Up-to-date symlink: /workspace/eYRC_26-27_Hola-The-Explorer/Software/workspace/install/shape_interface/include/shape_interface/shape_interface/msg/detail/shape__type_support.h\n'}
[0.779362] (shape_interface) StdoutLine: {'line': b'-- Up-to-date symlink: /workspace/eYRC_26-27_Hola-The-Explorer/Software/workspace/install/shape_interface/include/shape_interface/shape_interface/msg/rosidl_generator_c__visibility_control.h\n'}
[0.779752] (shape_interface) StdoutLine: {'line': b'-- Up-to-date symlink: /workspace/eYRC_26-27_Hola-The-Explorer/Software/workspace/install/shape_interface/include/shape_interface/shape_interface/msg/shape.h\n'}
[0.779970] (shape_interface) StdoutLine: {'line': b'-- Up-to-date symlink: /workspace/eYRC_26-27_Hola-The-Explorer/Software/workspace/install/shape_interface/include/shape_interface/shape_interface/srv/detail/get_shape__functions.h\n'}
[0.780926] (shape_interface) StdoutLine: {'line': b'-- Up-to-date symlink: /workspace/eYRC_26-27_Hola-The-Explorer/Software/workspace/install/shape_interface/include/shape_interface/shape_interface/srv/detail/get_shape__struct.h\n'}
[0.781370] (shape_interface) StdoutLine: {'line': b'-- Up-to-date symlink: /workspace/eYRC_26-27_Hola-The-Explorer/Software/workspace/install/shape_interface/include/shape_interface/shape_interface/srv/detail/get_shape__type_support.h\n'}
[0.781631] (shape_interface) StdoutLine: {'line': b'-- Up-to-date symlink: /workspace/eYRC_26-27_Hola-The-Explorer/Software/workspace/install/shape_interface/include/shape_interface/shape_interface/srv/detail/pixel_to_world__functions.h\n'}
[0.781929] (shape_interface) StdoutLine: {'line': b'-- Up-to-date symlink: /workspace/eYRC_26-27_Hola-The-Explorer/Software/workspace/install/shape_interface/include/shape_interface/shape_interface/srv/detail/pixel_to_world__struct.h\n'}
[0.782875] (shape_interface) StdoutLine: {'line': b'-- Up-to-date symlink: /workspace/eYRC_26-27_Hola-The-Explorer/Software/workspace/install/shape_interface/include/shape_interface/shape_interface/srv/detail/pixel_to_world__type_support.h\n'}
[0.783115] (shape_interface) StdoutLine: {'line': b'-- Up-to-date symlink: /workspace/eYRC_26-27_Hola-The-Explorer/Software/workspace/install/shape_interface/include/shape_interface/shape_interface/srv/get_shape.h\n'}
[0.783582] (shape_interface) StdoutLine: {'line': b'-- Up-to-date symlink: /workspace/eYRC_26-27_Hola-The-Explorer/Software/workspace/install/shape_interface/include/shape_interface/shape_interface/srv/pixel_to_world.h\n'}
[0.783824] (shape_interface) StdoutLine: {'line': b'-- Up-to-date symlink: /workspace/eYRC_26-27_Hola-The-Explorer/Software/workspace/install/shape_interface/share/shape_interface/environment/library_path.sh\n'}
[0.783939] (shape_interface) StdoutLine: {'line': b'-- Up-to-date symlink: /workspace/eYRC_26-27_Hola-The-Explorer/Software/workspace/install/shape_interface/share/shape_interface/environment/library_path.dsv\n'}
[0.784081] (shape_interface) StdoutLine: {'line': b'-- Up-to-date symlink: /workspace/eYRC_26-27_Hola-The-Explorer/Software/workspace/install/shape_interface/include/shape_interface/shape_interface/msg/detail/shape__rosidl_typesupport_fastrtps_c.h\n'}
[0.784177] (shape_interface) StdoutLine: {'line': b'-- Up-to-date symlink: /workspace/eYRC_26-27_Hola-The-Explorer/Software/workspace/install/shape_interface/include/shape_interface/shape_interface/msg/rosidl_typesupport_fastrtps_c__visibility_control.h\n'}
[0.784270] (shape_interface) StdoutLine: {'line': b'-- Up-to-date symlink: /workspace/eYRC_26-27_Hola-The-Explorer/Software/workspace/install/shape_interface/include/shape_interface/shape_interface/srv/detail/get_shape__rosidl_typesupport_fastrtps_c.h\n'}
[0.784358] (shape_interface) StdoutLine: {'line': b'-- Up-to-date symlink: /workspace/eYRC_26-27_Hola-The-Explorer/Software/workspace/install/shape_interface/include/shape_interface/shape_interface/srv/detail/pixel_to_world__rosidl_typesupport_fastrtps_c.h\n'}
[0.784856] (shape_interface) StdoutLine: {'line': b'-- Up-to-date symlink: /workspace/eYRC_26-27_Hola-The-Explorer/Software/workspace/install/shape_interface/include/shape_interface/shape_interface/msg/detail/shape__rosidl_typesupport_introspection_c.h\n'}
[0.785289] (shape_interface) StdoutLine: {'line': b'-- Up-to-date symlink: /workspace/eYRC_26-27_Hola-The-Explorer/Software/workspace/install/shape_interface/include/shape_interface/shape_interface/msg/rosidl_typesupport_introspection_c__visibility_control.h\n'}
[0.785922] (shape_interface) StdoutLine: {'line': b'-- Up-to-date symlink: /workspace/eYRC_26-27_Hola-The-Explorer/Software/workspace/install/shape_interface/include/shape_interface/shape_interface/srv/detail/get_shape__rosidl_typesupport_introspection_c.h\n'}
[0.786070] (shape_interface) StdoutLine: {'line': b'-- Up-to-date symlink: /workspace/eYRC_26-27_Hola-The-Explorer/Software/workspace/install/shape_interface/include/shape_interface/shape_interface/srv/detail/pixel_to_world__rosidl_typesupport_introspection_c.h\n'}
[0.787689] (shape_interface) StdoutLine: {'line': b'-- Up-to-date symlink: /workspace/eYRC_26-27_Hola-The-Explorer/Software/workspace/install/shape_interface/include/shape_interface/shape_interface/msg/detail/shape__builder.hpp\n'}
[0.788424] (shape_interface) StdoutLine: {'line': b'-- Up-to-date symlink: /workspace/eYRC_26-27_Hola-The-Explorer/Software/workspace/install/shape_interface/include/shape_interface/shape_interface/msg/detail/shape__struct.hpp\n'}
[0.788689] (shape_interface) StdoutLine: {'line': b'-- Up-to-date symlink: /workspace/eYRC_26-27_Hola-The-Explorer/Software/workspace/install/shape_interface/include/shape_interface/shape_interface/msg/detail/shape__traits.hpp\n'}
[0.789700] (shape_interface) StdoutLine: {'line': b'-- Up-to-date symlink: /workspace/eYRC_26-27_Hola-The-Explorer/Software/workspace/install/shape_interface/include/shape_interface/shape_interface/msg/detail/shape__type_support.hpp\n'}
[0.790157] (shape_interface) StdoutLine: {'line': b'-- Up-to-date symlink: /workspace/eYRC_26-27_Hola-The-Explorer/Software/workspace/install/shape_interface/include/shape_interface/shape_interface/msg/rosidl_generator_cpp__visibility_control.hpp\n'}
[0.790350] (task_1b) StdoutLine: {'line': b'-- Up-to-date symlink: /workspace/eYRC_26-27_Hola-The-Explorer/Software/workspace/install/task_1b/share/ament_index/resource_index/packages/task_1b\n'}
[0.790464] (shape_interface) StdoutLine: {'line': b'-- Up-to-date symlink: /workspace/eYRC_26-27_Hola-The-Explorer/Software/workspace/install/shape_interface/include/shape_interface/shape_interface/msg/shape.hpp\n'}
[0.790562] (task_1b) StdoutLine: {'line': b'-- Up-to-date symlink: /workspace/eYRC_26-27_Hola-The-Explorer/Software/workspace/install/task_1b/share/task_1b/cmake/task_1bConfig.cmake\n'}
[0.791350] (task_1b) StdoutLine: {'line': b'-- Up-to-date symlink: /workspace/eYRC_26-27_Hola-The-Explorer/Software/workspace/install/task_1b/share/task_1b/cmake/task_1bConfig-version.cmake\n'}
[0.791504] (shape_interface) StdoutLine: {'line': b'-- Up-to-date symlink: /workspace/eYRC_26-27_Hola-The-Explorer/Software/workspace/install/shape_interface/include/shape_interface/shape_interface/srv/detail/get_shape__builder.hpp\n'}
[0.791608] (shape_interface) StdoutLine: {'line': b'-- Up-to-date symlink: /workspace/eYRC_26-27_Hola-The-Explorer/Software/workspace/install/shape_interface/include/shape_interface/shape_interface/srv/detail/get_shape__struct.hpp\n'}
[0.791911] (task_1b) StdoutLine: {'line': b'-- Up-to-date symlink: /workspace/eYRC_26-27_Hola-The-Explorer/Software/workspace/install/task_1b/share/task_1b/package.xml\n'}
[0.792020] (shape_interface) StdoutLine: {'line': b'-- Up-to-date symlink: /workspace/eYRC_26-27_Hola-The-Explorer/Software/workspace/install/shape_interface/include/shape_interface/shape_interface/srv/detail/get_shape__traits.hpp\n'}
[0.792119] (shape_interface) StdoutLine: {'line': b'-- Up-to-date symlink: /workspace/eYRC_26-27_Hola-The-Explorer/Software/workspace/install/shape_interface/include/shape_interface/shape_interface/srv/detail/get_shape__type_support.hpp\n'}
[0.792207] (shape_interface) StdoutLine: {'line': b'-- Up-to-date symlink: /workspace/eYRC_26-27_Hola-The-Explorer/Software/workspace/install/shape_interface/include/shape_interface/shape_interface/srv/detail/pixel_to_world__builder.hpp\n'}
[0.792309] (shape_interface) StdoutLine: {'line': b'-- Up-to-date symlink: /workspace/eYRC_26-27_Hola-The-Explorer/Software/workspace/install/shape_interface/include/shape_interface/shape_interface/srv/detail/pixel_to_world__struct.hpp\n'}
[0.792397] (shape_interface) StdoutLine: {'line': b'-- Up-to-date symlink: /workspace/eYRC_26-27_Hola-The-Explorer/Software/workspace/install/shape_interface/include/shape_interface/shape_interface/srv/detail/pixel_to_world__traits.hpp\n'}
[0.792848] (shape_interface) StdoutLine: {'line': b'-- Up-to-date symlink: /workspace/eYRC_26-27_Hola-The-Explorer/Software/workspace/install/shape_interface/include/shape_interface/shape_interface/srv/detail/pixel_to_world__type_support.hpp\n'}
[0.792961] (shape_interface) StdoutLine: {'line': b'-- Up-to-date symlink: /workspace/eYRC_26-27_Hola-The-Explorer/Software/workspace/install/shape_interface/include/shape_interface/shape_interface/srv/get_shape.hpp\n'}
[0.793304] (shape_interface) StdoutLine: {'line': b'-- Up-to-date symlink: /workspace/eYRC_26-27_Hola-The-Explorer/Software/workspace/install/shape_interface/include/shape_interface/shape_interface/srv/pixel_to_world.hpp\n'}
[0.795446] (shape_interface) StdoutLine: {'line': b'-- Up-to-date symlink: /workspace/eYRC_26-27_Hola-The-Explorer/Software/workspace/install/shape_interface/include/shape_interface/shape_interface/msg/detail/shape__rosidl_typesupport_fastrtps_cpp.hpp\n'}
[0.796345] (shape_interface) StdoutLine: {'line': b'-- Up-to-date symlink: /workspace/eYRC_26-27_Hola-The-Explorer/Software/workspace/install/shape_interface/include/shape_interface/shape_interface/msg/rosidl_typesupport_fastrtps_cpp__visibility_control.h\n'}
[0.796706] (shape_interface) StdoutLine: {'line': b'-- Up-to-date symlink: /workspace/eYRC_26-27_Hola-The-Explorer/Software/workspace/install/shape_interface/include/shape_interface/shape_interface/srv/detail/get_shape__rosidl_typesupport_fastrtps_cpp.hpp\n'}
[0.796953] (shape_interface) StdoutLine: {'line': b'-- Up-to-date symlink: /workspace/eYRC_26-27_Hola-The-Explorer/Software/workspace/install/shape_interface/include/shape_interface/shape_interface/srv/detail/pixel_to_world__rosidl_typesupport_fastrtps_cpp.hpp\n'}
[0.797774] (shape_interface) StdoutLine: {'line': b'-- Up-to-date symlink: /workspace/eYRC_26-27_Hola-The-Explorer/Software/workspace/install/shape_interface/include/shape_interface/shape_interface/msg/detail/shape__rosidl_typesupport_introspection_cpp.hpp\n'}
[0.798422] (shape_interface) StdoutLine: {'line': b'-- Up-to-date symlink: /workspace/eYRC_26-27_Hola-The-Explorer/Software/workspace/install/shape_interface/include/shape_interface/shape_interface/srv/detail/get_shape__rosidl_typesupport_introspection_cpp.hpp\n'}
[0.798670] (shape_interface) StdoutLine: {'line': b'-- Up-to-date symlink: /workspace/eYRC_26-27_Hola-The-Explorer/Software/workspace/install/shape_interface/include/shape_interface/shape_interface/srv/detail/pixel_to_world__rosidl_typesupport_introspection_cpp.hpp\n'}
[0.799120] (shape_interface) StdoutLine: {'line': b'-- Up-to-date symlink: /workspace/eYRC_26-27_Hola-The-Explorer/Software/workspace/install/shape_interface/share/shape_interface/environment/pythonpath.sh\n'}
[0.799517] (-) TimerEvent: {}
[0.799577] (shape_interface) StdoutLine: {'line': b'-- Up-to-date symlink: /workspace/eYRC_26-27_Hola-The-Explorer/Software/workspace/install/shape_interface/share/shape_interface/environment/pythonpath.dsv\n'}
[0.800456] (shape_interface) StdoutLine: {'line': b'-- Up-to-date symlink: /workspace/eYRC_26-27_Hola-The-Explorer/Software/workspace/install/shape_interface/local/lib/python3.10/dist-packages/shape_interface-0.0.0-py3.10.egg-info/PKG-INFO\n'}
[0.800867] (shape_interface) StdoutLine: {'line': b'-- Up-to-date symlink: /workspace/eYRC_26-27_Hola-The-Explorer/Software/workspace/install/shape_interface/local/lib/python3.10/dist-packages/shape_interface-0.0.0-py3.10.egg-info/SOURCES.txt\n'}
[0.801279] (shape_interface) StdoutLine: {'line': b'-- Up-to-date symlink: /workspace/eYRC_26-27_Hola-The-Explorer/Software/workspace/install/shape_interface/local/lib/python3.10/dist-packages/shape_interface-0.0.0-py3.10.egg-info/dependency_links.txt\n'}
[0.801679] (shape_interface) StdoutLine: {'line': b'-- Up-to-date symlink: /workspace/eYRC_26-27_Hola-The-Explorer/Software/workspace/install/shape_interface/local/lib/python3.10/dist-packages/shape_interface-0.0.0-py3.10.egg-info/top_level.txt\n'}
[0.804168] (shape_interface) StdoutLine: {'line': b'-- Up-to-date symlink: /workspace/eYRC_26-27_Hola-The-Explorer/Software/workspace/install/shape_interface/local/lib/python3.10/dist-packages/shape_interface/__init__.py\n'}
[0.804837] (shape_interface) StdoutLine: {'line': b'-- Up-to-date symlink: /workspace/eYRC_26-27_Hola-The-Explorer/Software/workspace/install/shape_interface/local/lib/python3.10/dist-packages/shape_interface/_shape_interface_s.ep.rosidl_typesupport_c.c\n'}
[0.805268] (shape_interface) StdoutLine: {'line': b'-- Up-to-date symlink: /workspace/eYRC_26-27_Hola-The-Explorer/Software/workspace/install/shape_interface/local/lib/python3.10/dist-packages/shape_interface/_shape_interface_s.ep.rosidl_typesupport_fastrtps_c.c\n'}
[0.805804] (shape_interface) StdoutLine: {'line': b'-- Up-to-date symlink: /workspace/eYRC_26-27_Hola-The-Explorer/Software/workspace/install/shape_interface/local/lib/python3.10/dist-packages/shape_interface/_shape_interface_s.ep.rosidl_typesupport_introspection_c.c\n'}
[0.806047] (shape_interface) StdoutLine: {'line': b'-- Up-to-date symlink: /workspace/eYRC_26-27_Hola-The-Explorer/Software/workspace/install/shape_interface/local/lib/python3.10/dist-packages/shape_interface/libshape_interface__rosidl_generator_py.so\n'}
[0.806574] (shape_interface) StdoutLine: {'line': b'-- Up-to-date symlink: /workspace/eYRC_26-27_Hola-The-Explorer/Software/workspace/install/shape_interface/local/lib/python3.10/dist-packages/shape_interface/msg/__init__.py\n'}
[0.806947] (shape_interface) StdoutLine: {'line': b'-- Up-to-date symlink: /workspace/eYRC_26-27_Hola-The-Explorer/Software/workspace/install/shape_interface/local/lib/python3.10/dist-packages/shape_interface/msg/_shape.py\n'}
[0.807339] (shape_interface) StdoutLine: {'line': b'-- Up-to-date symlink: /workspace/eYRC_26-27_Hola-The-Explorer/Software/workspace/install/shape_interface/local/lib/python3.10/dist-packages/shape_interface/msg/_shape_s.c\n'}
[0.807718] (shape_interface) StdoutLine: {'line': b'-- Up-to-date symlink: /workspace/eYRC_26-27_Hola-The-Explorer/Software/workspace/install/shape_interface/local/lib/python3.10/dist-packages/shape_interface/shape_interface_s__rosidl_typesupport_c.cpython-310-x86_64-linux-gnu.so\n'}
[0.807952] (shape_interface) StdoutLine: {'line': b'-- Up-to-date symlink: /workspace/eYRC_26-27_Hola-The-Explorer/Software/workspace/install/shape_interface/local/lib/python3.10/dist-packages/shape_interface/shape_interface_s__rosidl_typesupport_fastrtps_c.cpython-310-x86_64-linux-gnu.so\n'}
[0.808683] (shape_interface) StdoutLine: {'line': b'-- Up-to-date symlink: /workspace/eYRC_26-27_Hola-The-Explorer/Software/workspace/install/shape_interface/local/lib/python3.10/dist-packages/shape_interface/shape_interface_s__rosidl_typesupport_introspection_c.cpython-310-x86_64-linux-gnu.so\n'}
[0.809224] (shape_interface) StdoutLine: {'line': b'-- Up-to-date symlink: /workspace/eYRC_26-27_Hola-The-Explorer/Software/workspace/install/shape_interface/local/lib/python3.10/dist-packages/shape_interface/srv/__init__.py\n'}
[0.809765] (shape_interface) StdoutLine: {'line': b'-- Up-to-date symlink: /workspace/eYRC_26-27_Hola-The-Explorer/Software/workspace/install/shape_interface/local/lib/python3.10/dist-packages/shape_interface/srv/_get_shape.py\n'}
[0.810046] (shape_interface) StdoutLine: {'line': b'-- Up-to-date symlink: /workspace/eYRC_26-27_Hola-The-Explorer/Software/workspace/install/shape_interface/local/lib/python3.10/dist-packages/shape_interface/srv/_get_shape_s.c\n'}
[0.810305] (shape_interface) StdoutLine: {'line': b'-- Up-to-date symlink: /workspace/eYRC_26-27_Hola-The-Explorer/Software/workspace/install/shape_interface/local/lib/python3.10/dist-packages/shape_interface/srv/_pixel_to_world.py\n'}
[0.810556] (shape_interface) StdoutLine: {'line': b'-- Up-to-date symlink: /workspace/eYRC_26-27_Hola-The-Explorer/Software/workspace/install/shape_interface/local/lib/python3.10/dist-packages/shape_interface/srv/_pixel_to_world_s.c\n'}
[0.811259] (shape_interface) StdoutLine: {'line': b'-- Up-to-date symlink: /workspace/eYRC_26-27_Hola-The-Explorer/Software/workspace/install/shape_interface/local/lib/python3.10/dist-packages/shape_interface/shape_interface_s__rosidl_typesupport_fastrtps_c.cpython-310-x86_64-linux-gnu.so\n'}
[0.811478] (shape_interface) StdoutLine: {'line': b'-- Up-to-date symlink: /workspace/eYRC_26-27_Hola-The-Explorer/Software/workspace/install/shape_interface/local/lib/python3.10/dist-packages/shape_interface/shape_interface_s__rosidl_typesupport_introspection_c.cpython-310-x86_64-linux-gnu.so\n'}
[0.811903] (shape_interface) StdoutLine: {'line': b'-- Up-to-date symlink: /workspace/eYRC_26-27_Hola-The-Explorer/Software/workspace/install/shape_interface/local/lib/python3.10/dist-packages/shape_interface/shape_interface_s__rosidl_typesupport_c.cpython-310-x86_64-linux-gnu.so\n'}
[0.812331] (shape_interface) StdoutLine: {'line': b'-- Up-to-date symlink: /workspace/eYRC_26-27_Hola-The-Explorer/Software/workspace/install/shape_interface/share/ament_index/resource_index/rust_packages/shape_interface\n'}
[0.813605] (shape_interface) StdoutLine: {'line': b'-- Up-to-date symlink: /workspace/eYRC_26-27_Hola-The-Explorer/Software/workspace/install/shape_interface/share/shape_interface/rust/Cargo.toml\n'}
[0.814046] (shape_interface) StdoutLine: {'line': b'-- Up-to-date symlink: /workspace/eYRC_26-27_Hola-The-Explorer/Software/workspace/install/shape_interface/share/shape_interface/rust/build.rs\n'}
[0.814451] (shape_interface) StdoutLine: {'line': b'-- Up-to-date symlink: /workspace/eYRC_26-27_Hola-The-Explorer/Software/workspace/install/shape_interface/share/shape_interface/rust/src/lib.rs\n'}
[0.814832] (shape_interface) StdoutLine: {'line': b'-- Up-to-date symlink: /workspace/eYRC_26-27_Hola-The-Explorer/Software/workspace/install/shape_interface/share/shape_interface/rust/src/msg.rs\n'}
[0.815229] (shape_interface) StdoutLine: {'line': b'-- Up-to-date symlink: /workspace/eYRC_26-27_Hola-The-Explorer/Software/workspace/install/shape_interface/share/shape_interface/rust/src/msg/rmw.rs\n'}
[0.815608] (shape_interface) StdoutLine: {'line': b'-- Up-to-date symlink: /workspace/eYRC_26-27_Hola-The-Explorer/Software/workspace/install/shape_interface/share/shape_interface/rust/src/srv.rs\n'}
[0.816006] (shape_interface) StdoutLine: {'line': b'-- Up-to-date symlink: /workspace/eYRC_26-27_Hola-The-Explorer/Software/workspace/install/shape_interface/share/shape_interface/rust/src/srv/rmw.rs\n'}
[0.816411] (shape_interface) StdoutLine: {'line': b'-- Up-to-date symlink: /workspace/eYRC_26-27_Hola-The-Explorer/Software/workspace/install/shape_interface/share/shape_interface/srv/GetShape.idl\n'}
[0.816808] (shape_interface) StdoutLine: {'line': b'-- Up-to-date symlink: /workspace/eYRC_26-27_Hola-The-Explorer/Software/workspace/install/shape_interface/share/shape_interface/srv/PixelToWorld.idl\n'}
[0.817309] (shape_interface) StdoutLine: {'line': b'-- Up-to-date symlink: /workspace/eYRC_26-27_Hola-The-Explorer/Software/workspace/install/shape_interface/share/shape_interface/msg/Shape.idl\n'}
[0.817771] (shape_interface) StdoutLine: {'line': b'-- Up-to-date symlink: /workspace/eYRC_26-27_Hola-The-Explorer/Software/workspace/install/shape_interface/share/shape_interface/srv/GetShape.srv\n'}
[0.818261] (shape_interface) StdoutLine: {'line': b'-- Up-to-date symlink: /workspace/eYRC_26-27_Hola-The-Explorer/Software/workspace/install/shape_interface/share/shape_interface/srv/GetShape_Request.msg\n'}
[0.818728] (shape_interface) StdoutLine: {'line': b'-- Up-to-date symlink: /workspace/eYRC_26-27_Hola-The-Explorer/Software/workspace/install/shape_interface/share/shape_interface/srv/GetShape_Response.msg\n'}
[0.819208] (shape_interface) StdoutLine: {'line': b'-- Up-to-date symlink: /workspace/eYRC_26-27_Hola-The-Explorer/Software/workspace/install/shape_interface/share/shape_interface/srv/PixelToWorld.srv\n'}
[0.819667] (shape_interface) StdoutLine: {'line': b'-- Up-to-date symlink: /workspace/eYRC_26-27_Hola-The-Explorer/Software/workspace/install/shape_interface/share/shape_interface/srv/PixelToWorld_Request.msg\n'}
[0.820138] (shape_interface) StdoutLine: {'line': b'-- Up-to-date symlink: /workspace/eYRC_26-27_Hola-The-Explorer/Software/workspace/install/shape_interface/share/shape_interface/srv/PixelToWorld_Response.msg\n'}
[0.820603] (shape_interface) StdoutLine: {'line': b'-- Up-to-date symlink: /workspace/eYRC_26-27_Hola-The-Explorer/Software/workspace/install/shape_interface/share/shape_interface/msg/Shape.msg\n'}
[0.821123] (shape_interface) StdoutLine: {'line': b'-- Up-to-date symlink: /workspace/eYRC_26-27_Hola-The-Explorer/Software/workspace/install/shape_interface/share/ament_index/resource_index/package_run_dependencies/shape_interface\n'}
[0.821619] (shape_interface) StdoutLine: {'line': b'-- Up-to-date symlink: /workspace/eYRC_26-27_Hola-The-Explorer/Software/workspace/install/shape_interface/share/ament_index/resource_index/parent_prefix_path/shape_interface\n'}
[0.822190] (shape_interface) StdoutLine: {'line': b'-- Up-to-date symlink: /workspace/eYRC_26-27_Hola-The-Explorer/Software/workspace/install/shape_interface/share/shape_interface/environment/ament_prefix_path.sh\n'}
[0.822734] (shape_interface) StdoutLine: {'line': b'-- Up-to-date symlink: /workspace/eYRC_26-27_Hola-The-Explorer/Software/workspace/install/shape_interface/share/shape_interface/environment/ament_prefix_path.dsv\n'}
[0.823265] (shape_interface) StdoutLine: {'line': b'-- Up-to-date symlink: /workspace/eYRC_26-27_Hola-The-Explorer/Software/workspace/install/shape_interface/share/shape_interface/environment/path.sh\n'}
[0.823764] (shape_interface) StdoutLine: {'line': b'-- Up-to-date symlink: /workspace/eYRC_26-27_Hola-The-Explorer/Software/workspace/install/shape_interface/share/shape_interface/environment/path.dsv\n'}
[0.824238] (shape_interface) StdoutLine: {'line': b'-- Up-to-date symlink: /workspace/eYRC_26-27_Hola-The-Explorer/Software/workspace/install/shape_interface/share/shape_interface/local_setup.bash\n'}
[0.824648] (shape_interface) StdoutLine: {'line': b'-- Up-to-date symlink: /workspace/eYRC_26-27_Hola-The-Explorer/Software/workspace/install/shape_interface/share/shape_interface/local_setup.sh\n'}
[0.825054] (shape_interface) StdoutLine: {'line': b'-- Up-to-date symlink: /workspace/eYRC_26-27_Hola-The-Explorer/Software/workspace/install/shape_interface/share/shape_interface/local_setup.zsh\n'}
[0.825453] (shape_interface) StdoutLine: {'line': b'-- Up-to-date symlink: /workspace/eYRC_26-27_Hola-The-Explorer/Software/workspace/install/shape_interface/share/shape_interface/local_setup.dsv\n'}
[0.825837] (shape_interface) StdoutLine: {'line': b'-- Symlinking: /workspace/eYRC_26-27_Hola-The-Explorer/Software/workspace/install/shape_interface/share/shape_interface/package.dsv\n'}
[0.851605] (shape_interface) StdoutLine: {'line': b'-- Up-to-date symlink: /workspace/eYRC_26-27_Hola-The-Explorer/Software/workspace/install/shape_interface/share/ament_index/resource_index/packages/shape_interface\n'}
[0.852381] (shape_interface) StdoutLine: {'line': b'-- Up-to-date symlink: /workspace/eYRC_26-27_Hola-The-Explorer/Software/workspace/install/shape_interface/share/shape_interface/cmake/rosidl_cmake-extras.cmake\n'}
[0.852998] (shape_interface) StdoutLine: {'line': b'-- Up-to-date symlink: /workspace/eYRC_26-27_Hola-The-Explorer/Software/workspace/install/shape_interface/share/shape_interface/cmake/ament_cmake_export_include_directories-extras.cmake\n'}
[0.853279] (shape_interface) StdoutLine: {'line': b'-- Up-to-date symlink: /workspace/eYRC_26-27_Hola-The-Explorer/Software/workspace/install/shape_interface/share/shape_interface/cmake/ament_cmake_export_libraries-extras.cmake\n'}
[0.854094] (shape_interface) StdoutLine: {'line': b'-- Up-to-date symlink: /workspace/eYRC_26-27_Hola-The-Explorer/Software/workspace/install/shape_interface/share/shape_interface/cmake/ament_cmake_export_targets-extras.cmake\n'}
[0.854611] (shape_interface) StdoutLine: {'line': b'-- Up-to-date symlink: /workspace/eYRC_26-27_Hola-The-Explorer/Software/workspace/install/shape_interface/share/shape_interface/cmake/rosidl_cmake_export_typesupport_targets-extras.cmake\n'}
[0.854850] (task_1b) StdoutLine: {'line': b"Listing '/workspace/eYRC_26-27_Hola-The-Explorer/Software/workspace/install/task_1b/local/lib/python3.10/dist-packages/task_1b'...\n"}
[0.855497] (shape_interface) StdoutLine: {'line': b'-- Up-to-date symlink: /workspace/eYRC_26-27_Hola-The-Explorer/Software/workspace/install/shape_interface/share/shape_interface/cmake/ament_cmake_export_dependencies-extras.cmake\n'}
[0.855887] (shape_interface) StdoutLine: {'line': b'-- Up-to-date symlink: /workspace/eYRC_26-27_Hola-The-Explorer/Software/workspace/install/shape_interface/share/shape_interface/cmake/rosidl_cmake_export_typesupport_libraries-extras.cmake\n'}
[0.856139] (shape_interface) StdoutLine: {'line': b'-- Up-to-date symlink: /workspace/eYRC_26-27_Hola-The-Explorer/Software/workspace/install/shape_interface/share/shape_interface/cmake/rosidl_cmake_aggregate_target-extras.cmake\n'}
[0.856757] (shape_interface) StdoutLine: {'line': b'-- Up-to-date symlink: /workspace/eYRC_26-27_Hola-The-Explorer/Software/workspace/install/shape_interface/share/shape_interface/cmake/shape_interfaceConfig.cmake\n'}
[0.856975] (shape_interface) StdoutLine: {'line': b'-- Up-to-date symlink: /workspace/eYRC_26-27_Hola-The-Explorer/Software/workspace/install/shape_interface/share/shape_interface/cmake/shape_interfaceConfig-version.cmake\n'}
[0.857210] (shape_interface) StdoutLine: {'line': b'-- Up-to-date symlink: /workspace/eYRC_26-27_Hola-The-Explorer/Software/workspace/install/shape_interface/share/shape_interface/package.xml\n'}
[0.857696] (shape_interface) StdoutLine: {'line': b'-- Up-to-date: /workspace/eYRC_26-27_Hola-The-Explorer/Software/workspace/install/shape_interface/lib/libshape_interface__rosidl_generator_c.so\n'}
[0.858494] (shape_interface) StdoutLine: {'line': b'-- Up-to-date: /workspace/eYRC_26-27_Hola-The-Explorer/Software/workspace/install/shape_interface/lib/libshape_interface__rosidl_typesupport_fastrtps_c.so\n'}
[0.859481] (shape_interface) StdoutLine: {'line': b'-- Up-to-date: /workspace/eYRC_26-27_Hola-The-Explorer/Software/workspace/install/shape_interface/lib/libshape_interface__rosidl_typesupport_introspection_c.so\n'}
[0.860266] (shape_interface) StdoutLine: {'line': b'-- Up-to-date: /workspace/eYRC_26-27_Hola-The-Explorer/Software/workspace/install/shape_interface/lib/libshape_interface__rosidl_typesupport_c.so\n'}
[0.861080] (shape_interface) StdoutLine: {'line': b'-- Up-to-date: /workspace/eYRC_26-27_Hola-The-Explorer/Software/workspace/install/shape_interface/lib/libshape_interface__rosidl_typesupport_fastrtps_cpp.so\n'}
[0.862129] (shape_interface) StdoutLine: {'line': b'-- Up-to-date: /workspace/eYRC_26-27_Hola-The-Explorer/Software/workspace/install/shape_interface/lib/libshape_interface__rosidl_typesupport_introspection_cpp.so\n'}
[0.862966] (shape_interface) StdoutLine: {'line': b'-- Up-to-date: /workspace/eYRC_26-27_Hola-The-Explorer/Software/workspace/install/shape_interface/lib/libshape_interface__rosidl_typesupport_cpp.so\n'}
[0.863104] (task_1b) StdoutLine: {'line': b'-- Up-to-date: /workspace/eYRC_26-27_Hola-The-Explorer/Software/workspace/install/task_1b/lib/task_1b/inverse_kinematics\n'}
[0.868802] (task_1b) CommandEnded: {'returncode': 0}
[0.900238] (-) TimerEvent: {}
[0.939669] (task_1b) JobEnded: {'identifier': 'task_1b', 'rc': 0}
[0.940408] (shape_interface) StdoutLine: {'line': b"Listing '/workspace/eYRC_26-27_Hola-The-Explorer/Software/workspace/install/shape_interface/local/lib/python3.10/dist-packages/shape_interface'...\n"}
[0.940566] (shape_interface) StdoutLine: {'line': b"Listing '/workspace/eYRC_26-27_Hola-The-Explorer/Software/workspace/install/shape_interface/local/lib/python3.10/dist-packages/shape_interface/msg'...\n"}
[0.940663] (shape_interface) StdoutLine: {'line': b"Listing '/workspace/eYRC_26-27_Hola-The-Explorer/Software/workspace/install/shape_interface/local/lib/python3.10/dist-packages/shape_interface/srv'...\n"}
[0.946647] (shape_interface) StdoutLine: {'line': b'-- Up-to-date: /workspace/eYRC_26-27_Hola-The-Explorer/Software/workspace/install/shape_interface/lib/libshape_interface__rosidl_generator_py.so\n'}
[0.947590] (shape_interface) StdoutLine: {'line': b'-- Up-to-date: /workspace/eYRC_26-27_Hola-The-Explorer/Software/workspace/install/shape_interface/share/shape_interface/cmake/export_shape_interface__rosidl_generator_cExport.cmake\n'}
[0.948255] (shape_interface) StdoutLine: {'line': b'-- Up-to-date: /workspace/eYRC_26-27_Hola-The-Explorer/Software/workspace/install/shape_interface/share/shape_interface/cmake/export_shape_interface__rosidl_generator_cExport-noconfig.cmake\n'}
[0.948566] (shape_interface) StdoutLine: {'line': b'-- Up-to-date: /workspace/eYRC_26-27_Hola-The-Explorer/Software/workspace/install/shape_interface/share/shape_interface/cmake/export_shape_interface__rosidl_typesupport_fastrtps_cExport.cmake\n'}
[0.948791] (shape_interface) StdoutLine: {'line': b'-- Up-to-date: /workspace/eYRC_26-27_Hola-The-Explorer/Software/workspace/install/shape_interface/share/shape_interface/cmake/export_shape_interface__rosidl_typesupport_fastrtps_cExport-noconfig.cmake\n'}
[0.949034] (shape_interface) StdoutLine: {'line': b'-- Up-to-date: /workspace/eYRC_26-27_Hola-The-Explorer/Software/workspace/install/shape_interface/share/shape_interface/cmake/shape_interface__rosidl_typesupport_introspection_cExport.cmake\n'}
[0.949316] (shape_interface) StdoutLine: {'line': b'-- Up-to-date: /workspace/eYRC_26-27_Hola-The-Explorer/Software/workspace/install/shape_interface/share/shape_interface/cmake/shape_interface__rosidl_typesupport_introspection_cExport-noconfig.cmake\n'}
[0.949552] (shape_interface) StdoutLine: {'line': b'-- Up-to-date: /workspace/eYRC_26-27_Hola-The-Explorer/Software/workspace/install/shape_interface/share/shape_interface/cmake/shape_interface__rosidl_typesupport_cExport.cmake\n'}
[0.949769] (shape_interface) StdoutLine: {'line': b'-- Up-to-date: /workspace/eYRC_26-27_Hola-The-Explorer/Software/workspace/install/shape_interface/share/shape_interface/cmake/shape_interface__rosidl_typesupport_cExport-noconfig.cmake\n'}
[0.950004] (shape_interface) StdoutLine: {'line': b'-- Up-to-date: /workspace/eYRC_26-27_Hola-The-Explorer/Software/workspace/install/shape_interface/share/shape_interface/cmake/export_shape_interface__rosidl_generator_cppExport.cmake\n'}
[0.950256] (shape_interface) StdoutLine: {'line': b'-- Up-to-date: /workspace/eYRC_26-27_Hola-The-Explorer/Software/workspace/install/shape_interface/share/shape_interface/cmake/export_shape_interface__rosidl_typesupport_fastrtps_cppExport.cmake\n'}
[0.950489] (shape_interface) StdoutLine: {'line': b'-- Up-to-date: /workspace/eYRC_26-27_Hola-The-Explorer/Software/workspace/install/shape_interface/share/shape_interface/cmake/export_shape_interface__rosidl_typesupport_fastrtps_cppExport-noconfig.cmake\n'}
[0.950723] (shape_interface) StdoutLine: {'line': b'-- Up-to-date: /workspace/eYRC_26-27_Hola-The-Explorer/Software/workspace/install/shape_interface/share/shape_interface/cmake/shape_interface__rosidl_typesupport_introspection_cppExport.cmake\n'}
[0.951724] (shape_interface) StdoutLine: {'line': b'-- Up-to-date: /workspace/eYRC_26-27_Hola-The-Explorer/Software/workspace/install/shape_interface/share/shape_interface/cmake/shape_interface__rosidl_typesupport_introspection_cppExport-noconfig.cmake\n'}
[0.951893] (shape_interface) StdoutLine: {'line': b'-- Up-to-date: /workspace/eYRC_26-27_Hola-The-Explorer/Software/workspace/install/shape_interface/share/shape_interface/cmake/shape_interface__rosidl_typesupport_cppExport.cmake\n'}
[0.952005] (shape_interface) StdoutLine: {'line': b'-- Up-to-date: /workspace/eYRC_26-27_Hola-The-Explorer/Software/workspace/install/shape_interface/share/shape_interface/cmake/shape_interface__rosidl_typesupport_cppExport-noconfig.cmake\n'}
[0.952418] (shape_interface) StdoutLine: {'line': b'-- Up-to-date: /workspace/eYRC_26-27_Hola-The-Explorer/Software/workspace/install/shape_interface/share/shape_interface/cmake/export_shape_interface__rosidl_generator_pyExport.cmake\n'}
[0.952562] (shape_interface) StdoutLine: {'line': b'-- Up-to-date: /workspace/eYRC_26-27_Hola-The-Explorer/Software/workspace/install/shape_interface/share/shape_interface/cmake/export_shape_interface__rosidl_generator_pyExport-noconfig.cmake\n'}
[0.953489] (shape_interface) CommandEnded: {'returncode': 0}
[1.000321] (shape_interface) JobEnded: {'identifier': 'shape_interface', 'rc': 0}
[1.002643] (-) TimerEvent: {}
[1.002758] (task_1a) JobStarted: {'identifier': 'task_1a'}
[1.009025] (task_1c) JobStarted: {'identifier': 'task_1c'}
[1.021468] (task_1a) JobProgress: {'identifier': 'task_1a', 'progress': 'cmake'}
[1.023080] (task_1a) JobProgress: {'identifier': 'task_1a', 'progress': 'build'}
[1.023251] (task_1a) Command: {'cmd': ['/usr/bin/cmake', '--build', '/workspace/eYRC_26-27_Hola-The-Explorer/Software/workspace/build/task_1a', '--', '-j12', '-l12'], 'cwd': '/workspace/eYRC_26-27_Hola-The-Explorer/Software/workspace/build/task_1a', 'env': OrderedDict([('HOSTNAME', '241f24d43114'), ('SHLVL', '0'), ('LD_LIBRARY_PATH', '/workspace/eYRC_26-27_Hola-The-Explorer/Software/workspace/install/shape_interface/lib:/opt/ros/humble/opt/rviz_ogre_vendor/lib:/opt/ros/humble/lib/x86_64-linux-gnu:/opt/ros/humble/lib'), ('HOME', '/root'), ('ROS_PYTHON_VERSION', '3'), ('ROS_DISTRO', 'humble'), ('_', '/usr/bin/colcon'), ('ROS_VERSION', '2'), ('ROS_LOCALHOST_ONLY', '0'), ('PATH', '/opt/ros/humble/bin:/usr/local/sbin:/usr/local/bin:/usr/sbin:/usr/bin:/sbin:/bin'), ('LANG', 'C.UTF-8'), ('AMENT_PREFIX_PATH', '/workspace/eYRC_26-27_Hola-The-Explorer/Software/workspace/install/shape_interface:/opt/ros/humble'), ('DEBIAN_FRONTEND', 'noninteractive'), ('PWD', '/workspace/eYRC_26-27_Hola-The-Explorer/Software/workspace/build/task_1a'), ('LC_ALL', 'C.UTF-8'), ('PYTHONPATH', '/workspace/eYRC_26-27_Hola-The-Explorer/Software/workspace/install/shape_interface/local/lib/python3.10/dist-packages:/opt/ros/humble/lib/python3.10/site-packages:/opt/ros/humble/local/lib/python3.10/dist-packages'), ('COLCON', '1'), ('CMAKE_PREFIX_PATH', '/workspace/eYRC_26-27_Hola-The-Explorer/Software/workspace/install/shape_interface:/opt/ros/humble')]), 'shell': False}
[1.034903] (task_1c) JobProgress: {'identifier': 'task_1c', 'progress': 'cmake'}
[1.037731] (task_1c) JobProgress: {'identifier': 'task_1c', 'progress': 'build'}
[1.037932] (task_1c) Command: {'cmd': ['/usr/bin/cmake', '--build', '/workspace/eYRC_26-27_Hola-The-Explorer/Software/workspace/build/task_1c', '--', '-j12', '-l12'], 'cwd': '/workspace/eYRC_26-27_Hola-The-Explorer/Software/workspace/build/task_1c', 'env': OrderedDict([('HOSTNAME', '241f24d43114'), ('SHLVL', '0'), ('LD_LIBRARY_PATH', '/workspace/eYRC_26-27_Hola-The-Explorer/Software/workspace/install/shape_interface/lib:/opt/ros/humble/opt/rviz_ogre_vendor/lib:/opt/ros/humble/lib/x86_64-linux-gnu:/opt/ros/humble/lib'), ('HOME', '/root'), ('ROS_PYTHON_VERSION', '3'), ('ROS_DISTRO', 'humble'), ('_', '/usr/bin/colcon'), ('ROS_VERSION', '2'), ('ROS_LOCALHOST_ONLY', '0'), ('PATH', '/opt/ros/humble/bin:/usr/local/sbin:/usr/local/bin:/usr/sbin:/usr/bin:/sbin:/bin'), ('LANG', 'C.UTF-8'), ('AMENT_PREFIX_PATH', '/workspace/eYRC_26-27_Hola-The-Explorer/Software/workspace/install/shape_interface:/opt/ros/humble'), ('DEBIAN_FRONTEND', 'noninteractive'), ('PWD', '/workspace/eYRC_26-27_Hola-The-Explorer/Software/workspace/build/task_1c'), ('LC_ALL', 'C.UTF-8'), ('PYTHONPATH', '/workspace/eYRC_26-27_Hola-The-Explorer/Software/workspace/install/shape_interface/local/lib/python3.10/dist-packages:/opt/ros/humble/lib/python3.10/site-packages:/opt/ros/humble/local/lib/python3.10/dist-packages'), ('COLCON', '1'), ('CMAKE_PREFIX_PATH', '/workspace/eYRC_26-27_Hola-The-Explorer/Software/workspace/install/shape_interface:/opt/ros/humble')]), 'shell': False}
[1.102901] (-) TimerEvent: {}
[1.135416] (task_1c) CommandEnded: {'returncode': 0}
[1.138005] (task_1c) JobProgress: {'identifier': 'task_1c', 'progress': 'install'}
[1.139069] (task_1c) Command: {'cmd': ['/usr/bin/cmake', '--install', '/workspace/eYRC_26-27_Hola-The-Explorer/Software/workspace/build/task_1c'], 'cwd': '/workspace/eYRC_26-27_Hola-The-Explorer/Software/workspace/build/task_1c', 'env': OrderedDict([('HOSTNAME', '241f24d43114'), ('SHLVL', '0'), ('LD_LIBRARY_PATH', '/workspace/eYRC_26-27_Hola-The-Explorer/Software/workspace/install/shape_interface/lib:/opt/ros/humble/opt/rviz_ogre_vendor/lib:/opt/ros/humble/lib/x86_64-linux-gnu:/opt/ros/humble/lib'), ('HOME', '/root'), ('ROS_PYTHON_VERSION', '3'), ('ROS_DISTRO', 'humble'), ('_', '/usr/bin/colcon'), ('ROS_VERSION', '2'), ('ROS_LOCALHOST_ONLY', '0'), ('PATH', '/opt/ros/humble/bin:/usr/local/sbin:/usr/local/bin:/usr/sbin:/usr/bin:/sbin:/bin'), ('LANG', 'C.UTF-8'), ('AMENT_PREFIX_PATH', '/workspace/eYRC_26-27_Hola-The-Explorer/Software/workspace/install/shape_interface:/opt/ros/humble'), ('DEBIAN_FRONTEND', 'noninteractive'), ('PWD', '/workspace/eYRC_26-27_Hola-The-Explorer/Software/workspace/build/task_1c'), ('LC_ALL', 'C.UTF-8'), ('PYTHONPATH', '/workspace/eYRC_26-27_Hola-The-Explorer/Software/workspace/install/shape_interface/local/lib/python3.10/dist-packages:/opt/ros/humble/lib/python3.10/site-packages:/opt/ros/humble/local/lib/python3.10/dist-packages'), ('COLCON', '1'), ('CMAKE_PREFIX_PATH', '/workspace/eYRC_26-27_Hola-The-Explorer/Software/workspace/install/shape_interface:/opt/ros/humble')]), 'shell': False}
[1.150830] (task_1c) StdoutLine: {'line': b'-- Install configuration: ""\n'}
[1.151784] (task_1c) StdoutLine: {'line': b'-- Execute custom install script\n'}
[1.152587] (task_1c) StdoutLine: {'line': b'-- Up-to-date symlink: /workspace/eYRC_26-27_Hola-The-Explorer/Software/workspace/install/task_1c/lib/task_1c/shape_service\n'}
[1.153373] (task_1c) StdoutLine: {'line': b'-- Up-to-date symlink: /workspace/eYRC_26-27_Hola-The-Explorer/Software/workspace/install/task_1c/share/ament_index/resource_index/package_run_dependencies/task_1c\n'}
[1.153602] (task_1c) StdoutLine: {'line': b'-- Up-to-date symlink: /workspace/eYRC_26-27_Hola-The-Explorer/Software/workspace/install/task_1c/share/ament_index/resource_index/parent_prefix_path/task_1c\n'}
[1.153714] (task_1c) StdoutLine: {'line': b'-- Up-to-date symlink: /workspace/eYRC_26-27_Hola-The-Explorer/Software/workspace/install/task_1c/share/task_1c/environment/ament_prefix_path.sh\n'}
[1.153809] (task_1c) StdoutLine: {'line': b'-- Up-to-date symlink: /workspace/eYRC_26-27_Hola-The-Explorer/Software/workspace/install/task_1c/share/task_1c/environment/ament_prefix_path.dsv\n'}
[1.153894] (task_1c) StdoutLine: {'line': b'-- Up-to-date symlink: /workspace/eYRC_26-27_Hola-The-Explorer/Software/workspace/install/task_1c/share/task_1c/environment/path.sh\n'}
[1.154331] (task_1c) StdoutLine: {'line': b'-- Up-to-date symlink: /workspace/eYRC_26-27_Hola-The-Explorer/Software/workspace/install/task_1c/share/task_1c/environment/path.dsv\n'}
[1.154433] (task_1c) StdoutLine: {'line': b'-- Up-to-date symlink: /workspace/eYRC_26-27_Hola-The-Explorer/Software/workspace/install/task_1c/share/task_1c/local_setup.bash\n'}
[1.154516] (task_1c) StdoutLine: {'line': b'-- Up-to-date symlink: /workspace/eYRC_26-27_Hola-The-Explorer/Software/workspace/install/task_1c/share/task_1c/local_setup.sh\n'}
[1.154602] (task_1c) StdoutLine: {'line': b'-- Up-to-date symlink: /workspace/eYRC_26-27_Hola-The-Explorer/Software/workspace/install/task_1c/share/task_1c/local_setup.zsh\n'}
[1.154892] (task_1c) StdoutLine: {'line': b'-- Up-to-date symlink: /workspace/eYRC_26-27_Hola-The-Explorer/Software/workspace/install/task_1c/share/task_1c/local_setup.dsv\n'}
[1.154973] (task_1c) StdoutLine: {'line': b'-- Symlinking: /workspace/eYRC_26-27_Hola-The-Explorer/Software/workspace/install/task_1c/share/task_1c/package.dsv\n'}
[1.158290] (task_1a) StdoutLine: {'line': b'Built target ament_cmake_python_symlink_task_1a\n'}
[1.169586] (task_1c) StdoutLine: {'line': b'-- Up-to-date symlink: /workspace/eYRC_26-27_Hola-The-Explorer/Software/workspace/install/task_1c/share/ament_index/resource_index/packages/task_1c\n'}
[1.170084] (task_1c) StdoutLine: {'line': b'-- Up-to-date symlink: /workspace/eYRC_26-27_Hola-The-Explorer/Software/workspace/install/task_1c/share/task_1c/cmake/task_1cConfig.cmake\n'}
[1.170344] (task_1c) StdoutLine: {'line': b'-- Up-to-date symlink: /workspace/eYRC_26-27_Hola-The-Explorer/Software/workspace/install/task_1c/share/task_1c/cmake/task_1cConfig-version.cmake\n'}
[1.170563] (task_1c) StdoutLine: {'line': b'-- Up-to-date symlink: /workspace/eYRC_26-27_Hola-The-Explorer/Software/workspace/install/task_1c/share/task_1c/package.xml\n'}
[1.170770] (task_1c) StdoutLine: {'line': b'-- Up-to-date: /workspace/eYRC_26-27_Hola-The-Explorer/Software/workspace/install/task_1c/lib/task_1c/sim_control\n'}
[1.172631] (task_1c) CommandEnded: {'returncode': 0}
[1.198239] (task_1c) JobEnded: {'identifier': 'task_1c', 'rc': 0}
[1.203159] (-) TimerEvent: {}
[1.303470] (-) TimerEvent: {}
[1.403906] (-) TimerEvent: {}
[1.504322] (-) TimerEvent: {}
[1.582708] (task_1a) StdoutLine: {'line': b'running egg_info\n'}
[1.584066] (task_1a) StdoutLine: {'line': b'writing task_1a.egg-info/PKG-INFO\n'}
[1.584794] (task_1a) StdoutLine: {'line': b'writing dependency_links to task_1a.egg-info/dependency_links.txt\n'}
[1.585242] (task_1a) StdoutLine: {'line': b'writing top-level names to task_1a.egg-info/top_level.txt\n'}
[1.588665] (task_1a) StdoutLine: {'line': b"reading manifest file 'task_1a.egg-info/SOURCES.txt'\n"}
[1.589711] (task_1a) StdoutLine: {'line': b"writing manifest file 'task_1a.egg-info/SOURCES.txt'\n"}
[1.604479] (-) TimerEvent: {}
[1.639171] (task_1a) StdoutLine: {'line': b'Built target ament_cmake_python_build_task_1a_egg\n'}
[1.666355] (task_1a) CommandEnded: {'returncode': 0}
[1.668036] (task_1a) JobProgress: {'identifier': 'task_1a', 'progress': 'install'}
[1.668682] (task_1a) Command: {'cmd': ['/usr/bin/cmake', '--install', '/workspace/eYRC_26-27_Hola-The-Explorer/Software/workspace/build/task_1a'], 'cwd': '/workspace/eYRC_26-27_Hola-The-Explorer/Software/workspace/build/task_1a', 'env': OrderedDict([('HOSTNAME', '241f24d43114'), ('SHLVL', '0'), ('LD_LIBRARY_PATH', '/workspace/eYRC_26-27_Hola-The-Explorer/Software/workspace/install/shape_interface/lib:/opt/ros/humble/opt/rviz_ogre_vendor/lib:/opt/ros/humble/lib/x86_64-linux-gnu:/opt/ros/humble/lib'), ('HOME', '/root'), ('ROS_PYTHON_VERSION', '3'), ('ROS_DISTRO', 'humble'), ('_', '/usr/bin/colcon'), ('ROS_VERSION', '2'), ('ROS_LOCALHOST_ONLY', '0'), ('PATH', '/opt/ros/humble/bin:/usr/local/sbin:/usr/local/bin:/usr/sbin:/usr/bin:/sbin:/bin'), ('LANG', 'C.UTF-8'), ('AMENT_PREFIX_PATH', '/workspace/eYRC_26-27_Hola-The-Explorer/Software/workspace/install/shape_interface:/opt/ros/humble'), ('DEBIAN_FRONTEND', 'noninteractive'), ('PWD', '/workspace/eYRC_26-27_Hola-The-Explorer/Software/workspace/build/task_1a'), ('LC_ALL', 'C.UTF-8'), ('PYTHONPATH', '/workspace/eYRC_26-27_Hola-The-Explorer/Software/workspace/install/shape_interface/local/lib/python3.10/dist-packages:/opt/ros/humble/lib/python3.10/site-packages:/opt/ros/humble/local/lib/python3.10/dist-packages'), ('COLCON', '1'), ('CMAKE_PREFIX_PATH', '/workspace/eYRC_26-27_Hola-The-Explorer/Software/workspace/install/shape_interface:/opt/ros/humble')]), 'shell': False}
[1.687514] (task_1a) StdoutLine: {'line': b'-- Install configuration: ""\n'}
[1.688783] (task_1a) StdoutLine: {'line': b'-- Execute custom install script\n'}
[1.689356] (task_1a) StdoutLine: {'line': b'-- Up-to-date symlink: /workspace/eYRC_26-27_Hola-The-Explorer/Software/workspace/install/task_1a/lib/task_1a/pixel_to_world_service\n'}
[1.690363] (task_1a) StdoutLine: {'line': b'-- Up-to-date symlink: /workspace/eYRC_26-27_Hola-The-Explorer/Software/workspace/install/task_1a/share/task_1a/environment/pythonpath.sh\n'}
[1.690602] (task_1a) StdoutLine: {'line': b'-- Up-to-date symlink: /workspace/eYRC_26-27_Hola-The-Explorer/Software/workspace/install/task_1a/share/task_1a/environment/pythonpath.dsv\n'}
[1.690814] (task_1a) StdoutLine: {'line': b'-- Up-to-date symlink: /workspace/eYRC_26-27_Hola-The-Explorer/Software/workspace/install/task_1a/local/lib/python3.10/dist-packages/task_1a-0.0.1-py3.10.egg-info/PKG-INFO\n'}
[1.691527] (task_1a) StdoutLine: {'line': b'-- Up-to-date symlink: /workspace/eYRC_26-27_Hola-The-Explorer/Software/workspace/install/task_1a/local/lib/python3.10/dist-packages/task_1a-0.0.1-py3.10.egg-info/SOURCES.txt\n'}
[1.692238] (task_1a) StdoutLine: {'line': b'-- Up-to-date symlink: /workspace/eYRC_26-27_Hola-The-Explorer/Software/workspace/install/task_1a/local/lib/python3.10/dist-packages/task_1a-0.0.1-py3.10.egg-info/dependency_links.txt\n'}
[1.692892] (task_1a) StdoutLine: {'line': b'-- Up-to-date symlink: /workspace/eYRC_26-27_Hola-The-Explorer/Software/workspace/install/task_1a/local/lib/python3.10/dist-packages/task_1a-0.0.1-py3.10.egg-info/top_level.txt\n'}
[1.693687] (task_1a) StdoutLine: {'line': b'-- Up-to-date symlink: /workspace/eYRC_26-27_Hola-The-Explorer/Software/workspace/install/task_1a/local/lib/python3.10/dist-packages/task_1a/__init__.py\n'}
[1.693900] (task_1a) StdoutLine: {'line': b'-- Up-to-date symlink: /workspace/eYRC_26-27_Hola-The-Explorer/Software/workspace/install/task_1a/local/lib/python3.10/dist-packages/task_1a/camera_detection.py\n'}
[1.694139] (task_1a) StdoutLine: {'line': b'-- Up-to-date symlink: /workspace/eYRC_26-27_Hola-The-Explorer/Software/workspace/install/task_1a/share/ament_index/resource_index/package_run_dependencies/task_1a\n'}
[1.694342] (task_1a) StdoutLine: {'line': b'-- Up-to-date symlink: /workspace/eYRC_26-27_Hola-The-Explorer/Software/workspace/install/task_1a/share/ament_index/resource_index/parent_prefix_path/task_1a\n'}
[1.694538] (task_1a) StdoutLine: {'line': b'-- Up-to-date symlink: /workspace/eYRC_26-27_Hola-The-Explorer/Software/workspace/install/task_1a/share/task_1a/environment/ament_prefix_path.sh\n'}
[1.694736] (task_1a) StdoutLine: {'line': b'-- Up-to-date symlink: /workspace/eYRC_26-27_Hola-The-Explorer/Software/workspace/install/task_1a/share/task_1a/environment/ament_prefix_path.dsv\n'}
[1.694932] (task_1a) StdoutLine: {'line': b'-- Up-to-date symlink: /workspace/eYRC_26-27_Hola-The-Explorer/Software/workspace/install/task_1a/share/task_1a/environment/path.sh\n'}
[1.695362] (task_1a) StdoutLine: {'line': b'-- Up-to-date symlink: /workspace/eYRC_26-27_Hola-The-Explorer/Software/workspace/install/task_1a/share/task_1a/environment/path.dsv\n'}
[1.695616] (task_1a) StdoutLine: {'line': b'-- Up-to-date symlink: /workspace/eYRC_26-27_Hola-The-Explorer/Software/workspace/install/task_1a/share/task_1a/local_setup.bash\n'}
[1.695712] (task_1a) StdoutLine: {'line': b'-- Up-to-date symlink: /workspace/eYRC_26-27_Hola-The-Explorer/Software/workspace/install/task_1a/share/task_1a/local_setup.sh\n'}
[1.695792] (task_1a) StdoutLine: {'line': b'-- Up-to-date symlink: /workspace/eYRC_26-27_Hola-The-Explorer/Software/workspace/install/task_1a/share/task_1a/local_setup.zsh\n'}
[1.695867] (task_1a) StdoutLine: {'line': b'-- Up-to-date symlink: /workspace/eYRC_26-27_Hola-The-Explorer/Software/workspace/install/task_1a/share/task_1a/local_setup.dsv\n'}
[1.695939] (task_1a) StdoutLine: {'line': b'-- Symlinking: /workspace/eYRC_26-27_Hola-The-Explorer/Software/workspace/install/task_1a/share/task_1a/package.dsv\n'}
[1.704606] (-) TimerEvent: {}
[1.714788] (task_1a) StdoutLine: {'line': b'-- Up-to-date symlink: /workspace/eYRC_26-27_Hola-The-Explorer/Software/workspace/install/task_1a/share/ament_index/resource_index/packages/task_1a\n'}
[1.715709] (task_1a) StdoutLine: {'line': b'-- Up-to-date symlink: /workspace/eYRC_26-27_Hola-The-Explorer/Software/workspace/install/task_1a/share/task_1a/cmake/task_1aConfig.cmake\n'}
[1.716419] (task_1a) StdoutLine: {'line': b'-- Up-to-date symlink: /workspace/eYRC_26-27_Hola-The-Explorer/Software/workspace/install/task_1a/share/task_1a/cmake/task_1aConfig-version.cmake\n'}
[1.716561] (task_1a) StdoutLine: {'line': b'-- Up-to-date symlink: /workspace/eYRC_26-27_Hola-The-Explorer/Software/workspace/install/task_1a/share/task_1a/package.xml\n'}
[1.778373] (task_1a) StdoutLine: {'line': b"Listing '/workspace/eYRC_26-27_Hola-The-Explorer/Software/workspace/install/task_1a/local/lib/python3.10/dist-packages/task_1a'...\n"}
[1.787473] (task_1a) StdoutLine: {'line': b'-- Installing: /workspace/eYRC_26-27_Hola-The-Explorer/Software/workspace/install/task_1a/lib/task_1a/camera_detection\n'}
[1.793301] (task_1a) CommandEnded: {'returncode': 0}
[1.804872] (-) TimerEvent: {}
[1.820815] (task_1a) JobEnded: {'identifier': 'task_1a', 'rc': 0}
[1.822781] (hb_description) JobStarted: {'identifier': 'hb_description'}
[1.842093] (hb_description) JobProgress: {'identifier': 'hb_description', 'progress': 'cmake'}
[1.843715] (hb_description) JobProgress: {'identifier': 'hb_description', 'progress': 'build'}
[1.845551] (hb_description) Command: {'cmd': ['/usr/bin/cmake', '--build', '/workspace/eYRC_26-27_Hola-The-Explorer/Software/workspace/build/hb_description', '--', '-j12', '-l12'], 'cwd': '/workspace/eYRC_26-27_Hola-The-Explorer/Software/workspace/build/hb_description', 'env': OrderedDict([('HOSTNAME', '241f24d43114'), ('SHLVL', '0'), ('LD_LIBRARY_PATH', '/workspace/eYRC_26-27_Hola-The-Explorer/Software/workspace/install/shape_interface/lib:/opt/ros/humble/opt/rviz_ogre_vendor/lib:/opt/ros/humble/lib/x86_64-linux-gnu:/opt/ros/humble/lib'), ('HOME', '/root'), ('ROS_PYTHON_VERSION', '3'), ('ROS_DISTRO', 'humble'), ('_', '/usr/bin/colcon'), ('ROS_VERSION', '2'), ('ROS_LOCALHOST_ONLY', '0'), ('PATH', '/opt/ros/humble/bin:/usr/local/sbin:/usr/local/bin:/usr/sbin:/usr/bin:/sbin:/bin'), ('LANG', 'C.UTF-8'), ('AMENT_PREFIX_PATH', '/workspace/eYRC_26-27_Hola-The-Explorer/Software/workspace/install/task_1a:/workspace/eYRC_26-27_Hola-The-Explorer/Software/workspace/install/shape_interface:/opt/ros/humble'), ('DEBIAN_FRONTEND', 'noninteractive'), ('PWD', '/workspace/eYRC_26-27_Hola-The-Explorer/Software/workspace/build/hb_description'), ('LC_ALL', 'C.UTF-8'), ('PYTHONPATH', '/workspace/eYRC_26-27_Hola-The-Explorer/Software/workspace/install/task_1a/local/lib/python3.10/dist-packages:/workspace/eYRC_26-27_Hola-The-Explorer/Software/workspace/install/shape_interface/local/lib/python3.10/dist-packages:/opt/ros/humble/lib/python3.10/site-packages:/opt/ros/humble/local/lib/python3.10/dist-packages'), ('COLCON', '1'), ('CMAKE_PREFIX_PATH', '/workspace/eYRC_26-27_Hola-The-Explorer/Software/workspace/install/task_1a:/workspace/eYRC_26-27_Hola-The-Explorer/Software/workspace/install/shape_interface:/opt/ros/humble')]), 'shell': False}
[1.905211] (-) TimerEvent: {}
[1.930886] (hb_description) CommandEnded: {'returncode': 0}
[1.932014] (hb_description) JobProgress: {'identifier': 'hb_description', 'progress': 'install'}
[1.932479] (hb_description) Command: {'cmd': ['/usr/bin/cmake', '--install', '/workspace/eYRC_26-27_Hola-The-Explorer/Software/workspace/build/hb_description'], 'cwd': '/workspace/eYRC_26-27_Hola-The-Explorer/Software/workspace/build/hb_description', 'env': OrderedDict([('HOSTNAME', '241f24d43114'), ('SHLVL', '0'), ('LD_LIBRARY_PATH', '/workspace/eYRC_26-27_Hola-The-Explorer/Software/workspace/install/shape_interface/lib:/opt/ros/humble/opt/rviz_ogre_vendor/lib:/opt/ros/humble/lib/x86_64-linux-gnu:/opt/ros/humble/lib'), ('HOME', '/root'), ('ROS_PYTHON_VERSION', '3'), ('ROS_DISTRO', 'humble'), ('_', '/usr/bin/colcon'), ('ROS_VERSION', '2'), ('ROS_LOCALHOST_ONLY', '0'), ('PATH', '/opt/ros/humble/bin:/usr/local/sbin:/usr/local/bin:/usr/sbin:/usr/bin:/sbin:/bin'), ('LANG', 'C.UTF-8'), ('AMENT_PREFIX_PATH', '/workspace/eYRC_26-27_Hola-The-Explorer/Software/workspace/install/task_1a:/workspace/eYRC_26-27_Hola-The-Explorer/Software/workspace/install/shape_interface:/opt/ros/humble'), ('DEBIAN_FRONTEND', 'noninteractive'), ('PWD', '/workspace/eYRC_26-27_Hola-The-Explorer/Software/workspace/build/hb_description'), ('LC_ALL', 'C.UTF-8'), ('PYTHONPATH', '/workspace/eYRC_26-27_Hola-The-Explorer/Software/workspace/install/task_1a/local/lib/python3.10/dist-packages:/workspace/eYRC_26-27_Hola-The-Explorer/Software/workspace/install/shape_interface/local/lib/python3.10/dist-packages:/opt/ros/humble/lib/python3.10/site-packages:/opt/ros/humble/local/lib/python3.10/dist-packages'), ('COLCON', '1'), ('CMAKE_PREFIX_PATH', '/workspace/eYRC_26-27_Hola-The-Explorer/Software/workspace/install/task_1a:/workspace/eYRC_26-27_Hola-The-Explorer/Software/workspace/install/shape_interface:/opt/ros/humble')]), 'shell': False}
[1.956256] (hb_description) StdoutLine: {'line': b'-- Install configuration: ""\n'}
[1.957791] (hb_description) StdoutLine: {'line': b'-- Execute custom install script\n'}
[1.958348] (hb_description) StdoutLine: {'line': b'-- Up-to-date symlink: /workspace/eYRC_26-27_Hola-The-Explorer/Software/workspace/install/hb_description/lib/hb_description/task1a_bridge\n'}
[1.958596] (hb_description) StdoutLine: {'line': b'-- Up-to-date symlink: /workspace/eYRC_26-27_Hola-The-Explorer/Software/workspace/install/hb_description/lib/hb_description/task1a_camera\n'}
[1.959079] (hb_description) StdoutLine: {'line': b'-- Up-to-date symlink: /workspace/eYRC_26-27_Hola-The-Explorer/Software/workspace/install/hb_description/lib/hb_description/task1c_bridge\n'}
[1.959767] (hb_description) StdoutLine: {'line': b'-- Up-to-date symlink: /workspace/eYRC_26-27_Hola-The-Explorer/Software/workspace/install/hb_description/lib/hb_description/task1c_camera\n'}
[1.960300] (hb_description) StdoutLine: {'line': b'-- Up-to-date symlink: /workspace/eYRC_26-27_Hola-The-Explorer/Software/workspace/install/hb_description/lib/hb_description/camera_stream\n'}
[1.960832] (hb_description) StdoutLine: {'line': b'-- Up-to-date symlink: /workspace/eYRC_26-27_Hola-The-Explorer/Software/workspace/install/hb_description/share/hb_description/launch/task1a.launch.py\n'}
[1.961386] (hb_description) StdoutLine: {'line': b'-- Up-to-date symlink: /workspace/eYRC_26-27_Hola-The-Explorer/Software/workspace/install/hb_description/share/hb_description/launch/task1b.launch.py\n'}
[1.961630] (hb_description) StdoutLine: {'line': b'-- Up-to-date symlink: /workspace/eYRC_26-27_Hola-The-Explorer/Software/workspace/install/hb_description/share/hb_description/launch/task1c.launch.py\n'}
[1.961838] (hb_description) StdoutLine: {'line': b'-- Up-to-date symlink: /workspace/eYRC_26-27_Hola-The-Explorer/Software/workspace/install/hb_description/share/ament_index/resource_index/package_run_dependencies/hb_description\n'}
[1.962082] (hb_description) StdoutLine: {'line': b'-- Up-to-date symlink: /workspace/eYRC_26-27_Hola-The-Explorer/Software/workspace/install/hb_description/share/ament_index/resource_index/parent_prefix_path/hb_description\n'}
[1.962327] (hb_description) StdoutLine: {'line': b'-- Up-to-date symlink: /workspace/eYRC_26-27_Hola-The-Explorer/Software/workspace/install/hb_description/share/hb_description/environment/ament_prefix_path.sh\n'}
[1.962528] (hb_description) StdoutLine: {'line': b'-- Up-to-date symlink: /workspace/eYRC_26-27_Hola-The-Explorer/Software/workspace/install/hb_description/share/hb_description/environment/ament_prefix_path.dsv\n'}
[1.962726] (hb_description) StdoutLine: {'line': b'-- Up-to-date symlink: /workspace/eYRC_26-27_Hola-The-Explorer/Software/workspace/install/hb_description/share/hb_description/environment/path.sh\n'}
[1.962928] (hb_description) StdoutLine: {'line': b'-- Up-to-date symlink: /workspace/eYRC_26-27_Hola-The-Explorer/Software/workspace/install/hb_description/share/hb_description/environment/path.dsv\n'}
[1.963164] (hb_description) StdoutLine: {'line': b'-- Up-to-date symlink: /workspace/eYRC_26-27_Hola-The-Explorer/Software/workspace/install/hb_description/share/hb_description/local_setup.bash\n'}
[1.963373] (hb_description) StdoutLine: {'line': b'-- Up-to-date symlink: /workspace/eYRC_26-27_Hola-The-Explorer/Software/workspace/install/hb_description/share/hb_description/local_setup.sh\n'}
[1.963579] (hb_description) StdoutLine: {'line': b'-- Up-to-date symlink: /workspace/eYRC_26-27_Hola-The-Explorer/Software/workspace/install/hb_description/share/hb_description/local_setup.zsh\n'}
[1.963781] (hb_description) StdoutLine: {'line': b'-- Up-to-date symlink: /workspace/eYRC_26-27_Hola-The-Explorer/Software/workspace/install/hb_description/share/hb_description/local_setup.dsv\n'}
[1.964019] (hb_description) StdoutLine: {'line': b'-- Symlinking: /workspace/eYRC_26-27_Hola-The-Explorer/Software/workspace/install/hb_description/share/hb_description/package.dsv\n'}
[1.978973] (hb_description) StdoutLine: {'line': b'-- Up-to-date symlink: /workspace/eYRC_26-27_Hola-The-Explorer/Software/workspace/install/hb_description/share/ament_index/resource_index/packages/hb_description\n'}
[1.979781] (hb_description) StdoutLine: {'line': b'-- Up-to-date symlink: /workspace/eYRC_26-27_Hola-The-Explorer/Software/workspace/install/hb_description/share/hb_description/cmake/hb_descriptionConfig.cmake\n'}
[1.980292] (hb_description) StdoutLine: {'line': b'-- Up-to-date symlink: /workspace/eYRC_26-27_Hola-The-Explorer/Software/workspace/install/hb_description/share/hb_description/cmake/hb_descriptionConfig-version.cmake\n'}
[1.980521] (hb_description) StdoutLine: {'line': b'-- Up-to-date symlink: /workspace/eYRC_26-27_Hola-The-Explorer/Software/workspace/install/hb_description/share/hb_description/package.xml\n'}
[1.980723] (hb_description) StdoutLine: {'line': b'-- Up-to-date: /workspace/eYRC_26-27_Hola-The-Explorer/Software/workspace/install/hb_description/lib\n'}
[1.980924] (hb_description) StdoutLine: {'line': b'-- Up-to-date: /workspace/eYRC_26-27_Hola-The-Explorer/Software/workspace/install/hb_description/lib/libhb_source__rosidl_generator_c.so\n'}
[1.981302] (hb_description) StdoutLine: {'line': b'-- Up-to-date: /workspace/eYRC_26-27_Hola-The-Explorer/Software/workspace/install/hb_description/lib/libhb_source__rosidl_generator_py.so\n'}
[1.981569] (hb_description) StdoutLine: {'line': b'-- Up-to-date: /workspace/eYRC_26-27_Hola-The-Explorer/Software/workspace/install/hb_description/lib/libhb_source__rosidl_typesupport_c.so\n'}
[1.981669] (hb_description) StdoutLine: {'line': b'-- Up-to-date: /workspace/eYRC_26-27_Hola-The-Explorer/Software/workspace/install/hb_description/lib/libmujoco.so\n'}
[1.981793] (hb_description) StdoutLine: {'line': b'-- Up-to-date: /workspace/eYRC_26-27_Hola-The-Explorer/Software/workspace/install/hb_description/lib/libmujoco.so.3.4.0\n'}
[1.981869] (hb_description) StdoutLine: {'line': b'-- Up-to-date: /workspace/eYRC_26-27_Hola-The-Explorer/Software/workspace/install/hb_description/lib/libhb_source__rosidl_typesupport_introspection_cpp.so\n'}
[1.981944] (hb_description) StdoutLine: {'line': b'-- Up-to-date: /workspace/eYRC_26-27_Hola-The-Explorer/Software/workspace/install/hb_description/lib/libhb_source__rosidl_typesupport_cpp.so\n'}
[1.982034] (hb_description) StdoutLine: {'line': b'-- Up-to-date: /workspace/eYRC_26-27_Hola-The-Explorer/Software/workspace/install/hb_description/lib/libhb_source__rosidl_typesupport_fastrtps_c.so\n'}
[1.982107] (hb_description) StdoutLine: {'line': b'-- Up-to-date: /workspace/eYRC_26-27_Hola-The-Explorer/Software/workspace/install/hb_description/lib/libhb_source__rosidl_typesupport_fastrtps_cpp.so\n'}
[1.982178] (hb_description) StdoutLine: {'line': b'-- Up-to-date: /workspace/eYRC_26-27_Hola-The-Explorer/Software/workspace/install/hb_description/lib/libhb_source__rosidl_typesupport_introspection_c.so\n'}
[1.983749] (hb_description) CommandEnded: {'returncode': 0}
[2.005417] (-) TimerEvent: {}
[2.013672] (hb_description) JobEnded: {'identifier': 'hb_description', 'rc': 0}
[2.014439] (-) EventReactorShutdown: {}
