[0.000000] (-) TimerEvent: {}
[0.000166] (shape_interface) JobQueued: {'identifier': 'shape_interface', 'dependencies': OrderedDict()}
[0.000211] (task_1b) JobQueued: {'identifier': 'task_1b', 'dependencies': OrderedDict()}
[0.000272] (task_1a) JobQueued: {'identifier': 'task_1a', 'dependencies': OrderedDict([('shape_interface', '/workspace/eYRC_26-27_Hola-The-Explorer/Software/workspace/install/shape_interface')])}
[0.000361] (task_1c) JobQueued: {'identifier': 'task_1c', 'dependencies': OrderedDict([('shape_interface', '/workspace/eYRC_26-27_Hola-The-Explorer/Software/workspace/install/shape_interface')])}
[0.000383] (hb_description) JobQueued: {'identifier': 'hb_description', 'dependencies': OrderedDict([('shape_interface', '/workspace/eYRC_26-27_Hola-The-Explorer/Software/workspace/install/shape_interface'), ('task_1a', '/workspace/eYRC_26-27_Hola-The-Explorer/Software/workspace/install/task_1a')])}
[0.000402] (shape_interface) JobStarted: {'identifier': 'shape_interface'}
[0.011826] (task_1b) JobStarted: {'identifier': 'task_1b'}
[0.022222] (shape_interface) JobProgress: {'identifier': 'shape_interface', 'progress': 'cmake'}
[0.022477] (shape_interface) JobProgress: {'identifier': 'shape_interface', 'progress': 'build'}
[0.022527] (shape_interface) Command: {'cmd': ['/usr/bin/cmake', '--build', '/workspace/eYRC_26-27_Hola-The-Explorer/Software/workspace/build/shape_interface', '--', '-j12', '-l12'], 'cwd': '/workspace/eYRC_26-27_Hola-The-Explorer/Software/workspace/build/shape_interface', 'env': OrderedDict([('HOSTNAME', 'KABE'), ('SHLVL', '0'), ('LD_LIBRARY_PATH', '/opt/ros/humble/opt/rviz_ogre_vendor/lib:/opt/ros/humble/lib/x86_64-linux-gnu:/opt/ros/humble/lib'), ('HOME', '/root'), ('OLDPWD', '/workspace'), ('ROS_PYTHON_VERSION', '3'), ('ROS_DISTRO', 'humble'), ('_', '/usr/bin/colcon'), ('ROS_VERSION', '2'), ('ROS_LOCALHOST_ONLY', '0'), ('QT_X11_NO_MITSHM', '1'), ('PATH', '/opt/ros/humble/bin:/usr/local/sbin:/usr/local/bin:/usr/sbin:/usr/bin:/sbin:/bin'), ('DISPLAY', ':0'), ('LANG', 'C.UTF-8'), ('AMENT_PREFIX_PATH', '/opt/ros/humble'), ('DEBIAN_FRONTEND', 'noninteractive'), ('PWD', '/workspace/eYRC_26-27_Hola-The-Explorer/Software/workspace/build/shape_interface'), ('LC_ALL', 'C.UTF-8'), ('PYTHONPATH', '/opt/ros/humble/lib/python3.10/site-packages:/opt/ros/humble/local/lib/python3.10/dist-packages'), ('COLCON', '1'), ('CMAKE_PREFIX_PATH', '/opt/ros/humble')]), 'shell': False}
[0.025287] (task_1b) JobProgress: {'identifier': 'task_1b', 'progress': 'cmake'}
[0.026217] (task_1b) JobProgress: {'identifier': 'task_1b', 'progress': 'build'}
[0.032348] (task_1b) Command: {'cmd': ['/usr/bin/cmake', '--build', '/workspace/eYRC_26-27_Hola-The-Explorer/Software/workspace/build/task_1b', '--', '-j12', '-l12'], 'cwd': '/workspace/eYRC_26-27_Hola-The-Explorer/Software/workspace/build/task_1b', 'env': OrderedDict([('HOSTNAME', 'KABE'), ('SHLVL', '0'), ('LD_LIBRARY_PATH', '/opt/ros/humble/opt/rviz_ogre_vendor/lib:/opt/ros/humble/lib/x86_64-linux-gnu:/opt/ros/humble/lib'), ('HOME', '/root'), ('OLDPWD', '/workspace'), ('ROS_PYTHON_VERSION', '3'), ('ROS_DISTRO', 'humble'), ('_', '/usr/bin/colcon'), ('ROS_VERSION', '2'), ('ROS_LOCALHOST_ONLY', '0'), ('QT_X11_NO_MITSHM', '1'), ('PATH', '/opt/ros/humble/bin:/usr/local/sbin:/usr/local/bin:/usr/sbin:/usr/bin:/sbin:/bin'), ('DISPLAY', ':0'), ('LANG', 'C.UTF-8'), ('AMENT_PREFIX_PATH', '/opt/ros/humble'), ('DEBIAN_FRONTEND', 'noninteractive'), ('PWD', '/workspace/eYRC_26-27_Hola-The-Explorer/Software/workspace/build/task_1b'), ('LC_ALL', 'C.UTF-8'), ('PYTHONPATH', '/opt/ros/humble/lib/python3.10/site-packages:/opt/ros/humble/local/lib/python3.10/dist-packages'), ('COLCON', '1'), ('CMAKE_PREFIX_PATH', '/opt/ros/humble')]), 'shell': False}
[0.097506] (shape_interface) StdoutLine: {'line': b'[  2%] Built target shape_interface__cpp\n'}
[0.098632] (shape_interface) StdoutLine: {'line': b'[  4%] Built target shape_interface__rs\n'}
[0.099177] (-) TimerEvent: {}
[0.099537] (shape_interface) StdoutLine: {'line': b'[ 14%] Built target shape_interface__rosidl_generator_c\n'}
[0.108873] (shape_interface) StdoutLine: {'line': b'[ 14%] Built target ament_cmake_python_symlink_shape_interface\n'}
[0.124281] (task_1b) StdoutLine: {'line': b'Built target ament_cmake_python_symlink_task_1b\n'}
[0.141136] (shape_interface) StdoutLine: {'line': b'[ 29%] Built target shape_interface__rosidl_typesupport_fastrtps_cpp\n'}
[0.141653] (shape_interface) StdoutLine: {'line': b'[ 35%] Built target shape_interface__rosidl_typesupport_c\n'}
[0.147298] (shape_interface) StdoutLine: {'line': b'[ 45%] Built target shape_interface__rosidl_typesupport_introspection_c\n'}
[0.149406] (shape_interface) StdoutLine: {'line': b'[ 56%] Built target shape_interface__rosidl_typesupport_cpp\n'}
[0.149777] (shape_interface) StdoutLine: {'line': b'[ 77%] Built target shape_interface__rosidl_typesupport_introspection_cpp\n'}
[0.149913] (shape_interface) StdoutLine: {'line': b'[ 77%] Built target shape_interface__rosidl_typesupport_fastrtps_c\n'}
[0.190132] (shape_interface) StdoutLine: {'line': b'[ 77%] Built target shape_interface\n'}
[0.199331] (-) TimerEvent: {}
[0.225508] (shape_interface) StdoutLine: {'line': b'[ 79%] Built target shape_interface__py\n'}
[0.262248] (shape_interface) StdoutLine: {'line': b'[ 87%] Built target shape_interface__rosidl_generator_py\n'}
[0.298954] (shape_interface) StdoutLine: {'line': b'[ 93%] Built target shape_interface__rosidl_typesupport_introspection_c__pyext\n'}
[0.299188] (shape_interface) StdoutLine: {'line': b'[ 95%] Built target shape_interface__rosidl_typesupport_fastrtps_c__pyext\n'}
[0.299531] (-) TimerEvent: {}
[0.302069] (shape_interface) StdoutLine: {'line': b'[100%] Built target shape_interface__rosidl_typesupport_c__pyext\n'}
[0.399645] (-) TimerEvent: {}
[0.435327] (shape_interface) StdoutLine: {'line': b'running egg_info\n'}
[0.435552] (shape_interface) StdoutLine: {'line': b'writing shape_interface.egg-info/PKG-INFO\n'}
[0.435659] (shape_interface) StdoutLine: {'line': b'writing dependency_links to shape_interface.egg-info/dependency_links.txt\n'}
[0.435918] (shape_interface) StdoutLine: {'line': b'writing top-level names to shape_interface.egg-info/top_level.txt\n'}
[0.439317] (shape_interface) StdoutLine: {'line': b"reading manifest file 'shape_interface.egg-info/SOURCES.txt'\n"}
[0.442540] (shape_interface) StdoutLine: {'line': b"writing manifest file 'shape_interface.egg-info/SOURCES.txt'\n"}
[0.469847] (task_1b) StdoutLine: {'line': b'running egg_info\n'}
[0.471448] (task_1b) StdoutLine: {'line': b'writing task_1b.egg-info/PKG-INFO\n'}
[0.472246] (task_1b) StdoutLine: {'line': b'writing dependency_links to task_1b.egg-info/dependency_links.txt\n'}
[0.472831] (task_1b) StdoutLine: {'line': b'writing top-level names to task_1b.egg-info/top_level.txt\n'}
[0.477006] (task_1b) StdoutLine: {'line': b"reading manifest file 'task_1b.egg-info/SOURCES.txt'\n"}
[0.479526] (task_1b) StdoutLine: {'line': b"writing manifest file 'task_1b.egg-info/SOURCES.txt'\n"}
[0.484320] (shape_interface) StdoutLine: {'line': b'[100%] Built target ament_cmake_python_build_shape_interface_egg\n'}
[0.499777] (-) TimerEvent: {}
[0.500752] (shape_interface) CommandEnded: {'returncode': 0}
[0.501657] (shape_interface) JobProgress: {'identifier': 'shape_interface', 'progress': 'install'}
[0.516090] (shape_interface) Command: {'cmd': ['/usr/bin/cmake', '--install', '/workspace/eYRC_26-27_Hola-The-Explorer/Software/workspace/build/shape_interface'], 'cwd': '/workspace/eYRC_26-27_Hola-The-Explorer/Software/workspace/build/shape_interface', 'env': OrderedDict([('HOSTNAME', 'KABE'), ('SHLVL', '0'), ('LD_LIBRARY_PATH', '/opt/ros/humble/opt/rviz_ogre_vendor/lib:/opt/ros/humble/lib/x86_64-linux-gnu:/opt/ros/humble/lib'), ('HOME', '/root'), ('OLDPWD', '/workspace'), ('ROS_PYTHON_VERSION', '3'), ('ROS_DISTRO', 'humble'), ('_', '/usr/bin/colcon'), ('ROS_VERSION', '2'), ('ROS_LOCALHOST_ONLY', '0'), ('QT_X11_NO_MITSHM', '1'), ('PATH', '/opt/ros/humble/bin:/usr/local/sbin:/usr/local/bin:/usr/sbin:/usr/bin:/sbin:/bin'), ('DISPLAY', ':0'), ('LANG', 'C.UTF-8'), ('AMENT_PREFIX_PATH', '/opt/ros/humble'), ('DEBIAN_FRONTEND', 'noninteractive'), ('PWD', '/workspace/eYRC_26-27_Hola-The-Explorer/Software/workspace/build/shape_interface'), ('LC_ALL', 'C.UTF-8'), ('PYTHONPATH', '/opt/ros/humble/lib/python3.10/site-packages:/opt/ros/humble/local/lib/python3.10/dist-packages'), ('COLCON', '1'), ('CMAKE_PREFIX_PATH', '/opt/ros/humble')]), 'shell': False}
[0.518413] (task_1b) StdoutLine: {'line': b'Built target ament_cmake_python_build_task_1b_egg\n'}
[0.529067] (shape_interface) StdoutLine: {'line': b'-- Install configuration: ""\n'}
[0.530137] (shape_interface) StdoutLine: {'line': b'-- Execute custom install script\n'}
[0.530546] (shape_interface) StdoutLine: {'line': b'-- Up-to-date symlink: /workspace/eYRC_26-27_Hola-The-Explorer/Software/workspace/install/shape_interface/share/ament_index/resource_index/rosidl_interfaces/shape_interface\n'}
[0.531393] (shape_interface) StdoutLine: {'line': b'-- Up-to-date symlink: /workspace/eYRC_26-27_Hola-The-Explorer/Software/workspace/install/shape_interface/include/shape_interface/shape_interface/msg/detail/shape__functions.h\n'}
[0.531795] (shape_interface) StdoutLine: {'line': b'-- Up-to-date symlink: /workspace/eYRC_26-27_Hola-The-Explorer/Software/workspace/install/shape_interface/include/shape_interface/shape_interface/msg/detail/shape__struct.h\n'}
[0.531972] (shape_interface) StdoutLine: {'line': b'-- Up-to-date symlink: /workspace/eYRC_26-27_Hola-The-Explorer/Software/workspace/install/shape_interface/include/shape_interface/shape_interface/msg/detail/shape__type_support.h\n'}
[0.532369] (shape_interface) StdoutLine: {'line': b'-- Up-to-date symlink: /workspace/eYRC_26-27_Hola-The-Explorer/Software/workspace/install/shape_interface/include/shape_interface/shape_interface/msg/rosidl_generator_c__visibility_control.h\n'}
[0.532672] (shape_interface) StdoutLine: {'line': b'-- Up-to-date symlink: /workspace/eYRC_26-27_Hola-The-Explorer/Software/workspace/install/shape_interface/include/shape_interface/shape_interface/msg/shape.h\n'}
[0.532869] (shape_interface) StdoutLine: {'line': b'-- Up-to-date symlink: /workspace/eYRC_26-27_Hola-The-Explorer/Software/workspace/install/shape_interface/include/shape_interface/shape_interface/srv/detail/get_shape__functions.h\n'}
[0.533243] (shape_interface) StdoutLine: {'line': b'-- Up-to-date symlink: /workspace/eYRC_26-27_Hola-The-Explorer/Software/workspace/install/shape_interface/include/shape_interface/shape_interface/srv/detail/get_shape__struct.h\n'}
[0.533369] (shape_interface) StdoutLine: {'line': b'-- Up-to-date symlink: /workspace/eYRC_26-27_Hola-The-Explorer/Software/workspace/install/shape_interface/include/shape_interface/shape_interface/srv/detail/get_shape__type_support.h\n'}
[0.533557] (shape_interface) StdoutLine: {'line': b'-- Up-to-date symlink: /workspace/eYRC_26-27_Hola-The-Explorer/Software/workspace/install/shape_interface/include/shape_interface/shape_interface/srv/detail/pixel_to_world__functions.h\n'}
[0.534089] (shape_interface) StdoutLine: {'line': b'-- Up-to-date symlink: /workspace/eYRC_26-27_Hola-The-Explorer/Software/workspace/install/shape_interface/include/shape_interface/shape_interface/srv/detail/pixel_to_world__struct.h\n'}
[0.534231] (shape_interface) StdoutLine: {'line': b'-- Up-to-date symlink: /workspace/eYRC_26-27_Hola-The-Explorer/Software/workspace/install/shape_interface/include/shape_interface/shape_interface/srv/detail/pixel_to_world__type_support.h\n'}
[0.534345] (shape_interface) StdoutLine: {'line': b'-- Up-to-date symlink: /workspace/eYRC_26-27_Hola-The-Explorer/Software/workspace/install/shape_interface/include/shape_interface/shape_interface/srv/get_shape.h\n'}
[0.534500] (shape_interface) StdoutLine: {'line': b'-- Up-to-date symlink: /workspace/eYRC_26-27_Hola-The-Explorer/Software/workspace/install/shape_interface/include/shape_interface/shape_interface/srv/pixel_to_world.h\n'}
[0.534669] (shape_interface) StdoutLine: {'line': b'-- Up-to-date symlink: /workspace/eYRC_26-27_Hola-The-Explorer/Software/workspace/install/shape_interface/share/shape_interface/environment/library_path.sh\n'}
[0.534789] (task_1b) CommandEnded: {'returncode': 0}
[0.535556] (task_1b) JobProgress: {'identifier': 'task_1b', 'progress': 'install'}
[0.535842] (task_1b) Command: {'cmd': ['/usr/bin/cmake', '--install', '/workspace/eYRC_26-27_Hola-The-Explorer/Software/workspace/build/task_1b'], 'cwd': '/workspace/eYRC_26-27_Hola-The-Explorer/Software/workspace/build/task_1b', 'env': OrderedDict([('HOSTNAME', 'KABE'), ('SHLVL', '0'), ('LD_LIBRARY_PATH', '/opt/ros/humble/opt/rviz_ogre_vendor/lib:/opt/ros/humble/lib/x86_64-linux-gnu:/opt/ros/humble/lib'), ('HOME', '/root'), ('OLDPWD', '/workspace'), ('ROS_PYTHON_VERSION', '3'), ('ROS_DISTRO', 'humble'), ('_', '/usr/bin/colcon'), ('ROS_VERSION', '2'), ('ROS_LOCALHOST_ONLY', '0'), ('QT_X11_NO_MITSHM', '1'), ('PATH', '/opt/ros/humble/bin:/usr/local/sbin:/usr/local/bin:/usr/sbin:/usr/bin:/sbin:/bin'), ('DISPLAY', ':0'), ('LANG', 'C.UTF-8'), ('AMENT_PREFIX_PATH', '/opt/ros/humble'), ('DEBIAN_FRONTEND', 'noninteractive'), ('PWD', '/workspace/eYRC_26-27_Hola-The-Explorer/Software/workspace/build/task_1b'), ('LC_ALL', 'C.UTF-8'), ('PYTHONPATH', '/opt/ros/humble/lib/python3.10/site-packages:/opt/ros/humble/local/lib/python3.10/dist-packages'), ('COLCON', '1'), ('CMAKE_PREFIX_PATH', '/opt/ros/humble')]), 'shell': False}
[0.537547] (shape_interface) StdoutLine: {'line': b'-- Up-to-date symlink: /workspace/eYRC_26-27_Hola-The-Explorer/Software/workspace/install/shape_interface/share/shape_interface/environment/library_path.dsv\n'}
[0.538566] (shape_interface) StdoutLine: {'line': b'-- Up-to-date symlink: /workspace/eYRC_26-27_Hola-The-Explorer/Software/workspace/install/shape_interface/include/shape_interface/shape_interface/msg/detail/shape__rosidl_typesupport_fastrtps_c.h\n'}
[0.538708] (shape_interface) StdoutLine: {'line': b'-- Up-to-date symlink: /workspace/eYRC_26-27_Hola-The-Explorer/Software/workspace/install/shape_interface/include/shape_interface/shape_interface/msg/rosidl_typesupport_fastrtps_c__visibility_control.h\n'}
[0.539178] (shape_interface) StdoutLine: {'line': b'-- Up-to-date symlink: /workspace/eYRC_26-27_Hola-The-Explorer/Software/workspace/install/shape_interface/include/shape_interface/shape_interface/srv/detail/get_shape__rosidl_typesupport_fastrtps_c.h\n'}
[0.539310] (shape_interface) StdoutLine: {'line': b'-- Up-to-date symlink: /workspace/eYRC_26-27_Hola-The-Explorer/Software/workspace/install/shape_interface/include/shape_interface/shape_interface/srv/detail/pixel_to_world__rosidl_typesupport_fastrtps_c.h\n'}
[0.539418] (shape_interface) StdoutLine: {'line': b'-- Up-to-date symlink: /workspace/eYRC_26-27_Hola-The-Explorer/Software/workspace/install/shape_interface/include/shape_interface/shape_interface/msg/detail/shape__rosidl_typesupport_introspection_c.h\n'}
[0.539526] (shape_interface) StdoutLine: {'line': b'-- Up-to-date symlink: /workspace/eYRC_26-27_Hola-The-Explorer/Software/workspace/install/shape_interface/include/shape_interface/shape_interface/msg/rosidl_typesupport_introspection_c__visibility_control.h\n'}
[0.539893] (shape_interface) StdoutLine: {'line': b'-- Up-to-date symlink: /workspace/eYRC_26-27_Hola-The-Explorer/Software/workspace/install/shape_interface/include/shape_interface/shape_interface/srv/detail/get_shape__rosidl_typesupport_introspection_c.h\n'}
[0.540007] (shape_interface) StdoutLine: {'line': b'-- Up-to-date symlink: /workspace/eYRC_26-27_Hola-The-Explorer/Software/workspace/install/shape_interface/include/shape_interface/shape_interface/srv/detail/pixel_to_world__rosidl_typesupport_introspection_c.h\n'}
[0.540117] (shape_interface) StdoutLine: {'line': b'-- Up-to-date symlink: /workspace/eYRC_26-27_Hola-The-Explorer/Software/workspace/install/shape_interface/include/shape_interface/shape_interface/msg/detail/shape__builder.hpp\n'}
[0.540248] (shape_interface) StdoutLine: {'line': b'-- Up-to-date symlink: /workspace/eYRC_26-27_Hola-The-Explorer/Software/workspace/install/shape_interface/include/shape_interface/shape_interface/msg/detail/shape__struct.hpp\n'}
[0.540378] (shape_interface) StdoutLine: {'line': b'-- Up-to-date symlink: /workspace/eYRC_26-27_Hola-The-Explorer/Software/workspace/install/shape_interface/include/shape_interface/shape_interface/msg/detail/shape__traits.hpp\n'}
[0.540500] (shape_interface) StdoutLine: {'line': b'-- Up-to-date symlink: /workspace/eYRC_26-27_Hola-The-Explorer/Software/workspace/install/shape_interface/include/shape_interface/shape_interface/msg/detail/shape__type_support.hpp\n'}
[0.540616] (shape_interface) StdoutLine: {'line': b'-- Up-to-date symlink: /workspace/eYRC_26-27_Hola-The-Explorer/Software/workspace/install/shape_interface/include/shape_interface/shape_interface/msg/rosidl_generator_cpp__visibility_control.hpp\n'}
[0.540732] (shape_interface) StdoutLine: {'line': b'-- Up-to-date symlink: /workspace/eYRC_26-27_Hola-The-Explorer/Software/workspace/install/shape_interface/include/shape_interface/shape_interface/msg/shape.hpp\n'}
[0.540857] (shape_interface) StdoutLine: {'line': b'-- Up-to-date symlink: /workspace/eYRC_26-27_Hola-The-Explorer/Software/workspace/install/shape_interface/include/shape_interface/shape_interface/srv/detail/get_shape__builder.hpp\n'}
[0.540983] (shape_interface) StdoutLine: {'line': b'-- Up-to-date symlink: /workspace/eYRC_26-27_Hola-The-Explorer/Software/workspace/install/shape_interface/include/shape_interface/shape_interface/srv/detail/get_shape__struct.hpp\n'}
[0.541108] (shape_interface) StdoutLine: {'line': b'-- Up-to-date symlink: /workspace/eYRC_26-27_Hola-The-Explorer/Software/workspace/install/shape_interface/include/shape_interface/shape_interface/srv/detail/get_shape__traits.hpp\n'}
[0.541226] (shape_interface) StdoutLine: {'line': b'-- Up-to-date symlink: /workspace/eYRC_26-27_Hola-The-Explorer/Software/workspace/install/shape_interface/include/shape_interface/shape_interface/srv/detail/get_shape__type_support.hpp\n'}
[0.541363] (shape_interface) StdoutLine: {'line': b'-- Up-to-date symlink: /workspace/eYRC_26-27_Hola-The-Explorer/Software/workspace/install/shape_interface/include/shape_interface/shape_interface/srv/detail/pixel_to_world__builder.hpp\n'}
[0.541475] (shape_interface) StdoutLine: {'line': b'-- Up-to-date symlink: /workspace/eYRC_26-27_Hola-The-Explorer/Software/workspace/install/shape_interface/include/shape_interface/shape_interface/srv/detail/pixel_to_world__struct.hpp\n'}
[0.541583] (shape_interface) StdoutLine: {'line': b'-- Up-to-date symlink: /workspace/eYRC_26-27_Hola-The-Explorer/Software/workspace/install/shape_interface/include/shape_interface/shape_interface/srv/detail/pixel_to_world__traits.hpp\n'}
[0.541701] (shape_interface) StdoutLine: {'line': b'-- Up-to-date symlink: /workspace/eYRC_26-27_Hola-The-Explorer/Software/workspace/install/shape_interface/include/shape_interface/shape_interface/srv/detail/pixel_to_world__type_support.hpp\n'}
[0.541824] (shape_interface) StdoutLine: {'line': b'-- Up-to-date symlink: /workspace/eYRC_26-27_Hola-The-Explorer/Software/workspace/install/shape_interface/include/shape_interface/shape_interface/srv/get_shape.hpp\n'}
[0.541932] (shape_interface) StdoutLine: {'line': b'-- Up-to-date symlink: /workspace/eYRC_26-27_Hola-The-Explorer/Software/workspace/install/shape_interface/include/shape_interface/shape_interface/srv/pixel_to_world.hpp\n'}
[0.542035] (shape_interface) StdoutLine: {'line': b'-- Up-to-date symlink: /workspace/eYRC_26-27_Hola-The-Explorer/Software/workspace/install/shape_interface/include/shape_interface/shape_interface/msg/detail/shape__rosidl_typesupport_fastrtps_cpp.hpp\n'}
[0.542139] (shape_interface) StdoutLine: {'line': b'-- Up-to-date symlink: /workspace/eYRC_26-27_Hola-The-Explorer/Software/workspace/install/shape_interface/include/shape_interface/shape_interface/msg/rosidl_typesupport_fastrtps_cpp__visibility_control.h\n'}
[0.542244] (shape_interface) StdoutLine: {'line': b'-- Up-to-date symlink: /workspace/eYRC_26-27_Hola-The-Explorer/Software/workspace/install/shape_interface/include/shape_interface/shape_interface/srv/detail/get_shape__rosidl_typesupport_fastrtps_cpp.hpp\n'}
[0.542357] (shape_interface) StdoutLine: {'line': b'-- Up-to-date symlink: /workspace/eYRC_26-27_Hola-The-Explorer/Software/workspace/install/shape_interface/include/shape_interface/shape_interface/srv/detail/pixel_to_world__rosidl_typesupport_fastrtps_cpp.hpp\n'}
[0.547685] (shape_interface) StdoutLine: {'line': b'-- Up-to-date symlink: /workspace/eYRC_26-27_Hola-The-Explorer/Software/workspace/install/shape_interface/include/shape_interface/shape_interface/msg/detail/shape__rosidl_typesupport_introspection_cpp.hpp\n'}
[0.547970] (shape_interface) StdoutLine: {'line': b'-- Up-to-date symlink: /workspace/eYRC_26-27_Hola-The-Explorer/Software/workspace/install/shape_interface/include/shape_interface/shape_interface/srv/detail/get_shape__rosidl_typesupport_introspection_cpp.hpp\n'}
[0.548105] (shape_interface) StdoutLine: {'line': b'-- Up-to-date symlink: /workspace/eYRC_26-27_Hola-The-Explorer/Software/workspace/install/shape_interface/include/shape_interface/shape_interface/srv/detail/pixel_to_world__rosidl_typesupport_introspection_cpp.hpp\n'}
[0.548225] (shape_interface) StdoutLine: {'line': b'-- Up-to-date symlink: /workspace/eYRC_26-27_Hola-The-Explorer/Software/workspace/install/shape_interface/share/shape_interface/environment/pythonpath.sh\n'}
[0.548358] (shape_interface) StdoutLine: {'line': b'-- Up-to-date symlink: /workspace/eYRC_26-27_Hola-The-Explorer/Software/workspace/install/shape_interface/share/shape_interface/environment/pythonpath.dsv\n'}
[0.548477] (shape_interface) StdoutLine: {'line': b'-- Up-to-date symlink: /workspace/eYRC_26-27_Hola-The-Explorer/Software/workspace/install/shape_interface/local/lib/python3.10/dist-packages/shape_interface-0.0.0-py3.10.egg-info/PKG-INFO\n'}
[0.548586] (shape_interface) StdoutLine: {'line': b'-- Up-to-date symlink: /workspace/eYRC_26-27_Hola-The-Explorer/Software/workspace/install/shape_interface/local/lib/python3.10/dist-packages/shape_interface-0.0.0-py3.10.egg-info/SOURCES.txt\n'}
[0.548701] (shape_interface) StdoutLine: {'line': b'-- Up-to-date symlink: /workspace/eYRC_26-27_Hola-The-Explorer/Software/workspace/install/shape_interface/local/lib/python3.10/dist-packages/shape_interface-0.0.0-py3.10.egg-info/dependency_links.txt\n'}
[0.548828] (shape_interface) StdoutLine: {'line': b'-- Up-to-date symlink: /workspace/eYRC_26-27_Hola-The-Explorer/Software/workspace/install/shape_interface/local/lib/python3.10/dist-packages/shape_interface-0.0.0-py3.10.egg-info/top_level.txt\n'}
[0.548944] (shape_interface) StdoutLine: {'line': b'-- Up-to-date symlink: /workspace/eYRC_26-27_Hola-The-Explorer/Software/workspace/install/shape_interface/local/lib/python3.10/dist-packages/shape_interface/__init__.py\n'}
[0.549055] (shape_interface) StdoutLine: {'line': b'-- Up-to-date symlink: /workspace/eYRC_26-27_Hola-The-Explorer/Software/workspace/install/shape_interface/local/lib/python3.10/dist-packages/shape_interface/_shape_interface_s.ep.rosidl_typesupport_c.c\n'}
[0.549170] (shape_interface) StdoutLine: {'line': b'-- Up-to-date symlink: /workspace/eYRC_26-27_Hola-The-Explorer/Software/workspace/install/shape_interface/local/lib/python3.10/dist-packages/shape_interface/_shape_interface_s.ep.rosidl_typesupport_fastrtps_c.c\n'}
[0.549287] (shape_interface) StdoutLine: {'line': b'-- Up-to-date symlink: /workspace/eYRC_26-27_Hola-The-Explorer/Software/workspace/install/shape_interface/local/lib/python3.10/dist-packages/shape_interface/_shape_interface_s.ep.rosidl_typesupport_introspection_c.c\n'}
[0.549405] (shape_interface) StdoutLine: {'line': b'-- Up-to-date symlink: /workspace/eYRC_26-27_Hola-The-Explorer/Software/workspace/install/shape_interface/local/lib/python3.10/dist-packages/shape_interface/libshape_interface__rosidl_generator_py.so\n'}
[0.549513] (shape_interface) StdoutLine: {'line': b'-- Up-to-date symlink: /workspace/eYRC_26-27_Hola-The-Explorer/Software/workspace/install/shape_interface/local/lib/python3.10/dist-packages/shape_interface/msg/__init__.py\n'}
[0.549643] (shape_interface) StdoutLine: {'line': b'-- Up-to-date symlink: /workspace/eYRC_26-27_Hola-The-Explorer/Software/workspace/install/shape_interface/local/lib/python3.10/dist-packages/shape_interface/msg/_shape.py\n'}
[0.549752] (shape_interface) StdoutLine: {'line': b'-- Up-to-date symlink: /workspace/eYRC_26-27_Hola-The-Explorer/Software/workspace/install/shape_interface/local/lib/python3.10/dist-packages/shape_interface/msg/_shape_s.c\n'}
[0.549871] (shape_interface) StdoutLine: {'line': b'-- Up-to-date symlink: /workspace/eYRC_26-27_Hola-The-Explorer/Software/workspace/install/shape_interface/local/lib/python3.10/dist-packages/shape_interface/shape_interface_s__rosidl_typesupport_c.cpython-310-x86_64-linux-gnu.so\n'}
[0.549979] (shape_interface) StdoutLine: {'line': b'-- Up-to-date symlink: /workspace/eYRC_26-27_Hola-The-Explorer/Software/workspace/install/shape_interface/local/lib/python3.10/dist-packages/shape_interface/shape_interface_s__rosidl_typesupport_fastrtps_c.cpython-310-x86_64-linux-gnu.so\n'}
[0.550092] (shape_interface) StdoutLine: {'line': b'-- Up-to-date symlink: /workspace/eYRC_26-27_Hola-The-Explorer/Software/workspace/install/shape_interface/local/lib/python3.10/dist-packages/shape_interface/shape_interface_s__rosidl_typesupport_introspection_c.cpython-310-x86_64-linux-gnu.so\n'}
[0.550201] (shape_interface) StdoutLine: {'line': b'-- Up-to-date symlink: /workspace/eYRC_26-27_Hola-The-Explorer/Software/workspace/install/shape_interface/local/lib/python3.10/dist-packages/shape_interface/srv/__init__.py\n'}
[0.550326] (shape_interface) StdoutLine: {'line': b'-- Up-to-date symlink: /workspace/eYRC_26-27_Hola-The-Explorer/Software/workspace/install/shape_interface/local/lib/python3.10/dist-packages/shape_interface/srv/_get_shape.py\n'}
[0.550438] (shape_interface) StdoutLine: {'line': b'-- Up-to-date symlink: /workspace/eYRC_26-27_Hola-The-Explorer/Software/workspace/install/shape_interface/local/lib/python3.10/dist-packages/shape_interface/srv/_get_shape_s.c\n'}
[0.550547] (shape_interface) StdoutLine: {'line': b'-- Up-to-date symlink: /workspace/eYRC_26-27_Hola-The-Explorer/Software/workspace/install/shape_interface/local/lib/python3.10/dist-packages/shape_interface/srv/_pixel_to_world.py\n'}
[0.550652] (shape_interface) StdoutLine: {'line': b'-- Up-to-date symlink: /workspace/eYRC_26-27_Hola-The-Explorer/Software/workspace/install/shape_interface/local/lib/python3.10/dist-packages/shape_interface/srv/_pixel_to_world_s.c\n'}
[0.550756] (shape_interface) StdoutLine: {'line': b'-- Up-to-date symlink: /workspace/eYRC_26-27_Hola-The-Explorer/Software/workspace/install/shape_interface/local/lib/python3.10/dist-packages/shape_interface/shape_interface_s__rosidl_typesupport_fastrtps_c.cpython-310-x86_64-linux-gnu.so\n'}
[0.550867] (shape_interface) StdoutLine: {'line': b'-- Up-to-date symlink: /workspace/eYRC_26-27_Hola-The-Explorer/Software/workspace/install/shape_interface/local/lib/python3.10/dist-packages/shape_interface/shape_interface_s__rosidl_typesupport_introspection_c.cpython-310-x86_64-linux-gnu.so\n'}
[0.550985] (shape_interface) StdoutLine: {'line': b'-- Up-to-date symlink: /workspace/eYRC_26-27_Hola-The-Explorer/Software/workspace/install/shape_interface/local/lib/python3.10/dist-packages/shape_interface/shape_interface_s__rosidl_typesupport_c.cpython-310-x86_64-linux-gnu.so\n'}
[0.558345] (shape_interface) StdoutLine: {'line': b'-- Up-to-date symlink: /workspace/eYRC_26-27_Hola-The-Explorer/Software/workspace/install/shape_interface/share/ament_index/resource_index/rust_packages/shape_interface\n'}
[0.558594] (shape_interface) StdoutLine: {'line': b'-- Up-to-date symlink: /workspace/eYRC_26-27_Hola-The-Explorer/Software/workspace/install/shape_interface/share/shape_interface/rust/Cargo.toml\n'}
[0.558709] (shape_interface) StdoutLine: {'line': b'-- Up-to-date symlink: /workspace/eYRC_26-27_Hola-The-Explorer/Software/workspace/install/shape_interface/share/shape_interface/rust/build.rs\n'}
[0.558810] (shape_interface) StdoutLine: {'line': b'-- Up-to-date symlink: /workspace/eYRC_26-27_Hola-The-Explorer/Software/workspace/install/shape_interface/share/shape_interface/rust/src/lib.rs\n'}
[0.558911] (shape_interface) StdoutLine: {'line': b'-- Up-to-date symlink: /workspace/eYRC_26-27_Hola-The-Explorer/Software/workspace/install/shape_interface/share/shape_interface/rust/src/msg.rs\n'}
[0.559034] (shape_interface) StdoutLine: {'line': b'-- Up-to-date symlink: /workspace/eYRC_26-27_Hola-The-Explorer/Software/workspace/install/shape_interface/share/shape_interface/rust/src/msg/rmw.rs\n'}
[0.559140] (shape_interface) StdoutLine: {'line': b'-- Up-to-date symlink: /workspace/eYRC_26-27_Hola-The-Explorer/Software/workspace/install/shape_interface/share/shape_interface/rust/src/srv.rs\n'}
[0.559237] (shape_interface) StdoutLine: {'line': b'-- Up-to-date symlink: /workspace/eYRC_26-27_Hola-The-Explorer/Software/workspace/install/shape_interface/share/shape_interface/rust/src/srv/rmw.rs\n'}
[0.559392] (shape_interface) StdoutLine: {'line': b'-- Up-to-date symlink: /workspace/eYRC_26-27_Hola-The-Explorer/Software/workspace/install/shape_interface/share/shape_interface/srv/GetShape.idl\n'}
[0.559506] (shape_interface) StdoutLine: {'line': b'-- Up-to-date symlink: /workspace/eYRC_26-27_Hola-The-Explorer/Software/workspace/install/shape_interface/share/shape_interface/srv/PixelToWorld.idl\n'}
[0.559647] (shape_interface) StdoutLine: {'line': b'-- Up-to-date symlink: /workspace/eYRC_26-27_Hola-The-Explorer/Software/workspace/install/shape_interface/share/shape_interface/msg/Shape.idl\n'}
[0.559767] (shape_interface) StdoutLine: {'line': b'-- Up-to-date symlink: /workspace/eYRC_26-27_Hola-The-Explorer/Software/workspace/install/shape_interface/share/shape_interface/srv/GetShape.srv\n'}
[0.559877] (shape_interface) StdoutLine: {'line': b'-- Up-to-date symlink: /workspace/eYRC_26-27_Hola-The-Explorer/Software/workspace/install/shape_interface/share/shape_interface/srv/GetShape_Request.msg\n'}
[0.559989] (shape_interface) StdoutLine: {'line': b'-- Up-to-date symlink: /workspace/eYRC_26-27_Hola-The-Explorer/Software/workspace/install/shape_interface/share/shape_interface/srv/GetShape_Response.msg\n'}
[0.560108] (shape_interface) StdoutLine: {'line': b'-- Up-to-date symlink: /workspace/eYRC_26-27_Hola-The-Explorer/Software/workspace/install/shape_interface/share/shape_interface/srv/PixelToWorld.srv\n'}
[0.560226] (task_1b) StdoutLine: {'line': b'-- Install configuration: ""\n'}
[0.560362] (task_1b) StdoutLine: {'line': b'-- Execute custom install script\n'}
[0.560469] (task_1b) StdoutLine: {'line': b'-- Up-to-date symlink: /workspace/eYRC_26-27_Hola-The-Explorer/Software/workspace/install/task_1b/share/task_1b/environment/pythonpath.sh\n'}
[0.560572] (task_1b) StdoutLine: {'line': b'-- Up-to-date symlink: /workspace/eYRC_26-27_Hola-The-Explorer/Software/workspace/install/task_1b/share/task_1b/environment/pythonpath.dsv\n'}
[0.560684] (task_1b) StdoutLine: {'line': b'-- Up-to-date symlink: /workspace/eYRC_26-27_Hola-The-Explorer/Software/workspace/install/task_1b/local/lib/python3.10/dist-packages/task_1b-0.0.1-py3.10.egg-info/PKG-INFO\n'}
[0.560790] (task_1b) StdoutLine: {'line': b'-- Up-to-date symlink: /workspace/eYRC_26-27_Hola-The-Explorer/Software/workspace/install/task_1b/local/lib/python3.10/dist-packages/task_1b-0.0.1-py3.10.egg-info/SOURCES.txt\n'}
[0.560889] (task_1b) StdoutLine: {'line': b'-- Up-to-date symlink: /workspace/eYRC_26-27_Hola-The-Explorer/Software/workspace/install/task_1b/local/lib/python3.10/dist-packages/task_1b-0.0.1-py3.10.egg-info/dependency_links.txt\n'}
[0.560989] (task_1b) StdoutLine: {'line': b'-- Up-to-date symlink: /workspace/eYRC_26-27_Hola-The-Explorer/Software/workspace/install/task_1b/local/lib/python3.10/dist-packages/task_1b-0.0.1-py3.10.egg-info/top_level.txt\n'}
[0.561092] (task_1b) StdoutLine: {'line': b'-- Up-to-date symlink: /workspace/eYRC_26-27_Hola-The-Explorer/Software/workspace/install/task_1b/local/lib/python3.10/dist-packages/task_1b/__init__.py\n'}
[0.561204] (task_1b) StdoutLine: {'line': b'-- Up-to-date symlink: /workspace/eYRC_26-27_Hola-The-Explorer/Software/workspace/install/task_1b/local/lib/python3.10/dist-packages/task_1b/inverse_kinematics.py\n'}
[0.562234] (shape_interface) StdoutLine: {'line': b'-- Up-to-date symlink: /workspace/eYRC_26-27_Hola-The-Explorer/Software/workspace/install/shape_interface/share/shape_interface/srv/PixelToWorld_Request.msg\n'}
[0.562454] (shape_interface) StdoutLine: {'line': b'-- Up-to-date symlink: /workspace/eYRC_26-27_Hola-The-Explorer/Software/workspace/install/shape_interface/share/shape_interface/srv/PixelToWorld_Response.msg\n'}
[0.562560] (task_1b) StdoutLine: {'line': b'-- Up-to-date symlink: /workspace/eYRC_26-27_Hola-The-Explorer/Software/workspace/install/task_1b/lib/task_1b/cmd_vel_publisher\n'}
[0.562666] (task_1b) StdoutLine: {'line': b'-- Up-to-date symlink: /workspace/eYRC_26-27_Hola-The-Explorer/Software/workspace/install/task_1b/share/ament_index/resource_index/package_run_dependencies/task_1b\n'}
[0.562764] (shape_interface) StdoutLine: {'line': b'-- Up-to-date symlink: /workspace/eYRC_26-27_Hola-The-Explorer/Software/workspace/install/shape_interface/share/shape_interface/msg/Shape.msg\n'}
[0.562863] (shape_interface) StdoutLine: {'line': b'-- Up-to-date symlink: /workspace/eYRC_26-27_Hola-The-Explorer/Software/workspace/install/shape_interface/share/ament_index/resource_index/package_run_dependencies/shape_interface\n'}
[0.562961] (shape_interface) StdoutLine: {'line': b'-- Up-to-date symlink: /workspace/eYRC_26-27_Hola-The-Explorer/Software/workspace/install/shape_interface/share/ament_index/resource_index/parent_prefix_path/shape_interface\n'}
[0.563059] (shape_interface) StdoutLine: {'line': b'-- Up-to-date symlink: /workspace/eYRC_26-27_Hola-The-Explorer/Software/workspace/install/shape_interface/share/shape_interface/environment/ament_prefix_path.sh\n'}
[0.563155] (shape_interface) StdoutLine: {'line': b'-- Up-to-date symlink: /workspace/eYRC_26-27_Hola-The-Explorer/Software/workspace/install/shape_interface/share/shape_interface/environment/ament_prefix_path.dsv\n'}
[0.563250] (shape_interface) StdoutLine: {'line': b'-- Up-to-date symlink: /workspace/eYRC_26-27_Hola-The-Explorer/Software/workspace/install/shape_interface/share/shape_interface/environment/path.sh\n'}
[0.563371] (shape_interface) StdoutLine: {'line': b'-- Up-to-date symlink: /workspace/eYRC_26-27_Hola-The-Explorer/Software/workspace/install/shape_interface/share/shape_interface/environment/path.dsv\n'}
[0.563485] (shape_interface) StdoutLine: {'line': b'-- Up-to-date symlink: /workspace/eYRC_26-27_Hola-The-Explorer/Software/workspace/install/shape_interface/share/shape_interface/local_setup.bash\n'}
[0.563583] (shape_interface) StdoutLine: {'line': b'-- Up-to-date symlink: /workspace/eYRC_26-27_Hola-The-Explorer/Software/workspace/install/shape_interface/share/shape_interface/local_setup.sh\n'}
[0.563679] (shape_interface) StdoutLine: {'line': b'-- Up-to-date symlink: /workspace/eYRC_26-27_Hola-The-Explorer/Software/workspace/install/shape_interface/share/shape_interface/local_setup.zsh\n'}
[0.563774] (task_1b) StdoutLine: {'line': b'-- Up-to-date symlink: /workspace/eYRC_26-27_Hola-The-Explorer/Software/workspace/install/task_1b/share/ament_index/resource_index/parent_prefix_path/task_1b\n'}
[0.563881] (task_1b) StdoutLine: {'line': b'-- Up-to-date symlink: /workspace/eYRC_26-27_Hola-The-Explorer/Software/workspace/install/task_1b/share/task_1b/environment/ament_prefix_path.sh\n'}
[0.563978] (task_1b) StdoutLine: {'line': b'-- Up-to-date symlink: /workspace/eYRC_26-27_Hola-The-Explorer/Software/workspace/install/task_1b/share/task_1b/environment/ament_prefix_path.dsv\n'}
[0.564074] (task_1b) StdoutLine: {'line': b'-- Up-to-date symlink: /workspace/eYRC_26-27_Hola-The-Explorer/Software/workspace/install/task_1b/share/task_1b/environment/path.sh\n'}
[0.564170] (task_1b) StdoutLine: {'line': b'-- Up-to-date symlink: /workspace/eYRC_26-27_Hola-The-Explorer/Software/workspace/install/task_1b/share/task_1b/environment/path.dsv\n'}
[0.564283] (task_1b) StdoutLine: {'line': b'-- Up-to-date symlink: /workspace/eYRC_26-27_Hola-The-Explorer/Software/workspace/install/task_1b/share/task_1b/local_setup.bash\n'}
[0.564398] (task_1b) StdoutLine: {'line': b'-- Up-to-date symlink: /workspace/eYRC_26-27_Hola-The-Explorer/Software/workspace/install/task_1b/share/task_1b/local_setup.sh\n'}
[0.564495] (task_1b) StdoutLine: {'line': b'-- Up-to-date symlink: /workspace/eYRC_26-27_Hola-The-Explorer/Software/workspace/install/task_1b/share/task_1b/local_setup.zsh\n'}
[0.564626] (task_1b) StdoutLine: {'line': b'-- Up-to-date symlink: /workspace/eYRC_26-27_Hola-The-Explorer/Software/workspace/install/task_1b/share/task_1b/local_setup.dsv\n'}
[0.564722] (task_1b) StdoutLine: {'line': b'-- Symlinking: /workspace/eYRC_26-27_Hola-The-Explorer/Software/workspace/install/task_1b/share/task_1b/package.dsv\n'}
[0.564820] (shape_interface) StdoutLine: {'line': b'-- Up-to-date symlink: /workspace/eYRC_26-27_Hola-The-Explorer/Software/workspace/install/shape_interface/share/shape_interface/local_setup.dsv\n'}
[0.564927] (shape_interface) StdoutLine: {'line': b'-- Symlinking: /workspace/eYRC_26-27_Hola-The-Explorer/Software/workspace/install/shape_interface/share/shape_interface/package.dsv\n'}
[0.570323] (shape_interface) StdoutLine: {'line': b'-- Up-to-date symlink: /workspace/eYRC_26-27_Hola-The-Explorer/Software/workspace/install/shape_interface/share/ament_index/resource_index/packages/shape_interface\n'}
[0.570788] (task_1b) StdoutLine: {'line': b'-- Up-to-date symlink: /workspace/eYRC_26-27_Hola-The-Explorer/Software/workspace/install/task_1b/share/ament_index/resource_index/packages/task_1b\n'}
[0.572377] (task_1b) StdoutLine: {'line': b'-- Up-to-date symlink: /workspace/eYRC_26-27_Hola-The-Explorer/Software/workspace/install/task_1b/share/task_1b/cmake/task_1bConfig.cmake\n'}
[0.572538] (task_1b) StdoutLine: {'line': b'-- Up-to-date symlink: /workspace/eYRC_26-27_Hola-The-Explorer/Software/workspace/install/task_1b/share/task_1b/cmake/task_1bConfig-version.cmake\n'}
[0.572645] (shape_interface) StdoutLine: {'line': b'-- Up-to-date symlink: /workspace/eYRC_26-27_Hola-The-Explorer/Software/workspace/install/shape_interface/share/shape_interface/cmake/rosidl_cmake-extras.cmake\n'}
[0.572758] (shape_interface) StdoutLine: {'line': b'-- Up-to-date symlink: /workspace/eYRC_26-27_Hola-The-Explorer/Software/workspace/install/shape_interface/share/shape_interface/cmake/ament_cmake_export_include_directories-extras.cmake\n'}
[0.572857] (task_1b) StdoutLine: {'line': b'-- Up-to-date symlink: /workspace/eYRC_26-27_Hola-The-Explorer/Software/workspace/install/task_1b/share/task_1b/package.xml\n'}
[0.572959] (shape_interface) StdoutLine: {'line': b'-- Up-to-date symlink: /workspace/eYRC_26-27_Hola-The-Explorer/Software/workspace/install/shape_interface/share/shape_interface/cmake/ament_cmake_export_libraries-extras.cmake\n'}
[0.573062] (shape_interface) StdoutLine: {'line': b'-- Up-to-date symlink: /workspace/eYRC_26-27_Hola-The-Explorer/Software/workspace/install/shape_interface/share/shape_interface/cmake/ament_cmake_export_targets-extras.cmake\n'}
[0.573165] (shape_interface) StdoutLine: {'line': b'-- Up-to-date symlink: /workspace/eYRC_26-27_Hola-The-Explorer/Software/workspace/install/shape_interface/share/shape_interface/cmake/rosidl_cmake_export_typesupport_targets-extras.cmake\n'}
[0.573276] (shape_interface) StdoutLine: {'line': b'-- Up-to-date symlink: /workspace/eYRC_26-27_Hola-The-Explorer/Software/workspace/install/shape_interface/share/shape_interface/cmake/ament_cmake_export_dependencies-extras.cmake\n'}
[0.573602] (shape_interface) StdoutLine: {'line': b'-- Up-to-date symlink: /workspace/eYRC_26-27_Hola-The-Explorer/Software/workspace/install/shape_interface/share/shape_interface/cmake/rosidl_cmake_export_typesupport_libraries-extras.cmake\n'}
[0.573730] (shape_interface) StdoutLine: {'line': b'-- Up-to-date symlink: /workspace/eYRC_26-27_Hola-The-Explorer/Software/workspace/install/shape_interface/share/shape_interface/cmake/rosidl_cmake_aggregate_target-extras.cmake\n'}
[0.573950] (shape_interface) StdoutLine: {'line': b'-- Up-to-date symlink: /workspace/eYRC_26-27_Hola-The-Explorer/Software/workspace/install/shape_interface/share/shape_interface/cmake/shape_interfaceConfig.cmake\n'}
[0.574064] (shape_interface) StdoutLine: {'line': b'-- Up-to-date symlink: /workspace/eYRC_26-27_Hola-The-Explorer/Software/workspace/install/shape_interface/share/shape_interface/cmake/shape_interfaceConfig-version.cmake\n'}
[0.574175] (shape_interface) StdoutLine: {'line': b'-- Up-to-date symlink: /workspace/eYRC_26-27_Hola-The-Explorer/Software/workspace/install/shape_interface/share/shape_interface/package.xml\n'}
[0.574397] (shape_interface) StdoutLine: {'line': b'-- Up-to-date: /workspace/eYRC_26-27_Hola-The-Explorer/Software/workspace/install/shape_interface/lib/libshape_interface__rosidl_generator_c.so\n'}
[0.574507] (shape_interface) StdoutLine: {'line': b'-- Up-to-date: /workspace/eYRC_26-27_Hola-The-Explorer/Software/workspace/install/shape_interface/lib/libshape_interface__rosidl_typesupport_fastrtps_c.so\n'}
[0.574839] (shape_interface) StdoutLine: {'line': b'-- Up-to-date: /workspace/eYRC_26-27_Hola-The-Explorer/Software/workspace/install/shape_interface/lib/libshape_interface__rosidl_typesupport_introspection_c.so\n'}
[0.575136] (shape_interface) StdoutLine: {'line': b'-- Up-to-date: /workspace/eYRC_26-27_Hola-The-Explorer/Software/workspace/install/shape_interface/lib/libshape_interface__rosidl_typesupport_c.so\n'}
[0.575663] (shape_interface) StdoutLine: {'line': b'-- Up-to-date: /workspace/eYRC_26-27_Hola-The-Explorer/Software/workspace/install/shape_interface/lib/libshape_interface__rosidl_typesupport_fastrtps_cpp.so\n'}
[0.576129] (shape_interface) StdoutLine: {'line': b'-- Up-to-date: /workspace/eYRC_26-27_Hola-The-Explorer/Software/workspace/install/shape_interface/lib/libshape_interface__rosidl_typesupport_introspection_cpp.so\n'}
[0.576709] (shape_interface) StdoutLine: {'line': b'-- Up-to-date: /workspace/eYRC_26-27_Hola-The-Explorer/Software/workspace/install/shape_interface/lib/libshape_interface__rosidl_typesupport_cpp.so\n'}
[0.609847] (-) TimerEvent: {}
[0.631563] (task_1b) StdoutLine: {'line': b"Listing '/workspace/eYRC_26-27_Hola-The-Explorer/Software/workspace/install/task_1b/local/lib/python3.10/dist-packages/task_1b'...\n"}
[0.631846] (task_1b) StdoutLine: {'line': b"Compiling '/workspace/eYRC_26-27_Hola-The-Explorer/Software/workspace/install/task_1b/local/lib/python3.10/dist-packages/task_1b/inverse_kinematics.py'...\n"}
[0.641357] (shape_interface) StdoutLine: {'line': b"Listing '/workspace/eYRC_26-27_Hola-The-Explorer/Software/workspace/install/shape_interface/local/lib/python3.10/dist-packages/shape_interface'...\n"}
[0.641706] (shape_interface) StdoutLine: {'line': b"Listing '/workspace/eYRC_26-27_Hola-The-Explorer/Software/workspace/install/shape_interface/local/lib/python3.10/dist-packages/shape_interface/msg'...\n"}
[0.641876] (shape_interface) StdoutLine: {'line': b"Listing '/workspace/eYRC_26-27_Hola-The-Explorer/Software/workspace/install/shape_interface/local/lib/python3.10/dist-packages/shape_interface/srv'...\n"}
[0.647334] (task_1b) StdoutLine: {'line': b'-- Installing: /workspace/eYRC_26-27_Hola-The-Explorer/Software/workspace/install/task_1b/lib/task_1b/inverse_kinematics\n'}
[0.650655] (shape_interface) StdoutLine: {'line': b'-- Up-to-date: /workspace/eYRC_26-27_Hola-The-Explorer/Software/workspace/install/shape_interface/lib/libshape_interface__rosidl_generator_py.so\n'}
[0.651275] (shape_interface) StdoutLine: {'line': b'-- Up-to-date: /workspace/eYRC_26-27_Hola-The-Explorer/Software/workspace/install/shape_interface/share/shape_interface/cmake/export_shape_interface__rosidl_generator_cExport.cmake\n'}
[0.651432] (shape_interface) StdoutLine: {'line': b'-- Up-to-date: /workspace/eYRC_26-27_Hola-The-Explorer/Software/workspace/install/shape_interface/share/shape_interface/cmake/export_shape_interface__rosidl_generator_cExport-noconfig.cmake\n'}
[0.651544] (shape_interface) StdoutLine: {'line': b'-- Up-to-date: /workspace/eYRC_26-27_Hola-The-Explorer/Software/workspace/install/shape_interface/share/shape_interface/cmake/export_shape_interface__rosidl_typesupport_fastrtps_cExport.cmake\n'}
[0.651648] (shape_interface) StdoutLine: {'line': b'-- Up-to-date: /workspace/eYRC_26-27_Hola-The-Explorer/Software/workspace/install/shape_interface/share/shape_interface/cmake/export_shape_interface__rosidl_typesupport_fastrtps_cExport-noconfig.cmake\n'}
[0.651772] (shape_interface) StdoutLine: {'line': b'-- Up-to-date: /workspace/eYRC_26-27_Hola-The-Explorer/Software/workspace/install/shape_interface/share/shape_interface/cmake/shape_interface__rosidl_typesupport_introspection_cExport.cmake\n'}
[0.651872] (shape_interface) StdoutLine: {'line': b'-- Up-to-date: /workspace/eYRC_26-27_Hola-The-Explorer/Software/workspace/install/shape_interface/share/shape_interface/cmake/shape_interface__rosidl_typesupport_introspection_cExport-noconfig.cmake\n'}
[0.652207] (shape_interface) StdoutLine: {'line': b'-- Up-to-date: /workspace/eYRC_26-27_Hola-The-Explorer/Software/workspace/install/shape_interface/share/shape_interface/cmake/shape_interface__rosidl_typesupport_cExport.cmake\n'}
[0.652362] (shape_interface) StdoutLine: {'line': b'-- Up-to-date: /workspace/eYRC_26-27_Hola-The-Explorer/Software/workspace/install/shape_interface/share/shape_interface/cmake/shape_interface__rosidl_typesupport_cExport-noconfig.cmake\n'}
[0.652493] (shape_interface) StdoutLine: {'line': b'-- Up-to-date: /workspace/eYRC_26-27_Hola-The-Explorer/Software/workspace/install/shape_interface/share/shape_interface/cmake/export_shape_interface__rosidl_generator_cppExport.cmake\n'}
[0.652599] (shape_interface) StdoutLine: {'line': b'-- Up-to-date: /workspace/eYRC_26-27_Hola-The-Explorer/Software/workspace/install/shape_interface/share/shape_interface/cmake/export_shape_interface__rosidl_typesupport_fastrtps_cppExport.cmake\n'}
[0.652701] (shape_interface) StdoutLine: {'line': b'-- Up-to-date: /workspace/eYRC_26-27_Hola-The-Explorer/Software/workspace/install/shape_interface/share/shape_interface/cmake/export_shape_interface__rosidl_typesupport_fastrtps_cppExport-noconfig.cmake\n'}
[0.652801] (shape_interface) StdoutLine: {'line': b'-- Up-to-date: /workspace/eYRC_26-27_Hola-The-Explorer/Software/workspace/install/shape_interface/share/shape_interface/cmake/shape_interface__rosidl_typesupport_introspection_cppExport.cmake\n'}
[0.652903] (shape_interface) StdoutLine: {'line': b'-- Up-to-date: /workspace/eYRC_26-27_Hola-The-Explorer/Software/workspace/install/shape_interface/share/shape_interface/cmake/shape_interface__rosidl_typesupport_introspection_cppExport-noconfig.cmake\n'}
[0.653006] (shape_interface) StdoutLine: {'line': b'-- Up-to-date: /workspace/eYRC_26-27_Hola-The-Explorer/Software/workspace/install/shape_interface/share/shape_interface/cmake/shape_interface__rosidl_typesupport_cppExport.cmake\n'}
[0.653107] (shape_interface) StdoutLine: {'line': b'-- Up-to-date: /workspace/eYRC_26-27_Hola-The-Explorer/Software/workspace/install/shape_interface/share/shape_interface/cmake/shape_interface__rosidl_typesupport_cppExport-noconfig.cmake\n'}
[0.653210] (shape_interface) StdoutLine: {'line': b'-- Up-to-date: /workspace/eYRC_26-27_Hola-The-Explorer/Software/workspace/install/shape_interface/share/shape_interface/cmake/export_shape_interface__rosidl_generator_pyExport.cmake\n'}
[0.653342] (shape_interface) StdoutLine: {'line': b'-- Up-to-date: /workspace/eYRC_26-27_Hola-The-Explorer/Software/workspace/install/shape_interface/share/shape_interface/cmake/export_shape_interface__rosidl_generator_pyExport-noconfig.cmake\n'}
[0.655077] (task_1b) CommandEnded: {'returncode': 0}
[0.688086] (task_1b) JobEnded: {'identifier': 'task_1b', 'rc': 0}
[0.690153] (shape_interface) CommandEnded: {'returncode': 0}
[0.712339] (-) TimerEvent: {}
[0.725047] (shape_interface) JobEnded: {'identifier': 'shape_interface', 'rc': 0}
[0.728346] (task_1a) JobStarted: {'identifier': 'task_1a'}
[0.731529] (task_1c) JobStarted: {'identifier': 'task_1c'}
[0.752017] (task_1c) JobProgress: {'identifier': 'task_1c', 'progress': 'cmake'}
[0.752141] (task_1c) JobProgress: {'identifier': 'task_1c', 'progress': 'build'}
[0.752191] (task_1c) Command: {'cmd': ['/usr/bin/cmake', '--build', '/workspace/eYRC_26-27_Hola-The-Explorer/Software/workspace/build/task_1c', '--', '-j12', '-l12'], 'cwd': '/workspace/eYRC_26-27_Hola-The-Explorer/Software/workspace/build/task_1c', 'env': OrderedDict([('HOSTNAME', 'KABE'), ('SHLVL', '0'), ('LD_LIBRARY_PATH', '/workspace/eYRC_26-27_Hola-The-Explorer/Software/workspace/install/shape_interface/lib:/opt/ros/humble/opt/rviz_ogre_vendor/lib:/opt/ros/humble/lib/x86_64-linux-gnu:/opt/ros/humble/lib'), ('HOME', '/root'), ('OLDPWD', '/workspace'), ('ROS_PYTHON_VERSION', '3'), ('ROS_DISTRO', 'humble'), ('_', '/usr/bin/colcon'), ('ROS_VERSION', '2'), ('ROS_LOCALHOST_ONLY', '0'), ('QT_X11_NO_MITSHM', '1'), ('PATH', '/opt/ros/humble/bin:/usr/local/sbin:/usr/local/bin:/usr/sbin:/usr/bin:/sbin:/bin'), ('DISPLAY', ':0'), ('LANG', 'C.UTF-8'), ('AMENT_PREFIX_PATH', '/workspace/eYRC_26-27_Hola-The-Explorer/Software/workspace/install/shape_interface:/opt/ros/humble'), ('DEBIAN_FRONTEND', 'noninteractive'), ('PWD', '/workspace/eYRC_26-27_Hola-The-Explorer/Software/workspace/build/task_1c'), ('LC_ALL', 'C.UTF-8'), ('PYTHONPATH', '/workspace/eYRC_26-27_Hola-The-Explorer/Software/workspace/install/shape_interface/local/lib/python3.10/dist-packages:/opt/ros/humble/lib/python3.10/site-packages:/opt/ros/humble/local/lib/python3.10/dist-packages'), ('COLCON', '1'), ('CMAKE_PREFIX_PATH', '/workspace/eYRC_26-27_Hola-The-Explorer/Software/workspace/install/shape_interface:/opt/ros/humble')]), 'shell': False}
[0.753903] (task_1a) JobProgress: {'identifier': 'task_1a', 'progress': 'cmake'}
[0.754233] (task_1a) JobProgress: {'identifier': 'task_1a', 'progress': 'build'}
[0.754728] (task_1a) Command: {'cmd': ['/usr/bin/cmake', '--build', '/workspace/eYRC_26-27_Hola-The-Explorer/Software/workspace/build/task_1a', '--', '-j12', '-l12'], 'cwd': '/workspace/eYRC_26-27_Hola-The-Explorer/Software/workspace/build/task_1a', 'env': OrderedDict([('HOSTNAME', 'KABE'), ('SHLVL', '0'), ('LD_LIBRARY_PATH', '/workspace/eYRC_26-27_Hola-The-Explorer/Software/workspace/install/shape_interface/lib:/opt/ros/humble/opt/rviz_ogre_vendor/lib:/opt/ros/humble/lib/x86_64-linux-gnu:/opt/ros/humble/lib'), ('HOME', '/root'), ('OLDPWD', '/workspace'), ('ROS_PYTHON_VERSION', '3'), ('ROS_DISTRO', 'humble'), ('_', '/usr/bin/colcon'), ('ROS_VERSION', '2'), ('ROS_LOCALHOST_ONLY', '0'), ('QT_X11_NO_MITSHM', '1'), ('PATH', '/opt/ros/humble/bin:/usr/local/sbin:/usr/local/bin:/usr/sbin:/usr/bin:/sbin:/bin'), ('DISPLAY', ':0'), ('LANG', 'C.UTF-8'), ('AMENT_PREFIX_PATH', '/workspace/eYRC_26-27_Hola-The-Explorer/Software/workspace/install/shape_interface:/opt/ros/humble'), ('DEBIAN_FRONTEND', 'noninteractive'), ('PWD', '/workspace/eYRC_26-27_Hola-The-Explorer/Software/workspace/build/task_1a'), ('LC_ALL', 'C.UTF-8'), ('PYTHONPATH', '/workspace/eYRC_26-27_Hola-The-Explorer/Software/workspace/install/shape_interface/local/lib/python3.10/dist-packages:/opt/ros/humble/lib/python3.10/site-packages:/opt/ros/humble/local/lib/python3.10/dist-packages'), ('COLCON', '1'), ('CMAKE_PREFIX_PATH', '/workspace/eYRC_26-27_Hola-The-Explorer/Software/workspace/install/shape_interface:/opt/ros/humble')]), 'shell': False}
[0.812515] (-) TimerEvent: {}
[0.822183] (task_1c) CommandEnded: {'returncode': 0}
[0.823125] (task_1c) JobProgress: {'identifier': 'task_1c', 'progress': 'install'}
[0.823570] (task_1c) Command: {'cmd': ['/usr/bin/cmake', '--install', '/workspace/eYRC_26-27_Hola-The-Explorer/Software/workspace/build/task_1c'], 'cwd': '/workspace/eYRC_26-27_Hola-The-Explorer/Software/workspace/build/task_1c', 'env': OrderedDict([('HOSTNAME', 'KABE'), ('SHLVL', '0'), ('LD_LIBRARY_PATH', '/workspace/eYRC_26-27_Hola-The-Explorer/Software/workspace/install/shape_interface/lib:/opt/ros/humble/opt/rviz_ogre_vendor/lib:/opt/ros/humble/lib/x86_64-linux-gnu:/opt/ros/humble/lib'), ('HOME', '/root'), ('OLDPWD', '/workspace'), ('ROS_PYTHON_VERSION', '3'), ('ROS_DISTRO', 'humble'), ('_', '/usr/bin/colcon'), ('ROS_VERSION', '2'), ('ROS_LOCALHOST_ONLY', '0'), ('QT_X11_NO_MITSHM', '1'), ('PATH', '/opt/ros/humble/bin:/usr/local/sbin:/usr/local/bin:/usr/sbin:/usr/bin:/sbin:/bin'), ('DISPLAY', ':0'), ('LANG', 'C.UTF-8'), ('AMENT_PREFIX_PATH', '/workspace/eYRC_26-27_Hola-The-Explorer/Software/workspace/install/shape_interface:/opt/ros/humble'), ('DEBIAN_FRONTEND', 'noninteractive'), ('PWD', '/workspace/eYRC_26-27_Hola-The-Explorer/Software/workspace/build/task_1c'), ('LC_ALL', 'C.UTF-8'), ('PYTHONPATH', '/workspace/eYRC_26-27_Hola-The-Explorer/Software/workspace/install/shape_interface/local/lib/python3.10/dist-packages:/opt/ros/humble/lib/python3.10/site-packages:/opt/ros/humble/local/lib/python3.10/dist-packages'), ('COLCON', '1'), ('CMAKE_PREFIX_PATH', '/workspace/eYRC_26-27_Hola-The-Explorer/Software/workspace/install/shape_interface:/opt/ros/humble')]), 'shell': False}
[0.831632] (task_1c) StdoutLine: {'line': b'-- Install configuration: ""\n'}
[0.832131] (task_1c) StdoutLine: {'line': b'-- Execute custom install script\n'}
[0.832514] (task_1c) StdoutLine: {'line': b'-- Up-to-date symlink: /workspace/eYRC_26-27_Hola-The-Explorer/Software/workspace/install/task_1c/lib/task_1c/shape_service\n'}
[0.833239] (task_1c) StdoutLine: {'line': b'-- Up-to-date symlink: /workspace/eYRC_26-27_Hola-The-Explorer/Software/workspace/install/task_1c/share/ament_index/resource_index/package_run_dependencies/task_1c\n'}
[0.833706] (task_1c) StdoutLine: {'line': b'-- Up-to-date symlink: /workspace/eYRC_26-27_Hola-The-Explorer/Software/workspace/install/task_1c/share/ament_index/resource_index/parent_prefix_path/task_1c\n'}
[0.833830] (task_1c) StdoutLine: {'line': b'-- Up-to-date symlink: /workspace/eYRC_26-27_Hola-The-Explorer/Software/workspace/install/task_1c/share/task_1c/environment/ament_prefix_path.sh\n'}
[0.833934] (task_1c) StdoutLine: {'line': b'-- Up-to-date symlink: /workspace/eYRC_26-27_Hola-The-Explorer/Software/workspace/install/task_1c/share/task_1c/environment/ament_prefix_path.dsv\n'}
[0.834131] (task_1c) StdoutLine: {'line': b'-- Up-to-date symlink: /workspace/eYRC_26-27_Hola-The-Explorer/Software/workspace/install/task_1c/share/task_1c/environment/path.sh\n'}
[0.834328] (task_1c) StdoutLine: {'line': b'-- Up-to-date symlink: /workspace/eYRC_26-27_Hola-The-Explorer/Software/workspace/install/task_1c/share/task_1c/environment/path.dsv\n'}
[0.834449] (task_1c) StdoutLine: {'line': b'-- Up-to-date symlink: /workspace/eYRC_26-27_Hola-The-Explorer/Software/workspace/install/task_1c/share/task_1c/local_setup.bash\n'}
[0.834553] (task_1c) StdoutLine: {'line': b'-- Up-to-date symlink: /workspace/eYRC_26-27_Hola-The-Explorer/Software/workspace/install/task_1c/share/task_1c/local_setup.sh\n'}
[0.834656] (task_1c) StdoutLine: {'line': b'-- Up-to-date symlink: /workspace/eYRC_26-27_Hola-The-Explorer/Software/workspace/install/task_1c/share/task_1c/local_setup.zsh\n'}
[0.834759] (task_1c) StdoutLine: {'line': b'-- Up-to-date symlink: /workspace/eYRC_26-27_Hola-The-Explorer/Software/workspace/install/task_1c/share/task_1c/local_setup.dsv\n'}
[0.834864] (task_1c) StdoutLine: {'line': b'-- Symlinking: /workspace/eYRC_26-27_Hola-The-Explorer/Software/workspace/install/task_1c/share/task_1c/package.dsv\n'}
[0.836361] (task_1a) StdoutLine: {'line': b'Built target ament_cmake_python_symlink_task_1a\n'}
[0.852413] (task_1c) StdoutLine: {'line': b'-- Up-to-date symlink: /workspace/eYRC_26-27_Hola-The-Explorer/Software/workspace/install/task_1c/share/ament_index/resource_index/packages/task_1c\n'}
[0.852718] (task_1c) StdoutLine: {'line': b'-- Up-to-date symlink: /workspace/eYRC_26-27_Hola-The-Explorer/Software/workspace/install/task_1c/share/task_1c/cmake/task_1cConfig.cmake\n'}
[0.852828] (task_1c) StdoutLine: {'line': b'-- Up-to-date symlink: /workspace/eYRC_26-27_Hola-The-Explorer/Software/workspace/install/task_1c/share/task_1c/cmake/task_1cConfig-version.cmake\n'}
[0.852927] (task_1c) StdoutLine: {'line': b'-- Up-to-date symlink: /workspace/eYRC_26-27_Hola-The-Explorer/Software/workspace/install/task_1c/share/task_1c/package.xml\n'}
[0.853022] (task_1c) StdoutLine: {'line': b'-- Installing: /workspace/eYRC_26-27_Hola-The-Explorer/Software/workspace/install/task_1c/lib/task_1c/sim_control\n'}
[0.853119] (task_1c) CommandEnded: {'returncode': 0}
[0.883307] (task_1c) JobEnded: {'identifier': 'task_1c', 'rc': 0}
[0.912618] (-) TimerEvent: {}
[1.012823] (-) TimerEvent: {}
[1.113027] (-) TimerEvent: {}
[1.213278] (-) TimerEvent: {}
[1.235867] (task_1a) StdoutLine: {'line': b'running egg_info\n'}
[1.236950] (task_1a) StdoutLine: {'line': b'writing task_1a.egg-info/PKG-INFO\n'}
[1.237296] (task_1a) StdoutLine: {'line': b'writing dependency_links to task_1a.egg-info/dependency_links.txt\n'}
[1.237632] (task_1a) StdoutLine: {'line': b'writing top-level names to task_1a.egg-info/top_level.txt\n'}
[1.240900] (task_1a) StdoutLine: {'line': b"reading manifest file 'task_1a.egg-info/SOURCES.txt'\n"}
[1.241781] (task_1a) StdoutLine: {'line': b"writing manifest file 'task_1a.egg-info/SOURCES.txt'\n"}
[1.287329] (task_1a) StdoutLine: {'line': b'Built target ament_cmake_python_build_task_1a_egg\n'}
[1.302957] (task_1a) CommandEnded: {'returncode': 0}
[1.304681] (task_1a) JobProgress: {'identifier': 'task_1a', 'progress': 'install'}
[1.305137] (task_1a) Command: {'cmd': ['/usr/bin/cmake', '--install', '/workspace/eYRC_26-27_Hola-The-Explorer/Software/workspace/build/task_1a'], 'cwd': '/workspace/eYRC_26-27_Hola-The-Explorer/Software/workspace/build/task_1a', 'env': OrderedDict([('HOSTNAME', 'KABE'), ('SHLVL', '0'), ('LD_LIBRARY_PATH', '/workspace/eYRC_26-27_Hola-The-Explorer/Software/workspace/install/shape_interface/lib:/opt/ros/humble/opt/rviz_ogre_vendor/lib:/opt/ros/humble/lib/x86_64-linux-gnu:/opt/ros/humble/lib'), ('HOME', '/root'), ('OLDPWD', '/workspace'), ('ROS_PYTHON_VERSION', '3'), ('ROS_DISTRO', 'humble'), ('_', '/usr/bin/colcon'), ('ROS_VERSION', '2'), ('ROS_LOCALHOST_ONLY', '0'), ('QT_X11_NO_MITSHM', '1'), ('PATH', '/opt/ros/humble/bin:/usr/local/sbin:/usr/local/bin:/usr/sbin:/usr/bin:/sbin:/bin'), ('DISPLAY', ':0'), ('LANG', 'C.UTF-8'), ('AMENT_PREFIX_PATH', '/workspace/eYRC_26-27_Hola-The-Explorer/Software/workspace/install/shape_interface:/opt/ros/humble'), ('DEBIAN_FRONTEND', 'noninteractive'), ('PWD', '/workspace/eYRC_26-27_Hola-The-Explorer/Software/workspace/build/task_1a'), ('LC_ALL', 'C.UTF-8'), ('PYTHONPATH', '/workspace/eYRC_26-27_Hola-The-Explorer/Software/workspace/install/shape_interface/local/lib/python3.10/dist-packages:/opt/ros/humble/lib/python3.10/site-packages:/opt/ros/humble/local/lib/python3.10/dist-packages'), ('COLCON', '1'), ('CMAKE_PREFIX_PATH', '/workspace/eYRC_26-27_Hola-The-Explorer/Software/workspace/install/shape_interface:/opt/ros/humble')]), 'shell': False}
[1.313400] (-) TimerEvent: {}
[1.317757] (task_1a) StdoutLine: {'line': b'-- Install configuration: ""\n'}
[1.318549] (task_1a) StdoutLine: {'line': b'-- Execute custom install script\n'}
[1.318898] (task_1a) StdoutLine: {'line': b'-- Up-to-date symlink: /workspace/eYRC_26-27_Hola-The-Explorer/Software/workspace/install/task_1a/lib/task_1a/pixel_to_world_service\n'}
[1.319189] (task_1a) StdoutLine: {'line': b'-- Up-to-date symlink: /workspace/eYRC_26-27_Hola-The-Explorer/Software/workspace/install/task_1a/share/task_1a/environment/pythonpath.sh\n'}
[1.319520] (task_1a) StdoutLine: {'line': b'-- Up-to-date symlink: /workspace/eYRC_26-27_Hola-The-Explorer/Software/workspace/install/task_1a/share/task_1a/environment/pythonpath.dsv\n'}
[1.319922] (task_1a) StdoutLine: {'line': b'-- Up-to-date symlink: /workspace/eYRC_26-27_Hola-The-Explorer/Software/workspace/install/task_1a/local/lib/python3.10/dist-packages/task_1a-0.0.1-py3.10.egg-info/PKG-INFO\n'}
[1.320275] (task_1a) StdoutLine: {'line': b'-- Up-to-date symlink: /workspace/eYRC_26-27_Hola-The-Explorer/Software/workspace/install/task_1a/local/lib/python3.10/dist-packages/task_1a-0.0.1-py3.10.egg-info/SOURCES.txt\n'}
[1.320512] (task_1a) StdoutLine: {'line': b'-- Up-to-date symlink: /workspace/eYRC_26-27_Hola-The-Explorer/Software/workspace/install/task_1a/local/lib/python3.10/dist-packages/task_1a-0.0.1-py3.10.egg-info/dependency_links.txt\n'}
[1.320627] (task_1a) StdoutLine: {'line': b'-- Up-to-date symlink: /workspace/eYRC_26-27_Hola-The-Explorer/Software/workspace/install/task_1a/local/lib/python3.10/dist-packages/task_1a-0.0.1-py3.10.egg-info/top_level.txt\n'}
[1.321147] (task_1a) StdoutLine: {'line': b'-- Up-to-date symlink: /workspace/eYRC_26-27_Hola-The-Explorer/Software/workspace/install/task_1a/local/lib/python3.10/dist-packages/task_1a/__init__.py\n'}
[1.321398] (task_1a) StdoutLine: {'line': b'-- Up-to-date symlink: /workspace/eYRC_26-27_Hola-The-Explorer/Software/workspace/install/task_1a/local/lib/python3.10/dist-packages/task_1a/camera_detection.py\n'}
[1.321830] (task_1a) StdoutLine: {'line': b'-- Up-to-date symlink: /workspace/eYRC_26-27_Hola-The-Explorer/Software/workspace/install/task_1a/share/ament_index/resource_index/package_run_dependencies/task_1a\n'}
[1.322187] (task_1a) StdoutLine: {'line': b'-- Up-to-date symlink: /workspace/eYRC_26-27_Hola-The-Explorer/Software/workspace/install/task_1a/share/ament_index/resource_index/parent_prefix_path/task_1a\n'}
[1.322476] (task_1a) StdoutLine: {'line': b'-- Up-to-date symlink: /workspace/eYRC_26-27_Hola-The-Explorer/Software/workspace/install/task_1a/share/task_1a/environment/ament_prefix_path.sh\n'}
[1.322593] (task_1a) StdoutLine: {'line': b'-- Up-to-date symlink: /workspace/eYRC_26-27_Hola-The-Explorer/Software/workspace/install/task_1a/share/task_1a/environment/ament_prefix_path.dsv\n'}
[1.322783] (task_1a) StdoutLine: {'line': b'-- Up-to-date symlink: /workspace/eYRC_26-27_Hola-The-Explorer/Software/workspace/install/task_1a/share/task_1a/environment/path.sh\n'}
[1.322964] (task_1a) StdoutLine: {'line': b'-- Up-to-date symlink: /workspace/eYRC_26-27_Hola-The-Explorer/Software/workspace/install/task_1a/share/task_1a/environment/path.dsv\n'}
[1.323141] (task_1a) StdoutLine: {'line': b'-- Up-to-date symlink: /workspace/eYRC_26-27_Hola-The-Explorer/Software/workspace/install/task_1a/share/task_1a/local_setup.bash\n'}
[1.323336] (task_1a) StdoutLine: {'line': b'-- Up-to-date symlink: /workspace/eYRC_26-27_Hola-The-Explorer/Software/workspace/install/task_1a/share/task_1a/local_setup.sh\n'}
[1.323523] (task_1a) StdoutLine: {'line': b'-- Up-to-date symlink: /workspace/eYRC_26-27_Hola-The-Explorer/Software/workspace/install/task_1a/share/task_1a/local_setup.zsh\n'}
[1.323720] (task_1a) StdoutLine: {'line': b'-- Up-to-date symlink: /workspace/eYRC_26-27_Hola-The-Explorer/Software/workspace/install/task_1a/share/task_1a/local_setup.dsv\n'}
[1.323898] (task_1a) StdoutLine: {'line': b'-- Symlinking: /workspace/eYRC_26-27_Hola-The-Explorer/Software/workspace/install/task_1a/share/task_1a/package.dsv\n'}
[1.337781] (task_1a) StdoutLine: {'line': b'-- Up-to-date symlink: /workspace/eYRC_26-27_Hola-The-Explorer/Software/workspace/install/task_1a/share/ament_index/resource_index/packages/task_1a\n'}
[1.338302] (task_1a) StdoutLine: {'line': b'-- Up-to-date symlink: /workspace/eYRC_26-27_Hola-The-Explorer/Software/workspace/install/task_1a/share/task_1a/cmake/task_1aConfig.cmake\n'}
[1.338402] (task_1a) StdoutLine: {'line': b'-- Up-to-date symlink: /workspace/eYRC_26-27_Hola-The-Explorer/Software/workspace/install/task_1a/share/task_1a/cmake/task_1aConfig-version.cmake\n'}
[1.338478] (task_1a) StdoutLine: {'line': b'-- Up-to-date symlink: /workspace/eYRC_26-27_Hola-The-Explorer/Software/workspace/install/task_1a/share/task_1a/package.xml\n'}
[1.394897] (task_1a) StdoutLine: {'line': b"Listing '/workspace/eYRC_26-27_Hola-The-Explorer/Software/workspace/install/task_1a/local/lib/python3.10/dist-packages/task_1a'...\n"}
[1.404615] (task_1a) StdoutLine: {'line': b'-- Up-to-date: /workspace/eYRC_26-27_Hola-The-Explorer/Software/workspace/install/task_1a/lib/task_1a/camera_detection\n'}
[1.407131] (task_1a) CommandEnded: {'returncode': 0}
[1.413553] (-) TimerEvent: {}
[1.428213] (task_1a) JobEnded: {'identifier': 'task_1a', 'rc': 0}
[1.429137] (hb_description) JobStarted: {'identifier': 'hb_description'}
[1.438424] (hb_description) JobProgress: {'identifier': 'hb_description', 'progress': 'cmake'}
[1.439099] (hb_description) JobProgress: {'identifier': 'hb_description', 'progress': 'build'}
[1.439424] (hb_description) Command: {'cmd': ['/usr/bin/cmake', '--build', '/workspace/eYRC_26-27_Hola-The-Explorer/Software/workspace/build/hb_description', '--', '-j12', '-l12'], 'cwd': '/workspace/eYRC_26-27_Hola-The-Explorer/Software/workspace/build/hb_description', 'env': OrderedDict([('HOSTNAME', 'KABE'), ('SHLVL', '0'), ('LD_LIBRARY_PATH', '/workspace/eYRC_26-27_Hola-The-Explorer/Software/workspace/install/shape_interface/lib:/opt/ros/humble/opt/rviz_ogre_vendor/lib:/opt/ros/humble/lib/x86_64-linux-gnu:/opt/ros/humble/lib'), ('HOME', '/root'), ('OLDPWD', '/workspace'), ('ROS_PYTHON_VERSION', '3'), ('ROS_DISTRO', 'humble'), ('_', '/usr/bin/colcon'), ('ROS_VERSION', '2'), ('ROS_LOCALHOST_ONLY', '0'), ('QT_X11_NO_MITSHM', '1'), ('PATH', '/opt/ros/humble/bin:/usr/local/sbin:/usr/local/bin:/usr/sbin:/usr/bin:/sbin:/bin'), ('DISPLAY', ':0'), ('LANG', 'C.UTF-8'), ('AMENT_PREFIX_PATH', '/workspace/eYRC_26-27_Hola-The-Explorer/Software/workspace/install/task_1a:/workspace/eYRC_26-27_Hola-The-Explorer/Software/workspace/install/shape_interface:/opt/ros/humble'), ('DEBIAN_FRONTEND', 'noninteractive'), ('PWD', '/workspace/eYRC_26-27_Hola-The-Explorer/Software/workspace/build/hb_description'), ('LC_ALL', 'C.UTF-8'), ('PYTHONPATH', '/workspace/eYRC_26-27_Hola-The-Explorer/Software/workspace/install/task_1a/local/lib/python3.10/dist-packages:/workspace/eYRC_26-27_Hola-The-Explorer/Software/workspace/install/shape_interface/local/lib/python3.10/dist-packages:/opt/ros/humble/lib/python3.10/site-packages:/opt/ros/humble/local/lib/python3.10/dist-packages'), ('COLCON', '1'), ('CMAKE_PREFIX_PATH', '/workspace/eYRC_26-27_Hola-The-Explorer/Software/workspace/install/task_1a:/workspace/eYRC_26-27_Hola-The-Explorer/Software/workspace/install/shape_interface:/opt/ros/humble')]), 'shell': False}
[1.489539] (hb_description) CommandEnded: {'returncode': 0}
[1.491378] (hb_description) JobProgress: {'identifier': 'hb_description', 'progress': 'install'}
[1.491427] (hb_description) Command: {'cmd': ['/usr/bin/cmake', '--install', '/workspace/eYRC_26-27_Hola-The-Explorer/Software/workspace/build/hb_description'], 'cwd': '/workspace/eYRC_26-27_Hola-The-Explorer/Software/workspace/build/hb_description', 'env': OrderedDict([('HOSTNAME', 'KABE'), ('SHLVL', '0'), ('LD_LIBRARY_PATH', '/workspace/eYRC_26-27_Hola-The-Explorer/Software/workspace/install/shape_interface/lib:/opt/ros/humble/opt/rviz_ogre_vendor/lib:/opt/ros/humble/lib/x86_64-linux-gnu:/opt/ros/humble/lib'), ('HOME', '/root'), ('OLDPWD', '/workspace'), ('ROS_PYTHON_VERSION', '3'), ('ROS_DISTRO', 'humble'), ('_', '/usr/bin/colcon'), ('ROS_VERSION', '2'), ('ROS_LOCALHOST_ONLY', '0'), ('QT_X11_NO_MITSHM', '1'), ('PATH', '/opt/ros/humble/bin:/usr/local/sbin:/usr/local/bin:/usr/sbin:/usr/bin:/sbin:/bin'), ('DISPLAY', ':0'), ('LANG', 'C.UTF-8'), ('AMENT_PREFIX_PATH', '/workspace/eYRC_26-27_Hola-The-Explorer/Software/workspace/install/task_1a:/workspace/eYRC_26-27_Hola-The-Explorer/Software/workspace/install/shape_interface:/opt/ros/humble'), ('DEBIAN_FRONTEND', 'noninteractive'), ('PWD', '/workspace/eYRC_26-27_Hola-The-Explorer/Software/workspace/build/hb_description'), ('LC_ALL', 'C.UTF-8'), ('PYTHONPATH', '/workspace/eYRC_26-27_Hola-The-Explorer/Software/workspace/install/task_1a/local/lib/python3.10/dist-packages:/workspace/eYRC_26-27_Hola-The-Explorer/Software/workspace/install/shape_interface/local/lib/python3.10/dist-packages:/opt/ros/humble/lib/python3.10/site-packages:/opt/ros/humble/local/lib/python3.10/dist-packages'), ('COLCON', '1'), ('CMAKE_PREFIX_PATH', '/workspace/eYRC_26-27_Hola-The-Explorer/Software/workspace/install/task_1a:/workspace/eYRC_26-27_Hola-The-Explorer/Software/workspace/install/shape_interface:/opt/ros/humble')]), 'shell': False}
[1.499256] (hb_description) StdoutLine: {'line': b'-- Install configuration: ""\n'}
[1.499963] (hb_description) StdoutLine: {'line': b'-- Execute custom install script\n'}
[1.500306] (hb_description) StdoutLine: {'line': b'-- Up-to-date symlink: /workspace/eYRC_26-27_Hola-The-Explorer/Software/workspace/install/hb_description/lib/hb_description/task1a_bridge\n'}
[1.500532] (hb_description) StdoutLine: {'line': b'-- Up-to-date symlink: /workspace/eYRC_26-27_Hola-The-Explorer/Software/workspace/install/hb_description/lib/hb_description/task1a_camera\n'}
[1.500790] (hb_description) StdoutLine: {'line': b'-- Up-to-date symlink: /workspace/eYRC_26-27_Hola-The-Explorer/Software/workspace/install/hb_description/lib/hb_description/task1c_bridge\n'}
[1.501068] (hb_description) StdoutLine: {'line': b'-- Up-to-date symlink: /workspace/eYRC_26-27_Hola-The-Explorer/Software/workspace/install/hb_description/lib/hb_description/task1c_camera\n'}
[1.501356] (hb_description) StdoutLine: {'line': b'-- Up-to-date symlink: /workspace/eYRC_26-27_Hola-The-Explorer/Software/workspace/install/hb_description/lib/hb_description/camera_stream\n'}
[1.501875] (hb_description) StdoutLine: {'line': b'-- Up-to-date symlink: /workspace/eYRC_26-27_Hola-The-Explorer/Software/workspace/install/hb_description/share/hb_description/launch/task1a.launch.py\n'}
[1.502027] (hb_description) StdoutLine: {'line': b'-- Up-to-date symlink: /workspace/eYRC_26-27_Hola-The-Explorer/Software/workspace/install/hb_description/share/hb_description/launch/task1b.launch.py\n'}
[1.502170] (hb_description) StdoutLine: {'line': b'-- Up-to-date symlink: /workspace/eYRC_26-27_Hola-The-Explorer/Software/workspace/install/hb_description/share/hb_description/launch/task1c.launch.py\n'}
[1.502448] (hb_description) StdoutLine: {'line': b'-- Up-to-date symlink: /workspace/eYRC_26-27_Hola-The-Explorer/Software/workspace/install/hb_description/share/ament_index/resource_index/package_run_dependencies/hb_description\n'}
[1.502790] (hb_description) StdoutLine: {'line': b'-- Up-to-date symlink: /workspace/eYRC_26-27_Hola-The-Explorer/Software/workspace/install/hb_description/share/ament_index/resource_index/parent_prefix_path/hb_description\n'}
[1.502935] (hb_description) StdoutLine: {'line': b'-- Up-to-date symlink: /workspace/eYRC_26-27_Hola-The-Explorer/Software/workspace/install/hb_description/share/hb_description/environment/ament_prefix_path.sh\n'}
[1.503429] (hb_description) StdoutLine: {'line': b'-- Up-to-date symlink: /workspace/eYRC_26-27_Hola-The-Explorer/Software/workspace/install/hb_description/share/hb_description/environment/ament_prefix_path.dsv\n'}
[1.503754] (hb_description) StdoutLine: {'line': b'-- Up-to-date symlink: /workspace/eYRC_26-27_Hola-The-Explorer/Software/workspace/install/hb_description/share/hb_description/environment/path.sh\n'}
[1.504127] (hb_description) StdoutLine: {'line': b'-- Up-to-date symlink: /workspace/eYRC_26-27_Hola-The-Explorer/Software/workspace/install/hb_description/share/hb_description/environment/path.dsv\n'}
[1.504813] (hb_description) StdoutLine: {'line': b'-- Up-to-date symlink: /workspace/eYRC_26-27_Hola-The-Explorer/Software/workspace/install/hb_description/share/hb_description/local_setup.bash\n'}
[1.505314] (hb_description) StdoutLine: {'line': b'-- Up-to-date symlink: /workspace/eYRC_26-27_Hola-The-Explorer/Software/workspace/install/hb_description/share/hb_description/local_setup.sh\n'}
[1.505403] (hb_description) StdoutLine: {'line': b'-- Up-to-date symlink: /workspace/eYRC_26-27_Hola-The-Explorer/Software/workspace/install/hb_description/share/hb_description/local_setup.zsh\n'}
[1.505616] (hb_description) StdoutLine: {'line': b'-- Up-to-date symlink: /workspace/eYRC_26-27_Hola-The-Explorer/Software/workspace/install/hb_description/share/hb_description/local_setup.dsv\n'}
[1.505915] (hb_description) StdoutLine: {'line': b'-- Symlinking: /workspace/eYRC_26-27_Hola-The-Explorer/Software/workspace/install/hb_description/share/hb_description/package.dsv\n'}
[1.513657] (-) TimerEvent: {}
[1.519592] (hb_description) StdoutLine: {'line': b'-- Up-to-date symlink: /workspace/eYRC_26-27_Hola-The-Explorer/Software/workspace/install/hb_description/share/ament_index/resource_index/packages/hb_description\n'}
[1.519943] (hb_description) StdoutLine: {'line': b'-- Up-to-date symlink: /workspace/eYRC_26-27_Hola-The-Explorer/Software/workspace/install/hb_description/share/hb_description/cmake/hb_descriptionConfig.cmake\n'}
[1.520039] (hb_description) StdoutLine: {'line': b'-- Up-to-date symlink: /workspace/eYRC_26-27_Hola-The-Explorer/Software/workspace/install/hb_description/share/hb_description/cmake/hb_descriptionConfig-version.cmake\n'}
[1.520201] (hb_description) StdoutLine: {'line': b'-- Up-to-date symlink: /workspace/eYRC_26-27_Hola-The-Explorer/Software/workspace/install/hb_description/share/hb_description/package.xml\n'}
[1.520560] (hb_description) StdoutLine: {'line': b'-- Up-to-date: /workspace/eYRC_26-27_Hola-The-Explorer/Software/workspace/install/hb_description/lib\n'}
[1.520656] (hb_description) StdoutLine: {'line': b'-- Up-to-date: /workspace/eYRC_26-27_Hola-The-Explorer/Software/workspace/install/hb_description/lib/libhb_source__rosidl_generator_c.so\n'}
[1.520726] (hb_description) StdoutLine: {'line': b'-- Up-to-date: /workspace/eYRC_26-27_Hola-The-Explorer/Software/workspace/install/hb_description/lib/libhb_source__rosidl_generator_py.so\n'}
[1.520792] (hb_description) StdoutLine: {'line': b'-- Up-to-date: /workspace/eYRC_26-27_Hola-The-Explorer/Software/workspace/install/hb_description/lib/libhb_source__rosidl_typesupport_c.so\n'}
[1.520859] (hb_description) StdoutLine: {'line': b'-- Up-to-date: /workspace/eYRC_26-27_Hola-The-Explorer/Software/workspace/install/hb_description/lib/libmujoco.so\n'}
[1.521242] (hb_description) StdoutLine: {'line': b'-- Up-to-date: /workspace/eYRC_26-27_Hola-The-Explorer/Software/workspace/install/hb_description/lib/libmujoco.so.3.4.0\n'}
[1.521340] (hb_description) StdoutLine: {'line': b'-- Up-to-date: /workspace/eYRC_26-27_Hola-The-Explorer/Software/workspace/install/hb_description/lib/libhb_source__rosidl_typesupport_introspection_cpp.so\n'}
[1.521408] (hb_description) StdoutLine: {'line': b'-- Up-to-date: /workspace/eYRC_26-27_Hola-The-Explorer/Software/workspace/install/hb_description/lib/libhb_source__rosidl_typesupport_cpp.so\n'}
[1.521476] (hb_description) StdoutLine: {'line': b'-- Up-to-date: /workspace/eYRC_26-27_Hola-The-Explorer/Software/workspace/install/hb_description/lib/libhb_source__rosidl_typesupport_fastrtps_c.so\n'}
[1.521539] (hb_description) StdoutLine: {'line': b'-- Up-to-date: /workspace/eYRC_26-27_Hola-The-Explorer/Software/workspace/install/hb_description/lib/libhb_source__rosidl_typesupport_fastrtps_cpp.so\n'}
[1.521598] (hb_description) StdoutLine: {'line': b'-- Up-to-date: /workspace/eYRC_26-27_Hola-The-Explorer/Software/workspace/install/hb_description/lib/libhb_source__rosidl_typesupport_introspection_c.so\n'}
[1.524452] (hb_description) CommandEnded: {'returncode': 0}
[1.553212] (hb_description) JobEnded: {'identifier': 'hb_description', 'rc': 0}
[1.554091] (-) EventReactorShutdown: {}
