[0.191s] DEBUG:colcon:Command line arguments: ['/usr/bin/colcon', 'build', '--symlink-install', '--packages-select', 'task_1a']
[0.191s] DEBUG:colcon:Parsed command line arguments: Namespace(log_base=None, log_level=None, verb_name='build', build_base='build', install_base='install', merge_install=False, symlink_install=True, test_result_base=None, continue_on_error=False, executor='parallel', parallel_workers=12, event_handlers=None, ignore_user_meta=False, metas=['./colcon.meta'], base_paths=['.'], packages_ignore=None, packages_ignore_regex=None, paths=None, packages_up_to=None, packages_up_to_regex=None, packages_above=None, packages_above_and_dependencies=None, packages_above_depth=None, packages_select_by_dep=None, packages_skip_by_dep=None, packages_skip_up_to=None, packages_select_build_failed=False, packages_skip_build_finished=False, packages_select_test_failures=False, packages_skip_test_passed=False, packages_select=['task_1a'], packages_skip=None, packages_select_regex=None, packages_skip_regex=None, packages_start=None, packages_end=None, cmake_args=None, cmake_target=None, cmake_target_skip_unavailable=False, cmake_clean_cache=False, cmake_clean_first=False, cmake_force_configure=False, ament_cmake_args=None, catkin_cmake_args=None, catkin_skip_building_tests=False, mixin_files=None, mixin=None, verb_parser=<colcon_mixin.mixin.mixin_argument.MixinArgumentDecorator object at 0x72d658d84490>, verb_extension=<colcon_core.verb.build.BuildVerb object at 0x72d658d4fe20>, main=<bound method BuildVerb.main of <colcon_core.verb.build.BuildVerb object at 0x72d658d4fe20>>, mixin_verb=('build',))
[0.448s] Level 1:colcon.colcon_core.package_discovery:discover_packages(colcon_meta) check parameters
[0.449s] INFO:colcon.colcon_metadata.package_discovery.colcon_meta:Using configuration from '/root/.colcon/metadata/default/Gazebo.meta'
[0.450s] INFO:colcon.colcon_metadata.package_discovery.colcon_meta:Using configuration from '/root/.colcon/metadata/default/fastdds.meta'
[0.451s] INFO:colcon.colcon_metadata.package_discovery.colcon_meta:Using configuration from '/root/.colcon/metadata/default/fastrtps.meta'
[0.451s] Level 1:colcon.colcon_core.package_discovery:discover_packages(recursive) check parameters
[0.451s] Level 1:colcon.colcon_core.package_discovery:discover_packages(ignore) check parameters
[0.451s] Level 1:colcon.colcon_core.package_discovery:discover_packages(path) check parameters
[0.451s] Level 1:colcon.colcon_core.package_discovery:discover_packages(colcon_meta) discover
[0.451s] Level 1:colcon.colcon_core.package_discovery:discover_packages(recursive) discover
[0.451s] INFO:colcon.colcon_core.package_discovery:Crawling recursively for packages in '/workspace/eYRC_26-27_Hola-The-Explorer/Software/workspace'
[0.451s] Level 1:colcon.colcon_core.package_identification:_identify(.) by extensions ['ignore', 'ignore_ament_install']
[0.451s] Level 1:colcon.colcon_core.package_identification:_identify(.) by extension 'ignore'
[0.451s] Level 1:colcon.colcon_core.package_identification:_identify(.) by extension 'ignore_ament_install'
[0.452s] Level 1:colcon.colcon_core.package_identification:_identify(.) by extensions ['colcon_pkg']
[0.452s] Level 1:colcon.colcon_core.package_identification:_identify(.) by extension 'colcon_pkg'
[0.452s] Level 1:colcon.colcon_core.package_identification:_identify(.) by extensions ['colcon_meta']
[0.452s] Level 1:colcon.colcon_core.package_identification:_identify(.) by extension 'colcon_meta'
[0.452s] Level 1:colcon.colcon_core.package_identification:_identify(.) by extensions ['ros']
[0.452s] Level 1:colcon.colcon_core.package_identification:_identify(.) by extension 'ros'
[0.472s] Level 1:colcon.colcon_core.package_identification:_identify(.) by extensions ['cmake', 'python']
[0.472s] Level 1:colcon.colcon_core.package_identification:_identify(.) by extension 'cmake'
[0.472s] Level 1:colcon.colcon_core.package_identification:_identify(.) by extension 'python'
[0.472s] Level 1:colcon.colcon_core.package_identification:_identify(.) by extensions ['python_setup_py']
[0.472s] Level 1:colcon.colcon_core.package_identification:_identify(.) by extension 'python_setup_py'
[0.472s] Level 1:colcon.colcon_core.package_identification:_identify(build) by extensions ['ignore', 'ignore_ament_install']
[0.473s] Level 1:colcon.colcon_core.package_identification:_identify(build) by extension 'ignore'
[0.473s] Level 1:colcon.colcon_core.package_identification:_identify(build) ignored
[0.473s] Level 1:colcon.colcon_core.package_identification:_identify(install) by extensions ['ignore', 'ignore_ament_install']
[0.473s] Level 1:colcon.colcon_core.package_identification:_identify(install) by extension 'ignore'
[0.473s] Level 1:colcon.colcon_core.package_identification:_identify(install) ignored
[0.473s] Level 1:colcon.colcon_core.package_identification:_identify(log) by extensions ['ignore', 'ignore_ament_install']
[0.473s] Level 1:colcon.colcon_core.package_identification:_identify(log) by extension 'ignore'
[0.473s] Level 1:colcon.colcon_core.package_identification:_identify(log) ignored
[0.474s] Level 1:colcon.colcon_core.package_identification:_identify(src) by extensions ['ignore', 'ignore_ament_install']
[0.474s] Level 1:colcon.colcon_core.package_identification:_identify(src) by extension 'ignore'
[0.474s] Level 1:colcon.colcon_core.package_identification:_identify(src) by extension 'ignore_ament_install'
[0.474s] Level 1:colcon.colcon_core.package_identification:_identify(src) by extensions ['colcon_pkg']
[0.474s] Level 1:colcon.colcon_core.package_identification:_identify(src) by extension 'colcon_pkg'
[0.474s] Level 1:colcon.colcon_core.package_identification:_identify(src) by extensions ['colcon_meta']
[0.474s] Level 1:colcon.colcon_core.package_identification:_identify(src) by extension 'colcon_meta'
[0.474s] Level 1:colcon.colcon_core.package_identification:_identify(src) by extensions ['ros']
[0.474s] Level 1:colcon.colcon_core.package_identification:_identify(src) by extension 'ros'
[0.474s] Level 1:colcon.colcon_core.package_identification:_identify(src) by extensions ['cmake', 'python']
[0.474s] Level 1:colcon.colcon_core.package_identification:_identify(src) by extension 'cmake'
[0.474s] Level 1:colcon.colcon_core.package_identification:_identify(src) by extension 'python'
[0.474s] Level 1:colcon.colcon_core.package_identification:_identify(src) by extensions ['python_setup_py']
[0.475s] Level 1:colcon.colcon_core.package_identification:_identify(src) by extension 'python_setup_py'
[0.475s] Level 1:colcon.colcon_core.package_identification:_identify(src/hb_description) by extensions ['ignore', 'ignore_ament_install']
[0.475s] Level 1:colcon.colcon_core.package_identification:_identify(src/hb_description) by extension 'ignore'
[0.475s] Level 1:colcon.colcon_core.package_identification:_identify(src/hb_description) by extension 'ignore_ament_install'
[0.475s] Level 1:colcon.colcon_core.package_identification:_identify(src/hb_description) by extensions ['colcon_pkg']
[0.475s] Level 1:colcon.colcon_core.package_identification:_identify(src/hb_description) by extension 'colcon_pkg'
[0.475s] Level 1:colcon.colcon_core.package_identification:_identify(src/hb_description) by extensions ['colcon_meta']
[0.475s] Level 1:colcon.colcon_core.package_identification:_identify(src/hb_description) by extension 'colcon_meta'
[0.475s] Level 1:colcon.colcon_core.package_identification:_identify(src/hb_description) by extensions ['ros']
[0.475s] Level 1:colcon.colcon_core.package_identification:_identify(src/hb_description) by extension 'ros'
[0.480s] DEBUG:colcon.colcon_core.package_identification:Package 'src/hb_description' with type 'ros.ament_cmake' and name 'hb_description'
[0.480s] Level 1:colcon.colcon_core.package_identification:_identify(src/shape_interface) by extensions ['ignore', 'ignore_ament_install']
[0.480s] Level 1:colcon.colcon_core.package_identification:_identify(src/shape_interface) by extension 'ignore'
[0.480s] Level 1:colcon.colcon_core.package_identification:_identify(src/shape_interface) by extension 'ignore_ament_install'
[0.480s] Level 1:colcon.colcon_core.package_identification:_identify(src/shape_interface) by extensions ['colcon_pkg']
[0.480s] Level 1:colcon.colcon_core.package_identification:_identify(src/shape_interface) by extension 'colcon_pkg'
[0.481s] Level 1:colcon.colcon_core.package_identification:_identify(src/shape_interface) by extensions ['colcon_meta']
[0.481s] Level 1:colcon.colcon_core.package_identification:_identify(src/shape_interface) by extension 'colcon_meta'
[0.481s] Level 1:colcon.colcon_core.package_identification:_identify(src/shape_interface) by extensions ['ros']
[0.481s] Level 1:colcon.colcon_core.package_identification:_identify(src/shape_interface) by extension 'ros'
[0.482s] DEBUG:colcon.colcon_core.package_identification:Package 'src/shape_interface' with type 'ros.ament_cmake' and name 'shape_interface'
[0.482s] Level 1:colcon.colcon_core.package_identification:_identify(src/task_1a) by extensions ['ignore', 'ignore_ament_install']
[0.482s] Level 1:colcon.colcon_core.package_identification:_identify(src/task_1a) by extension 'ignore'
[0.482s] Level 1:colcon.colcon_core.package_identification:_identify(src/task_1a) by extension 'ignore_ament_install'
[0.482s] Level 1:colcon.colcon_core.package_identification:_identify(src/task_1a) by extensions ['colcon_pkg']
[0.482s] Level 1:colcon.colcon_core.package_identification:_identify(src/task_1a) by extension 'colcon_pkg'
[0.482s] Level 1:colcon.colcon_core.package_identification:_identify(src/task_1a) by extensions ['colcon_meta']
[0.482s] Level 1:colcon.colcon_core.package_identification:_identify(src/task_1a) by extension 'colcon_meta'
[0.482s] Level 1:colcon.colcon_core.package_identification:_identify(src/task_1a) by extensions ['ros']
[0.482s] Level 1:colcon.colcon_core.package_identification:_identify(src/task_1a) by extension 'ros'
[0.484s] DEBUG:colcon.colcon_core.package_identification:Package 'src/task_1a' with type 'ros.ament_cmake' and name 'task_1a'
[0.484s] Level 1:colcon.colcon_core.package_identification:_identify(src/task_1b) by extensions ['ignore', 'ignore_ament_install']
[0.484s] Level 1:colcon.colcon_core.package_identification:_identify(src/task_1b) by extension 'ignore'
[0.484s] Level 1:colcon.colcon_core.package_identification:_identify(src/task_1b) by extension 'ignore_ament_install'
[0.484s] Level 1:colcon.colcon_core.package_identification:_identify(src/task_1b) by extensions ['colcon_pkg']
[0.484s] Level 1:colcon.colcon_core.package_identification:_identify(src/task_1b) by extension 'colcon_pkg'
[0.484s] Level 1:colcon.colcon_core.package_identification:_identify(src/task_1b) by extensions ['colcon_meta']
[0.485s] Level 1:colcon.colcon_core.package_identification:_identify(src/task_1b) by extension 'colcon_meta'
[0.485s] Level 1:colcon.colcon_core.package_identification:_identify(src/task_1b) by extensions ['ros']
[0.485s] Level 1:colcon.colcon_core.package_identification:_identify(src/task_1b) by extension 'ros'
[0.486s] DEBUG:colcon.colcon_core.package_identification:Package 'src/task_1b' with type 'ros.ament_cmake' and name 'task_1b'
[0.486s] Level 1:colcon.colcon_core.package_identification:_identify(src/task_1c) by extensions ['ignore', 'ignore_ament_install']
[0.486s] Level 1:colcon.colcon_core.package_identification:_identify(src/task_1c) by extension 'ignore'
[0.486s] Level 1:colcon.colcon_core.package_identification:_identify(src/task_1c) by extension 'ignore_ament_install'
[0.486s] Level 1:colcon.colcon_core.package_identification:_identify(src/task_1c) by extensions ['colcon_pkg']
[0.486s] Level 1:colcon.colcon_core.package_identification:_identify(src/task_1c) by extension 'colcon_pkg'
[0.486s] Level 1:colcon.colcon_core.package_identification:_identify(src/task_1c) by extensions ['colcon_meta']
[0.486s] Level 1:colcon.colcon_core.package_identification:_identify(src/task_1c) by extension 'colcon_meta'
[0.486s] Level 1:colcon.colcon_core.package_identification:_identify(src/task_1c) by extensions ['ros']
[0.486s] Level 1:colcon.colcon_core.package_identification:_identify(src/task_1c) by extension 'ros'
[0.488s] DEBUG:colcon.colcon_core.package_identification:Package 'src/task_1c' with type 'ros.ament_cmake' and name 'task_1c'
[0.488s] Level 1:colcon.colcon_core.package_discovery:discover_packages(recursive) using defaults
[0.488s] Level 1:colcon.colcon_core.package_discovery:discover_packages(ignore) discover
[0.488s] Level 1:colcon.colcon_core.package_discovery:discover_packages(ignore) using defaults
[0.488s] Level 1:colcon.colcon_core.package_discovery:discover_packages(path) discover
[0.488s] Level 1:colcon.colcon_core.package_discovery:discover_packages(path) using defaults
[0.547s] INFO:colcon.colcon_core.package_selection:Skipping not selected package 'shape_interface' in 'src/shape_interface'
[0.547s] INFO:colcon.colcon_core.package_selection:Skipping not selected package 'task_1b' in 'src/task_1b'
[0.548s] INFO:colcon.colcon_core.package_selection:Skipping not selected package 'task_1c' in 'src/task_1c'
[0.548s] INFO:colcon.colcon_core.package_selection:Skipping not selected package 'hb_description' in 'src/hb_description'
[0.548s] Level 5:colcon.colcon_core.verb:set package 'task_1a' build argument 'cmake_args' from command line to 'None'
[0.548s] Level 5:colcon.colcon_core.verb:set package 'task_1a' build argument 'cmake_target' from command line to 'None'
[0.549s] Level 5:colcon.colcon_core.verb:set package 'task_1a' build argument 'cmake_target_skip_unavailable' from command line to 'False'
[0.549s] Level 5:colcon.colcon_core.verb:set package 'task_1a' build argument 'cmake_clean_cache' from command line to 'False'
[0.549s] Level 5:colcon.colcon_core.verb:set package 'task_1a' build argument 'cmake_clean_first' from command line to 'False'
[0.549s] Level 5:colcon.colcon_core.verb:set package 'task_1a' build argument 'cmake_force_configure' from command line to 'False'
[0.549s] Level 5:colcon.colcon_core.verb:set package 'task_1a' build argument 'ament_cmake_args' from command line to 'None'
[0.549s] Level 5:colcon.colcon_core.verb:set package 'task_1a' build argument 'catkin_cmake_args' from command line to 'None'
[0.549s] Level 5:colcon.colcon_core.verb:set package 'task_1a' build argument 'catkin_skip_building_tests' from command line to 'False'
[0.549s] DEBUG:colcon.colcon_core.verb:Building package 'task_1a' with the following arguments: {'ament_cmake_args': None, 'build_base': '/workspace/eYRC_26-27_Hola-The-Explorer/Software/workspace/build/task_1a', 'catkin_cmake_args': None, 'catkin_skip_building_tests': False, 'cmake_args': None, 'cmake_clean_cache': False, 'cmake_clean_first': False, 'cmake_force_configure': False, 'cmake_target': None, 'cmake_target_skip_unavailable': False, 'install_base': '/workspace/eYRC_26-27_Hola-The-Explorer/Software/workspace/install/task_1a', 'merge_install': False, 'path': '/workspace/eYRC_26-27_Hola-The-Explorer/Software/workspace/src/task_1a', 'symlink_install': True, 'test_result_base': None}
[0.549s] INFO:colcon.colcon_core.executor:Executing jobs using 'parallel' executor
[0.551s] DEBUG:colcon.colcon_parallel_executor.executor.parallel:run_until_complete
[0.551s] INFO:colcon.colcon_ros.task.ament_cmake.build:Building ROS package in '/workspace/eYRC_26-27_Hola-The-Explorer/Software/workspace/src/task_1a' with build type 'ament_cmake'
[0.552s] INFO:colcon.colcon_cmake.task.cmake.build:Building CMake package in '/workspace/eYRC_26-27_Hola-The-Explorer/Software/workspace/src/task_1a'
[0.556s] INFO:colcon.colcon_core.plugin_system:Skipping extension 'colcon_core.shell.bat': Not used on non-Windows systems
[0.556s] INFO:colcon.colcon_core.shell:Skip shell extension 'powershell' for command environment: Not usable outside of PowerShell
[0.556s] DEBUG:colcon.colcon_core.shell:Skip shell extension 'dsv' for command environment
[0.579s] DEBUG:colcon.colcon_core.event_handler.log_command:Invoking command in '/workspace/eYRC_26-27_Hola-The-Explorer/Software/workspace/build/task_1a': AMENT_PREFIX_PATH=/workspace/eYRC_26-27_Hola-The-Explorer/Software/workspace/install/shape_interface:${AMENT_PREFIX_PATH} CMAKE_PREFIX_PATH=/workspace/eYRC_26-27_Hola-The-Explorer/Software/workspace/install/shape_interface:/opt/ros/humble LD_LIBRARY_PATH=/workspace/eYRC_26-27_Hola-The-Explorer/Software/workspace/install/shape_interface/lib:${LD_LIBRARY_PATH} PYTHONPATH=/workspace/eYRC_26-27_Hola-The-Explorer/Software/workspace/install/shape_interface/local/lib/python3.10/dist-packages:${PYTHONPATH} /usr/bin/cmake --build /workspace/eYRC_26-27_Hola-The-Explorer/Software/workspace/build/task_1a -- -j12 -l12
[1.069s] DEBUG:colcon.colcon_core.event_handler.log_command:Invoked command in '/workspace/eYRC_26-27_Hola-The-Explorer/Software/workspace/build/task_1a' returned '0': AMENT_PREFIX_PATH=/workspace/eYRC_26-27_Hola-The-Explorer/Software/workspace/install/shape_interface:${AMENT_PREFIX_PATH} CMAKE_PREFIX_PATH=/workspace/eYRC_26-27_Hola-The-Explorer/Software/workspace/install/shape_interface:/opt/ros/humble LD_LIBRARY_PATH=/workspace/eYRC_26-27_Hola-The-Explorer/Software/workspace/install/shape_interface/lib:${LD_LIBRARY_PATH} PYTHONPATH=/workspace/eYRC_26-27_Hola-The-Explorer/Software/workspace/install/shape_interface/local/lib/python3.10/dist-packages:${PYTHONPATH} /usr/bin/cmake --build /workspace/eYRC_26-27_Hola-The-Explorer/Software/workspace/build/task_1a -- -j12 -l12
[1.080s] DEBUG:colcon.colcon_core.event_handler.log_command:Invoking command in '/workspace/eYRC_26-27_Hola-The-Explorer/Software/workspace/build/task_1a': AMENT_PREFIX_PATH=/workspace/eYRC_26-27_Hola-The-Explorer/Software/workspace/install/shape_interface:${AMENT_PREFIX_PATH} CMAKE_PREFIX_PATH=/workspace/eYRC_26-27_Hola-The-Explorer/Software/workspace/install/shape_interface:/opt/ros/humble LD_LIBRARY_PATH=/workspace/eYRC_26-27_Hola-The-Explorer/Software/workspace/install/shape_interface/lib:${LD_LIBRARY_PATH} PYTHONPATH=/workspace/eYRC_26-27_Hola-The-Explorer/Software/workspace/install/shape_interface/local/lib/python3.10/dist-packages:${PYTHONPATH} /usr/bin/cmake --install /workspace/eYRC_26-27_Hola-The-Explorer/Software/workspace/build/task_1a
[1.179s] Level 1:colcon.colcon_core.environment:create_environment_scripts_only(task_1a)
[1.182s] DEBUG:colcon.colcon_core.event_handler.log_command:Invoked command in '/workspace/eYRC_26-27_Hola-The-Explorer/Software/workspace/build/task_1a' returned '0': AMENT_PREFIX_PATH=/workspace/eYRC_26-27_Hola-The-Explorer/Software/workspace/install/shape_interface:${AMENT_PREFIX_PATH} CMAKE_PREFIX_PATH=/workspace/eYRC_26-27_Hola-The-Explorer/Software/workspace/install/shape_interface:/opt/ros/humble LD_LIBRARY_PATH=/workspace/eYRC_26-27_Hola-The-Explorer/Software/workspace/install/shape_interface/lib:${LD_LIBRARY_PATH} PYTHONPATH=/workspace/eYRC_26-27_Hola-The-Explorer/Software/workspace/install/shape_interface/local/lib/python3.10/dist-packages:${PYTHONPATH} /usr/bin/cmake --install /workspace/eYRC_26-27_Hola-The-Explorer/Software/workspace/build/task_1a
[1.184s] Level 1:colcon.colcon_core.environment:checking '/workspace/eYRC_26-27_Hola-The-Explorer/Software/workspace/install/task_1a' for CMake module files
[1.185s] Level 1:colcon.colcon_core.environment:checking '/workspace/eYRC_26-27_Hola-The-Explorer/Software/workspace/install/task_1a' for CMake config files
[1.186s] Level 1:colcon.colcon_core.shell:create_environment_hook('task_1a', 'cmake_prefix_path')
[1.186s] INFO:colcon.colcon_core.shell:Creating environment hook '/workspace/eYRC_26-27_Hola-The-Explorer/Software/workspace/install/task_1a/share/task_1a/hook/cmake_prefix_path.ps1'
[1.188s] INFO:colcon.colcon_core.shell:Creating environment descriptor '/workspace/eYRC_26-27_Hola-The-Explorer/Software/workspace/install/task_1a/share/task_1a/hook/cmake_prefix_path.dsv'
[1.189s] INFO:colcon.colcon_core.shell:Creating environment hook '/workspace/eYRC_26-27_Hola-The-Explorer/Software/workspace/install/task_1a/share/task_1a/hook/cmake_prefix_path.sh'
[1.190s] Level 1:colcon.colcon_core.environment:checking '/workspace/eYRC_26-27_Hola-The-Explorer/Software/workspace/install/task_1a/lib'
[1.191s] Level 1:colcon.colcon_core.environment:checking '/workspace/eYRC_26-27_Hola-The-Explorer/Software/workspace/install/task_1a/bin'
[1.191s] Level 1:colcon.colcon_core.environment:checking '/workspace/eYRC_26-27_Hola-The-Explorer/Software/workspace/install/task_1a/lib/pkgconfig/task_1a.pc'
[1.195s] Level 1:colcon.colcon_core.environment:checking '/workspace/eYRC_26-27_Hola-The-Explorer/Software/workspace/install/task_1a/lib/python3.10/site-packages'
[1.196s] Level 1:colcon.colcon_core.environment:checking '/workspace/eYRC_26-27_Hola-The-Explorer/Software/workspace/install/task_1a/bin'
[1.197s] INFO:colcon.colcon_core.shell:Creating package script '/workspace/eYRC_26-27_Hola-The-Explorer/Software/workspace/install/task_1a/share/task_1a/package.ps1'
[1.199s] INFO:colcon.colcon_core.shell:Creating package descriptor '/workspace/eYRC_26-27_Hola-The-Explorer/Software/workspace/install/task_1a/share/task_1a/package.dsv'
[1.200s] INFO:colcon.colcon_core.shell:Creating package script '/workspace/eYRC_26-27_Hola-The-Explorer/Software/workspace/install/task_1a/share/task_1a/package.sh'
[1.201s] INFO:colcon.colcon_core.shell:Creating package script '/workspace/eYRC_26-27_Hola-The-Explorer/Software/workspace/install/task_1a/share/task_1a/package.bash'
[1.202s] INFO:colcon.colcon_core.shell:Creating package script '/workspace/eYRC_26-27_Hola-The-Explorer/Software/workspace/install/task_1a/share/task_1a/package.zsh'
[1.203s] Level 1:colcon.colcon_core.environment:create_file_with_runtime_dependencies(/workspace/eYRC_26-27_Hola-The-Explorer/Software/workspace/install/task_1a/share/colcon-core/packages/task_1a)
[1.205s] Level 1:colcon.colcon_core.environment:create_environment_scripts_only(task_1a)
[1.205s] Level 1:colcon.colcon_core.environment:checking '/workspace/eYRC_26-27_Hola-The-Explorer/Software/workspace/install/task_1a' for CMake module files
[1.206s] Level 1:colcon.colcon_core.environment:checking '/workspace/eYRC_26-27_Hola-The-Explorer/Software/workspace/install/task_1a' for CMake config files
[1.207s] Level 1:colcon.colcon_core.shell:create_environment_hook('task_1a', 'cmake_prefix_path')
[1.207s] INFO:colcon.colcon_core.shell:Creating environment hook '/workspace/eYRC_26-27_Hola-The-Explorer/Software/workspace/install/task_1a/share/task_1a/hook/cmake_prefix_path.ps1'
[1.208s] INFO:colcon.colcon_core.shell:Creating environment descriptor '/workspace/eYRC_26-27_Hola-The-Explorer/Software/workspace/install/task_1a/share/task_1a/hook/cmake_prefix_path.dsv'
[1.208s] INFO:colcon.colcon_core.shell:Creating environment hook '/workspace/eYRC_26-27_Hola-The-Explorer/Software/workspace/install/task_1a/share/task_1a/hook/cmake_prefix_path.sh'
[1.209s] Level 1:colcon.colcon_core.environment:checking '/workspace/eYRC_26-27_Hola-The-Explorer/Software/workspace/install/task_1a/lib'
[1.209s] Level 1:colcon.colcon_core.environment:checking '/workspace/eYRC_26-27_Hola-The-Explorer/Software/workspace/install/task_1a/bin'
[1.209s] Level 1:colcon.colcon_core.environment:checking '/workspace/eYRC_26-27_Hola-The-Explorer/Software/workspace/install/task_1a/lib/pkgconfig/task_1a.pc'
[1.210s] Level 1:colcon.colcon_core.environment:checking '/workspace/eYRC_26-27_Hola-The-Explorer/Software/workspace/install/task_1a/lib/python3.10/site-packages'
[1.210s] Level 1:colcon.colcon_core.environment:checking '/workspace/eYRC_26-27_Hola-The-Explorer/Software/workspace/install/task_1a/bin'
[1.211s] INFO:colcon.colcon_core.shell:Creating package script '/workspace/eYRC_26-27_Hola-The-Explorer/Software/workspace/install/task_1a/share/task_1a/package.ps1'
[1.212s] INFO:colcon.colcon_core.shell:Creating package descriptor '/workspace/eYRC_26-27_Hola-The-Explorer/Software/workspace/install/task_1a/share/task_1a/package.dsv'
[1.213s] INFO:colcon.colcon_core.shell:Creating package script '/workspace/eYRC_26-27_Hola-The-Explorer/Software/workspace/install/task_1a/share/task_1a/package.sh'
[1.214s] INFO:colcon.colcon_core.shell:Creating package script '/workspace/eYRC_26-27_Hola-The-Explorer/Software/workspace/install/task_1a/share/task_1a/package.bash'
[1.214s] INFO:colcon.colcon_core.shell:Creating package script '/workspace/eYRC_26-27_Hola-The-Explorer/Software/workspace/install/task_1a/share/task_1a/package.zsh'
[1.215s] Level 1:colcon.colcon_core.environment:create_file_with_runtime_dependencies(/workspace/eYRC_26-27_Hola-The-Explorer/Software/workspace/install/task_1a/share/colcon-core/packages/task_1a)
[1.215s] DEBUG:colcon.colcon_parallel_executor.executor.parallel:closing loop
[1.216s] DEBUG:colcon.colcon_parallel_executor.executor.parallel:loop closed
[1.216s] DEBUG:colcon.colcon_parallel_executor.executor.parallel:run_until_complete finished with '0'
[1.216s] DEBUG:colcon.colcon_core.event_reactor:joining thread
[1.226s] INFO:colcon.colcon_core.plugin_system:Skipping extension 'colcon_notification.desktop_notification.notify_send': Could not find 'notify-send'
[1.226s] INFO:colcon.colcon_core.plugin_system:Skipping extension 'colcon_notification.desktop_notification.terminal_notifier': Not used on non-Darwin systems
[1.226s] INFO:colcon.colcon_core.plugin_system:Skipping extension 'colcon_notification.desktop_notification.win32': Not used on non-Windows systems
[1.226s] INFO:colcon.colcon_notification.desktop_notification:Sending desktop notification using 'notify2'
[1.229s] DEBUG:colcon.colcon_notification.desktop_notification.notify2:Failed to initialize notify2: org.freedesktop.DBus.Error.Spawn.ExecFailed: /usr/bin/dbus-launch terminated abnormally without any error message
[1.230s] DEBUG:colcon.colcon_core.event_reactor:joined thread
[1.231s] INFO:colcon.colcon_core.shell:Creating prefix script '/workspace/eYRC_26-27_Hola-The-Explorer/Software/workspace/install/local_setup.ps1'
[1.232s] INFO:colcon.colcon_core.shell:Creating prefix util module '/workspace/eYRC_26-27_Hola-The-Explorer/Software/workspace/install/_local_setup_util_ps1.py'
[1.233s] INFO:colcon.colcon_core.shell:Creating prefix chain script '/workspace/eYRC_26-27_Hola-The-Explorer/Software/workspace/install/setup.ps1'
[1.234s] INFO:colcon.colcon_core.shell:Creating prefix script '/workspace/eYRC_26-27_Hola-The-Explorer/Software/workspace/install/local_setup.sh'
[1.235s] INFO:colcon.colcon_core.shell:Creating prefix util module '/workspace/eYRC_26-27_Hola-The-Explorer/Software/workspace/install/_local_setup_util_sh.py'
[1.235s] INFO:colcon.colcon_core.shell:Creating prefix chain script '/workspace/eYRC_26-27_Hola-The-Explorer/Software/workspace/install/setup.sh'
[1.236s] INFO:colcon.colcon_core.shell:Creating prefix script '/workspace/eYRC_26-27_Hola-The-Explorer/Software/workspace/install/local_setup.bash'
[1.237s] INFO:colcon.colcon_core.shell:Creating prefix chain script '/workspace/eYRC_26-27_Hola-The-Explorer/Software/workspace/install/setup.bash'
[1.238s] INFO:colcon.colcon_core.shell:Creating prefix script '/workspace/eYRC_26-27_Hola-The-Explorer/Software/workspace/install/local_setup.zsh'
[1.238s] INFO:colcon.colcon_core.shell:Creating prefix chain script '/workspace/eYRC_26-27_Hola-The-Explorer/Software/workspace/install/setup.zsh'
