[0.014s] Invoking command in '/workspace/eYRC_26-27_Hola-The-Explorer/Software/workspace/build/task_1a': AMENT_PREFIX_PATH=/workspace/eYRC_26-27_Hola-The-Explorer/Software/workspace/install/shape_interface:${AMENT_PREFIX_PATH} CMAKE_PREFIX_PATH=/workspace/eYRC_26-27_Hola-The-Explorer/Software/workspace/install/shape_interface:/opt/ros/humble LD_LIBRARY_PATH=/workspace/eYRC_26-27_Hola-The-Explorer/Software/workspace/install/shape_interface/lib:${LD_LIBRARY_PATH} PYTHONPATH=/workspace/eYRC_26-27_Hola-The-Explorer/Software/workspace/install/shape_interface/local/lib/python3.10/dist-packages:${PYTHONPATH} /usr/bin/cmake /workspace/eYRC_26-27_Hola-The-Explorer/Software/workspace/src/task_1a -DAMENT_CMAKE_SYMLINK_INSTALL=1 -DCMAKE_INSTALL_PREFIX=/workspace/eYRC_26-27_Hola-The-Explorer/Software/workspace/install/task_1a
[0.112s] -- The C compiler identification is GNU 11.4.0
[0.196s] -- The CXX compiler identification is GNU 11.4.0
[0.208s] -- Detecting C compiler ABI info
[0.316s] -- Detecting C compiler ABI info - done
[0.330s] -- Check for working C compiler: /usr/bin/cc - skipped
[0.330s] -- Detecting C compile features
[0.330s] -- Detecting C compile features - done
[0.335s] -- Detecting CXX compiler ABI info
[0.456s] -- Detecting CXX compiler ABI info - done
[0.470s] -- Check for working CXX compiler: /usr/bin/c++ - skipped
[0.470s] -- Detecting CXX compile features
[0.470s] -- Detecting CXX compile features - done
[0.474s] -- Found ament_cmake: 1.3.14 (/opt/ros/humble/share/ament_cmake/cmake)
[0.659s] -- Found Python3: /usr/bin/python3 (found version "3.10.12") found components: Interpreter 
[0.726s] -- Override CMake install command with custom implementation using symlinks instead of copying resources
[0.880s] -- Found ament_lint_auto: 0.12.15 (/opt/ros/humble/share/ament_lint_auto/cmake)
[1.039s] -- Added test 'flake8' to check Python code syntax and style conventions
[1.040s] -- Added test 'lint_cmake' to check CMake code style
[1.040s] -- Added test 'pep257' to check Python code against some of the docstring style conventions in PEP 257
[1.042s] -- Added test 'xmllint' to check XML markup files
[1.045s] -- Configuring done
[1.050s] -- Generating done
[1.054s] -- Build files have been written to: /workspace/eYRC_26-27_Hola-The-Explorer/Software/workspace/build/task_1a
[1.062s] Invoked command in '/workspace/eYRC_26-27_Hola-The-Explorer/Software/workspace/build/task_1a' returned '0': AMENT_PREFIX_PATH=/workspace/eYRC_26-27_Hola-The-Explorer/Software/workspace/install/shape_interface:${AMENT_PREFIX_PATH} CMAKE_PREFIX_PATH=/workspace/eYRC_26-27_Hola-The-Explorer/Software/workspace/install/shape_interface:/opt/ros/humble LD_LIBRARY_PATH=/workspace/eYRC_26-27_Hola-The-Explorer/Software/workspace/install/shape_interface/lib:${LD_LIBRARY_PATH} PYTHONPATH=/workspace/eYRC_26-27_Hola-The-Explorer/Software/workspace/install/shape_interface/local/lib/python3.10/dist-packages:${PYTHONPATH} /usr/bin/cmake /workspace/eYRC_26-27_Hola-The-Explorer/Software/workspace/src/task_1a -DAMENT_CMAKE_SYMLINK_INSTALL=1 -DCMAKE_INSTALL_PREFIX=/workspace/eYRC_26-27_Hola-The-Explorer/Software/workspace/install/task_1a
[1.065s] Invoking command in '/workspace/eYRC_26-27_Hola-The-Explorer/Software/workspace/build/task_1a': AMENT_PREFIX_PATH=/workspace/eYRC_26-27_Hola-The-Explorer/Software/workspace/install/shape_interface:${AMENT_PREFIX_PATH} CMAKE_PREFIX_PATH=/workspace/eYRC_26-27_Hola-The-Explorer/Software/workspace/install/shape_interface:/opt/ros/humble LD_LIBRARY_PATH=/workspace/eYRC_26-27_Hola-The-Explorer/Software/workspace/install/shape_interface/lib:${LD_LIBRARY_PATH} PYTHONPATH=/workspace/eYRC_26-27_Hola-The-Explorer/Software/workspace/install/shape_interface/local/lib/python3.10/dist-packages:${PYTHONPATH} /usr/bin/cmake --build /workspace/eYRC_26-27_Hola-The-Explorer/Software/workspace/build/task_1a -- -j12 -l12
[1.189s] Built target ament_cmake_python_symlink_task_1a
[1.627s] running egg_info
[1.628s] creating task_1a.egg-info
[1.629s] writing task_1a.egg-info/PKG-INFO
[1.629s] writing dependency_links to task_1a.egg-info/dependency_links.txt
[1.629s] writing top-level names to task_1a.egg-info/top_level.txt
[1.630s] writing manifest file 'task_1a.egg-info/SOURCES.txt'
[1.632s] reading manifest file 'task_1a.egg-info/SOURCES.txt'
[1.633s] writing manifest file 'task_1a.egg-info/SOURCES.txt'
[1.687s] Built target ament_cmake_python_build_task_1a_egg
[1.708s] Invoked command in '/workspace/eYRC_26-27_Hola-The-Explorer/Software/workspace/build/task_1a' returned '0': AMENT_PREFIX_PATH=/workspace/eYRC_26-27_Hola-The-Explorer/Software/workspace/install/shape_interface:${AMENT_PREFIX_PATH} CMAKE_PREFIX_PATH=/workspace/eYRC_26-27_Hola-The-Explorer/Software/workspace/install/shape_interface:/opt/ros/humble LD_LIBRARY_PATH=/workspace/eYRC_26-27_Hola-The-Explorer/Software/workspace/install/shape_interface/lib:${LD_LIBRARY_PATH} PYTHONPATH=/workspace/eYRC_26-27_Hola-The-Explorer/Software/workspace/install/shape_interface/local/lib/python3.10/dist-packages:${PYTHONPATH} /usr/bin/cmake --build /workspace/eYRC_26-27_Hola-The-Explorer/Software/workspace/build/task_1a -- -j12 -l12
[1.712s] Invoking command in '/workspace/eYRC_26-27_Hola-The-Explorer/Software/workspace/build/task_1a': AMENT_PREFIX_PATH=/workspace/eYRC_26-27_Hola-The-Explorer/Software/workspace/install/shape_interface:${AMENT_PREFIX_PATH} CMAKE_PREFIX_PATH=/workspace/eYRC_26-27_Hola-The-Explorer/Software/workspace/install/shape_interface:/opt/ros/humble LD_LIBRARY_PATH=/workspace/eYRC_26-27_Hola-The-Explorer/Software/workspace/install/shape_interface/lib:${LD_LIBRARY_PATH} PYTHONPATH=/workspace/eYRC_26-27_Hola-The-Explorer/Software/workspace/install/shape_interface/local/lib/python3.10/dist-packages:${PYTHONPATH} /usr/bin/cmake --install /workspace/eYRC_26-27_Hola-The-Explorer/Software/workspace/build/task_1a
[1.724s] -- Install configuration: ""
[1.725s] -- Execute custom install script
[1.725s] -- Symlinking: /workspace/eYRC_26-27_Hola-The-Explorer/Software/workspace/install/task_1a/lib/task_1a/pixel_to_world_service
[1.744s] -- Symlinking: /workspace/eYRC_26-27_Hola-The-Explorer/Software/workspace/install/task_1a/share/task_1a/environment/pythonpath.sh
[1.768s] -- Symlinking: /workspace/eYRC_26-27_Hola-The-Explorer/Software/workspace/install/task_1a/share/task_1a/environment/pythonpath.dsv
[1.784s] -- Symlinking: /workspace/eYRC_26-27_Hola-The-Explorer/Software/workspace/install/task_1a/local/lib/python3.10/dist-packages/task_1a-0.0.1-py3.10.egg-info/PKG-INFO
[1.803s] -- Symlinking: /workspace/eYRC_26-27_Hola-The-Explorer/Software/workspace/install/task_1a/local/lib/python3.10/dist-packages/task_1a-0.0.1-py3.10.egg-info/SOURCES.txt
[1.817s] -- Symlinking: /workspace/eYRC_26-27_Hola-The-Explorer/Software/workspace/install/task_1a/local/lib/python3.10/dist-packages/task_1a-0.0.1-py3.10.egg-info/dependency_links.txt
[1.842s] -- Symlinking: /workspace/eYRC_26-27_Hola-The-Explorer/Software/workspace/install/task_1a/local/lib/python3.10/dist-packages/task_1a-0.0.1-py3.10.egg-info/top_level.txt
[1.861s] -- Symlinking: /workspace/eYRC_26-27_Hola-The-Explorer/Software/workspace/install/task_1a/local/lib/python3.10/dist-packages/task_1a/__init__.py
[1.886s] -- Symlinking: /workspace/eYRC_26-27_Hola-The-Explorer/Software/workspace/install/task_1a/local/lib/python3.10/dist-packages/task_1a/camera_detection.py
[1.903s] -- Symlinking: /workspace/eYRC_26-27_Hola-The-Explorer/Software/workspace/install/task_1a/share/ament_index/resource_index/package_run_dependencies/task_1a
[1.925s] -- Symlinking: /workspace/eYRC_26-27_Hola-The-Explorer/Software/workspace/install/task_1a/share/ament_index/resource_index/parent_prefix_path/task_1a
[1.940s] -- Symlinking: /workspace/eYRC_26-27_Hola-The-Explorer/Software/workspace/install/task_1a/share/task_1a/environment/ament_prefix_path.sh
[1.955s] -- Symlinking: /workspace/eYRC_26-27_Hola-The-Explorer/Software/workspace/install/task_1a/share/task_1a/environment/ament_prefix_path.dsv
[1.972s] -- Symlinking: /workspace/eYRC_26-27_Hola-The-Explorer/Software/workspace/install/task_1a/share/task_1a/environment/path.sh
[1.987s] -- Symlinking: /workspace/eYRC_26-27_Hola-The-Explorer/Software/workspace/install/task_1a/share/task_1a/environment/path.dsv
[2.009s] -- Symlinking: /workspace/eYRC_26-27_Hola-The-Explorer/Software/workspace/install/task_1a/share/task_1a/local_setup.bash
[2.023s] -- Symlinking: /workspace/eYRC_26-27_Hola-The-Explorer/Software/workspace/install/task_1a/share/task_1a/local_setup.sh
[2.042s] -- Symlinking: /workspace/eYRC_26-27_Hola-The-Explorer/Software/workspace/install/task_1a/share/task_1a/local_setup.zsh
[2.064s] -- Symlinking: /workspace/eYRC_26-27_Hola-The-Explorer/Software/workspace/install/task_1a/share/task_1a/local_setup.dsv
[2.082s] -- Symlinking: /workspace/eYRC_26-27_Hola-The-Explorer/Software/workspace/install/task_1a/share/task_1a/package.dsv
[2.103s] -- Symlinking: /workspace/eYRC_26-27_Hola-The-Explorer/Software/workspace/install/task_1a/share/ament_index/resource_index/packages/task_1a
[2.118s] -- Symlinking: /workspace/eYRC_26-27_Hola-The-Explorer/Software/workspace/install/task_1a/share/task_1a/cmake/task_1aConfig.cmake
[2.134s] -- Symlinking: /workspace/eYRC_26-27_Hola-The-Explorer/Software/workspace/install/task_1a/share/task_1a/cmake/task_1aConfig-version.cmake
[2.155s] -- Symlinking: /workspace/eYRC_26-27_Hola-The-Explorer/Software/workspace/install/task_1a/share/task_1a/package.xml
[2.249s] Listing '/workspace/eYRC_26-27_Hola-The-Explorer/Software/workspace/install/task_1a/local/lib/python3.10/dist-packages/task_1a'...
[2.249s] Compiling '/workspace/eYRC_26-27_Hola-The-Explorer/Software/workspace/install/task_1a/local/lib/python3.10/dist-packages/task_1a/__init__.py'...
[2.249s] Compiling '/workspace/eYRC_26-27_Hola-The-Explorer/Software/workspace/install/task_1a/local/lib/python3.10/dist-packages/task_1a/camera_detection.py'...
[2.258s] -- Installing: /workspace/eYRC_26-27_Hola-The-Explorer/Software/workspace/install/task_1a/lib/task_1a/camera_detection
[2.263s] Invoked command in '/workspace/eYRC_26-27_Hola-The-Explorer/Software/workspace/build/task_1a' returned '0': AMENT_PREFIX_PATH=/workspace/eYRC_26-27_Hola-The-Explorer/Software/workspace/install/shape_interface:${AMENT_PREFIX_PATH} CMAKE_PREFIX_PATH=/workspace/eYRC_26-27_Hola-The-Explorer/Software/workspace/install/shape_interface:/opt/ros/humble LD_LIBRARY_PATH=/workspace/eYRC_26-27_Hola-The-Explorer/Software/workspace/install/shape_interface/lib:${LD_LIBRARY_PATH} PYTHONPATH=/workspace/eYRC_26-27_Hola-The-Explorer/Software/workspace/install/shape_interface/local/lib/python3.10/dist-packages:${PYTHONPATH} /usr/bin/cmake --install /workspace/eYRC_26-27_Hola-The-Explorer/Software/workspace/build/task_1a
