[0.189s] DEBUG:colcon:Command line arguments: ['/usr/bin/colcon', 'build', '--symlink-install']
[0.189s] DEBUG:colcon:Parsed command line arguments: Namespace(log_base=None, log_level=None, verb_name='build', build_base='build', install_base='install', merge_install=False, symlink_install=True, test_result_base=None, continue_on_error=False, executor='parallel', parallel_workers=12, event_handlers=None, ignore_user_meta=False, metas=['./colcon.meta'], base_paths=['.'], packages_ignore=None, packages_ignore_regex=None, paths=None, packages_up_to=None, packages_up_to_regex=None, packages_above=None, packages_above_and_dependencies=None, packages_above_depth=None, packages_select_by_dep=None, packages_skip_by_dep=None, packages_skip_up_to=None, packages_select_build_failed=False, packages_skip_build_finished=False, packages_select_test_failures=False, packages_skip_test_passed=False, packages_select=None, packages_skip=None, packages_select_regex=None, packages_skip_regex=None, packages_start=None, packages_end=None, cmake_args=None, cmake_target=None, cmake_target_skip_unavailable=False, cmake_clean_cache=False, cmake_clean_first=False, cmake_force_configure=False, ament_cmake_args=None, catkin_cmake_args=None, catkin_skip_building_tests=False, mixin_files=None, mixin=None, verb_parser=<colcon_mixin.mixin.mixin_argument.MixinArgumentDecorator object at 0x7a6b91f0c430>, verb_extension=<colcon_core.verb.build.BuildVerb object at 0x7a6b91ed7dc0>, main=<bound method BuildVerb.main of <colcon_core.verb.build.BuildVerb object at 0x7a6b91ed7dc0>>, mixin_verb=('build',))
[0.382s] Level 1:colcon.colcon_core.package_discovery:discover_packages(colcon_meta) check parameters
[0.384s] INFO:colcon.colcon_metadata.package_discovery.colcon_meta:Using configuration from '/root/.colcon/metadata/default/Gazebo.meta'
[0.385s] INFO:colcon.colcon_metadata.package_discovery.colcon_meta:Using configuration from '/root/.colcon/metadata/default/fastdds.meta'
[0.385s] INFO:colcon.colcon_metadata.package_discovery.colcon_meta:Using configuration from '/root/.colcon/metadata/default/fastrtps.meta'
[0.385s] Level 1:colcon.colcon_core.package_discovery:discover_packages(recursive) check parameters
[0.386s] Level 1:colcon.colcon_core.package_discovery:discover_packages(ignore) check parameters
[0.386s] Level 1:colcon.colcon_core.package_discovery:discover_packages(path) check parameters
[0.386s] Level 1:colcon.colcon_core.package_discovery:discover_packages(colcon_meta) discover
[0.386s] Level 1:colcon.colcon_core.package_discovery:discover_packages(recursive) discover
[0.386s] INFO:colcon.colcon_core.package_discovery:Crawling recursively for packages in '/workspace/eYRC_26-27_Hola-The-Explorer/Software/workspace'
[0.386s] Level 1:colcon.colcon_core.package_identification:_identify(.) by extensions ['ignore', 'ignore_ament_install']
[0.386s] Level 1:colcon.colcon_core.package_identification:_identify(.) by extension 'ignore'
[0.386s] Level 1:colcon.colcon_core.package_identification:_identify(.) by extension 'ignore_ament_install'
[0.386s] Level 1:colcon.colcon_core.package_identification:_identify(.) by extensions ['colcon_pkg']
[0.386s] Level 1:colcon.colcon_core.package_identification:_identify(.) by extension 'colcon_pkg'
[0.386s] Level 1:colcon.colcon_core.package_identification:_identify(.) by extensions ['colcon_meta']
[0.387s] Level 1:colcon.colcon_core.package_identification:_identify(.) by extension 'colcon_meta'
[0.387s] Level 1:colcon.colcon_core.package_identification:_identify(.) by extensions ['ros']
[0.387s] Level 1:colcon.colcon_core.package_identification:_identify(.) by extension 'ros'
[0.407s] Level 1:colcon.colcon_core.package_identification:_identify(.) by extensions ['cmake', 'python']
[0.407s] Level 1:colcon.colcon_core.package_identification:_identify(.) by extension 'cmake'
[0.407s] Level 1:colcon.colcon_core.package_identification:_identify(.) by extension 'python'
[0.407s] Level 1:colcon.colcon_core.package_identification:_identify(.) by extensions ['python_setup_py']
[0.407s] Level 1:colcon.colcon_core.package_identification:_identify(.) by extension 'python_setup_py'
[0.408s] Level 1:colcon.colcon_core.package_identification:_identify(build) by extensions ['ignore', 'ignore_ament_install']
[0.408s] Level 1:colcon.colcon_core.package_identification:_identify(build) by extension 'ignore'
[0.408s] Level 1:colcon.colcon_core.package_identification:_identify(build) ignored
[0.408s] Level 1:colcon.colcon_core.package_identification:_identify(install) by extensions ['ignore', 'ignore_ament_install']
[0.408s] Level 1:colcon.colcon_core.package_identification:_identify(install) by extension 'ignore'
[0.408s] Level 1:colcon.colcon_core.package_identification:_identify(install) ignored
[0.408s] Level 1:colcon.colcon_core.package_identification:_identify(log) by extensions ['ignore', 'ignore_ament_install']
[0.408s] Level 1:colcon.colcon_core.package_identification:_identify(log) by extension 'ignore'
[0.409s] Level 1:colcon.colcon_core.package_identification:_identify(log) ignored
[0.409s] Level 1:colcon.colcon_core.package_identification:_identify(src) by extensions ['ignore', 'ignore_ament_install']
[0.409s] Level 1:colcon.colcon_core.package_identification:_identify(src) by extension 'ignore'
[0.409s] Level 1:colcon.colcon_core.package_identification:_identify(src) by extension 'ignore_ament_install'
[0.409s] Level 1:colcon.colcon_core.package_identification:_identify(src) by extensions ['colcon_pkg']
[0.409s] Level 1:colcon.colcon_core.package_identification:_identify(src) by extension 'colcon_pkg'
[0.409s] Level 1:colcon.colcon_core.package_identification:_identify(src) by extensions ['colcon_meta']
[0.409s] Level 1:colcon.colcon_core.package_identification:_identify(src) by extension 'colcon_meta'
[0.409s] Level 1:colcon.colcon_core.package_identification:_identify(src) by extensions ['ros']
[0.409s] Level 1:colcon.colcon_core.package_identification:_identify(src) by extension 'ros'
[0.409s] Level 1:colcon.colcon_core.package_identification:_identify(src) by extensions ['cmake', 'python']
[0.409s] Level 1:colcon.colcon_core.package_identification:_identify(src) by extension 'cmake'
[0.410s] Level 1:colcon.colcon_core.package_identification:_identify(src) by extension 'python'
[0.410s] Level 1:colcon.colcon_core.package_identification:_identify(src) by extensions ['python_setup_py']
[0.410s] Level 1:colcon.colcon_core.package_identification:_identify(src) by extension 'python_setup_py'
[0.410s] Level 1:colcon.colcon_core.package_identification:_identify(src/hb_description) by extensions ['ignore', 'ignore_ament_install']
[0.410s] Level 1:colcon.colcon_core.package_identification:_identify(src/hb_description) by extension 'ignore'
[0.410s] Level 1:colcon.colcon_core.package_identification:_identify(src/hb_description) by extension 'ignore_ament_install'
[0.410s] Level 1:colcon.colcon_core.package_identification:_identify(src/hb_description) by extensions ['colcon_pkg']
[0.410s] Level 1:colcon.colcon_core.package_identification:_identify(src/hb_description) by extension 'colcon_pkg'
[0.410s] Level 1:colcon.colcon_core.package_identification:_identify(src/hb_description) by extensions ['colcon_meta']
[0.410s] Level 1:colcon.colcon_core.package_identification:_identify(src/hb_description) by extension 'colcon_meta'
[0.410s] Level 1:colcon.colcon_core.package_identification:_identify(src/hb_description) by extensions ['ros']
[0.410s] Level 1:colcon.colcon_core.package_identification:_identify(src/hb_description) by extension 'ros'
[0.415s] DEBUG:colcon.colcon_core.package_identification:Package 'src/hb_description' with type 'ros.ament_cmake' and name 'hb_description'
[0.415s] Level 1:colcon.colcon_core.package_identification:_identify(src/shape_interface) by extensions ['ignore', 'ignore_ament_install']
[0.415s] Level 1:colcon.colcon_core.package_identification:_identify(src/shape_interface) by extension 'ignore'
[0.415s] Level 1:colcon.colcon_core.package_identification:_identify(src/shape_interface) by extension 'ignore_ament_install'
[0.415s] Level 1:colcon.colcon_core.package_identification:_identify(src/shape_interface) by extensions ['colcon_pkg']
[0.415s] Level 1:colcon.colcon_core.package_identification:_identify(src/shape_interface) by extension 'colcon_pkg'
[0.415s] Level 1:colcon.colcon_core.package_identification:_identify(src/shape_interface) by extensions ['colcon_meta']
[0.416s] Level 1:colcon.colcon_core.package_identification:_identify(src/shape_interface) by extension 'colcon_meta'
[0.416s] Level 1:colcon.colcon_core.package_identification:_identify(src/shape_interface) by extensions ['ros']
[0.416s] Level 1:colcon.colcon_core.package_identification:_identify(src/shape_interface) by extension 'ros'
[0.417s] DEBUG:colcon.colcon_core.package_identification:Package 'src/shape_interface' with type 'ros.ament_cmake' and name 'shape_interface'
[0.417s] Level 1:colcon.colcon_core.package_identification:_identify(src/task_1a) by extensions ['ignore', 'ignore_ament_install']
[0.417s] Level 1:colcon.colcon_core.package_identification:_identify(src/task_1a) by extension 'ignore'
[0.417s] Level 1:colcon.colcon_core.package_identification:_identify(src/task_1a) by extension 'ignore_ament_install'
[0.417s] Level 1:colcon.colcon_core.package_identification:_identify(src/task_1a) by extensions ['colcon_pkg']
[0.417s] Level 1:colcon.colcon_core.package_identification:_identify(src/task_1a) by extension 'colcon_pkg'
[0.417s] Level 1:colcon.colcon_core.package_identification:_identify(src/task_1a) by extensions ['colcon_meta']
[0.417s] Level 1:colcon.colcon_core.package_identification:_identify(src/task_1a) by extension 'colcon_meta'
[0.417s] Level 1:colcon.colcon_core.package_identification:_identify(src/task_1a) by extensions ['ros']
[0.417s] Level 1:colcon.colcon_core.package_identification:_identify(src/task_1a) by extension 'ros'
[0.419s] DEBUG:colcon.colcon_core.package_identification:Package 'src/task_1a' with type 'ros.ament_cmake' and name 'task_1a'
[0.419s] Level 1:colcon.colcon_core.package_identification:_identify(src/task_1b) by extensions ['ignore', 'ignore_ament_install']
[0.419s] Level 1:colcon.colcon_core.package_identification:_identify(src/task_1b) by extension 'ignore'
[0.419s] Level 1:colcon.colcon_core.package_identification:_identify(src/task_1b) by extension 'ignore_ament_install'
[0.419s] Level 1:colcon.colcon_core.package_identification:_identify(src/task_1b) by extensions ['colcon_pkg']
[0.419s] Level 1:colcon.colcon_core.package_identification:_identify(src/task_1b) by extension 'colcon_pkg'
[0.419s] Level 1:colcon.colcon_core.package_identification:_identify(src/task_1b) by extensions ['colcon_meta']
[0.419s] Level 1:colcon.colcon_core.package_identification:_identify(src/task_1b) by extension 'colcon_meta'
[0.419s] Level 1:colcon.colcon_core.package_identification:_identify(src/task_1b) by extensions ['ros']
[0.419s] Level 1:colcon.colcon_core.package_identification:_identify(src/task_1b) by extension 'ros'
[0.420s] DEBUG:colcon.colcon_core.package_identification:Package 'src/task_1b' with type 'ros.ament_cmake' and name 'task_1b'
[0.421s] Level 1:colcon.colcon_core.package_identification:_identify(src/task_1c) by extensions ['ignore', 'ignore_ament_install']
[0.421s] Level 1:colcon.colcon_core.package_identification:_identify(src/task_1c) by extension 'ignore'
[0.421s] Level 1:colcon.colcon_core.package_identification:_identify(src/task_1c) by extension 'ignore_ament_install'
[0.421s] Level 1:colcon.colcon_core.package_identification:_identify(src/task_1c) by extensions ['colcon_pkg']
[0.421s] Level 1:colcon.colcon_core.package_identification:_identify(src/task_1c) by extension 'colcon_pkg'
[0.421s] Level 1:colcon.colcon_core.package_identification:_identify(src/task_1c) by extensions ['colcon_meta']
[0.421s] Level 1:colcon.colcon_core.package_identification:_identify(src/task_1c) by extension 'colcon_meta'
[0.421s] Level 1:colcon.colcon_core.package_identification:_identify(src/task_1c) by extensions ['ros']
[0.421s] Level 1:colcon.colcon_core.package_identification:_identify(src/task_1c) by extension 'ros'
[0.422s] DEBUG:colcon.colcon_core.package_identification:Package 'src/task_1c' with type 'ros.ament_cmake' and name 'task_1c'
[0.422s] Level 1:colcon.colcon_core.package_discovery:discover_packages(recursive) using defaults
[0.422s] Level 1:colcon.colcon_core.package_discovery:discover_packages(ignore) discover
[0.422s] Level 1:colcon.colcon_core.package_discovery:discover_packages(ignore) using defaults
[0.422s] Level 1:colcon.colcon_core.package_discovery:discover_packages(path) discover
[0.422s] Level 1:colcon.colcon_core.package_discovery:discover_packages(path) using defaults
[0.482s] Level 5:colcon.colcon_core.verb:set package 'shape_interface' build argument 'cmake_args' from command line to 'None'
[0.482s] Level 5:colcon.colcon_core.verb:set package 'shape_interface' build argument 'cmake_target' from command line to 'None'
[0.482s] Level 5:colcon.colcon_core.verb:set package 'shape_interface' build argument 'cmake_target_skip_unavailable' from command line to 'False'
[0.482s] Level 5:colcon.colcon_core.verb:set package 'shape_interface' build argument 'cmake_clean_cache' from command line to 'False'
[0.482s] Level 5:colcon.colcon_core.verb:set package 'shape_interface' build argument 'cmake_clean_first' from command line to 'False'
[0.482s] Level 5:colcon.colcon_core.verb:set package 'shape_interface' build argument 'cmake_force_configure' from command line to 'False'
[0.482s] Level 5:colcon.colcon_core.verb:set package 'shape_interface' build argument 'ament_cmake_args' from command line to 'None'
[0.482s] Level 5:colcon.colcon_core.verb:set package 'shape_interface' build argument 'catkin_cmake_args' from command line to 'None'
[0.483s] Level 5:colcon.colcon_core.verb:set package 'shape_interface' build argument 'catkin_skip_building_tests' from command line to 'False'
[0.483s] DEBUG:colcon.colcon_core.verb:Building package 'shape_interface' with the following arguments: {'ament_cmake_args': None, 'build_base': '/workspace/eYRC_26-27_Hola-The-Explorer/Software/workspace/build/shape_interface', 'catkin_cmake_args': None, 'catkin_skip_building_tests': False, 'cmake_args': None, 'cmake_clean_cache': False, 'cmake_clean_first': False, 'cmake_force_configure': False, 'cmake_target': None, 'cmake_target_skip_unavailable': False, 'install_base': '/workspace/eYRC_26-27_Hola-The-Explorer/Software/workspace/install/shape_interface', 'merge_install': False, 'path': '/workspace/eYRC_26-27_Hola-The-Explorer/Software/workspace/src/shape_interface', 'symlink_install': True, 'test_result_base': None}
[0.483s] Level 5:colcon.colcon_core.verb:set package 'task_1b' build argument 'cmake_args' from command line to 'None'
[0.483s] Level 5:colcon.colcon_core.verb:set package 'task_1b' build argument 'cmake_target' from command line to 'None'
[0.483s] Level 5:colcon.colcon_core.verb:set package 'task_1b' build argument 'cmake_target_skip_unavailable' from command line to 'False'
[0.483s] Level 5:colcon.colcon_core.verb:set package 'task_1b' build argument 'cmake_clean_cache' from command line to 'False'
[0.483s] Level 5:colcon.colcon_core.verb:set package 'task_1b' build argument 'cmake_clean_first' from command line to 'False'
[0.483s] Level 5:colcon.colcon_core.verb:set package 'task_1b' build argument 'cmake_force_configure' from command line to 'False'
[0.484s] Level 5:colcon.colcon_core.verb:set package 'task_1b' build argument 'ament_cmake_args' from command line to 'None'
[0.484s] Level 5:colcon.colcon_core.verb:set package 'task_1b' build argument 'catkin_cmake_args' from command line to 'None'
[0.484s] Level 5:colcon.colcon_core.verb:set package 'task_1b' build argument 'catkin_skip_building_tests' from command line to 'False'
[0.484s] DEBUG:colcon.colcon_core.verb:Building package 'task_1b' with the following arguments: {'ament_cmake_args': None, 'build_base': '/workspace/eYRC_26-27_Hola-The-Explorer/Software/workspace/build/task_1b', 'catkin_cmake_args': None, 'catkin_skip_building_tests': False, 'cmake_args': None, 'cmake_clean_cache': False, 'cmake_clean_first': False, 'cmake_force_configure': False, 'cmake_target': None, 'cmake_target_skip_unavailable': False, 'install_base': '/workspace/eYRC_26-27_Hola-The-Explorer/Software/workspace/install/task_1b', 'merge_install': False, 'path': '/workspace/eYRC_26-27_Hola-The-Explorer/Software/workspace/src/task_1b', 'symlink_install': True, 'test_result_base': None}
[0.485s] Level 5:colcon.colcon_core.verb:set package 'task_1a' build argument 'cmake_args' from command line to 'None'
[0.485s] Level 5:colcon.colcon_core.verb:set package 'task_1a' build argument 'cmake_target' from command line to 'None'
[0.485s] Level 5:colcon.colcon_core.verb:set package 'task_1a' build argument 'cmake_target_skip_unavailable' from command line to 'False'
[0.485s] Level 5:colcon.colcon_core.verb:set package 'task_1a' build argument 'cmake_clean_cache' from command line to 'False'
[0.485s] Level 5:colcon.colcon_core.verb:set package 'task_1a' build argument 'cmake_clean_first' from command line to 'False'
[0.485s] Level 5:colcon.colcon_core.verb:set package 'task_1a' build argument 'cmake_force_configure' from command line to 'False'
[0.485s] Level 5:colcon.colcon_core.verb:set package 'task_1a' build argument 'ament_cmake_args' from command line to 'None'
[0.485s] Level 5:colcon.colcon_core.verb:set package 'task_1a' build argument 'catkin_cmake_args' from command line to 'None'
[0.485s] Level 5:colcon.colcon_core.verb:set package 'task_1a' build argument 'catkin_skip_building_tests' from command line to 'False'
[0.485s] DEBUG:colcon.colcon_core.verb:Building package 'task_1a' with the following arguments: {'ament_cmake_args': None, 'build_base': '/workspace/eYRC_26-27_Hola-The-Explorer/Software/workspace/build/task_1a', 'catkin_cmake_args': None, 'catkin_skip_building_tests': False, 'cmake_args': None, 'cmake_clean_cache': False, 'cmake_clean_first': False, 'cmake_force_configure': False, 'cmake_target': None, 'cmake_target_skip_unavailable': False, 'install_base': '/workspace/eYRC_26-27_Hola-The-Explorer/Software/workspace/install/task_1a', 'merge_install': False, 'path': '/workspace/eYRC_26-27_Hola-The-Explorer/Software/workspace/src/task_1a', 'symlink_install': True, 'test_result_base': None}
[0.486s] Level 5:colcon.colcon_core.verb:set package 'task_1c' build argument 'cmake_args' from command line to 'None'
[0.486s] Level 5:colcon.colcon_core.verb:set package 'task_1c' build argument 'cmake_target' from command line to 'None'
[0.486s] Level 5:colcon.colcon_core.verb:set package 'task_1c' build argument 'cmake_target_skip_unavailable' from command line to 'False'
[0.486s] Level 5:colcon.colcon_core.verb:set package 'task_1c' build argument 'cmake_clean_cache' from command line to 'False'
[0.486s] Level 5:colcon.colcon_core.verb:set package 'task_1c' build argument 'cmake_clean_first' from command line to 'False'
[0.486s] Level 5:colcon.colcon_core.verb:set package 'task_1c' build argument 'cmake_force_configure' from command line to 'False'
[0.486s] Level 5:colcon.colcon_core.verb:set package 'task_1c' build argument 'ament_cmake_args' from command line to 'None'
[0.486s] Level 5:colcon.colcon_core.verb:set package 'task_1c' build argument 'catkin_cmake_args' from command line to 'None'
[0.486s] Level 5:colcon.colcon_core.verb:set package 'task_1c' build argument 'catkin_skip_building_tests' from command line to 'False'
[0.486s] DEBUG:colcon.colcon_core.verb:Building package 'task_1c' with the following arguments: {'ament_cmake_args': None, 'build_base': '/workspace/eYRC_26-27_Hola-The-Explorer/Software/workspace/build/task_1c', 'catkin_cmake_args': None, 'catkin_skip_building_tests': False, 'cmake_args': None, 'cmake_clean_cache': False, 'cmake_clean_first': False, 'cmake_force_configure': False, 'cmake_target': None, 'cmake_target_skip_unavailable': False, 'install_base': '/workspace/eYRC_26-27_Hola-The-Explorer/Software/workspace/install/task_1c', 'merge_install': False, 'path': '/workspace/eYRC_26-27_Hola-The-Explorer/Software/workspace/src/task_1c', 'symlink_install': True, 'test_result_base': None}
[0.487s] Level 5:colcon.colcon_core.verb:set package 'hb_description' build argument 'cmake_args' from command line to 'None'
[0.487s] Level 5:colcon.colcon_core.verb:set package 'hb_description' build argument 'cmake_target' from command line to 'None'
[0.487s] Level 5:colcon.colcon_core.verb:set package 'hb_description' build argument 'cmake_target_skip_unavailable' from command line to 'False'
[0.487s] Level 5:colcon.colcon_core.verb:set package 'hb_description' build argument 'cmake_clean_cache' from command line to 'False'
[0.487s] Level 5:colcon.colcon_core.verb:set package 'hb_description' build argument 'cmake_clean_first' from command line to 'False'
[0.487s] Level 5:colcon.colcon_core.verb:set package 'hb_description' build argument 'cmake_force_configure' from command line to 'False'
[0.487s] Level 5:colcon.colcon_core.verb:set package 'hb_description' build argument 'ament_cmake_args' from command line to 'None'
[0.487s] Level 5:colcon.colcon_core.verb:set package 'hb_description' build argument 'catkin_cmake_args' from command line to 'None'
[0.487s] Level 5:colcon.colcon_core.verb:set package 'hb_description' build argument 'catkin_skip_building_tests' from command line to 'False'
[0.487s] DEBUG:colcon.colcon_core.verb:Building package 'hb_description' with the following arguments: {'ament_cmake_args': None, 'build_base': '/workspace/eYRC_26-27_Hola-The-Explorer/Software/workspace/build/hb_description', 'catkin_cmake_args': None, 'catkin_skip_building_tests': False, 'cmake_args': None, 'cmake_clean_cache': False, 'cmake_clean_first': False, 'cmake_force_configure': False, 'cmake_target': None, 'cmake_target_skip_unavailable': False, 'install_base': '/workspace/eYRC_26-27_Hola-The-Explorer/Software/workspace/install/hb_description', 'merge_install': False, 'path': '/workspace/eYRC_26-27_Hola-The-Explorer/Software/workspace/src/hb_description', 'symlink_install': True, 'test_result_base': None}
[0.487s] INFO:colcon.colcon_core.executor:Executing jobs using 'parallel' executor
[0.489s] DEBUG:colcon.colcon_parallel_executor.executor.parallel:run_until_complete
[0.489s] INFO:colcon.colcon_ros.task.ament_cmake.build:Building ROS package in '/workspace/eYRC_26-27_Hola-The-Explorer/Software/workspace/src/shape_interface' with build type 'ament_cmake'
[0.489s] INFO:colcon.colcon_cmake.task.cmake.build:Building CMake package in '/workspace/eYRC_26-27_Hola-The-Explorer/Software/workspace/src/shape_interface'
[0.493s] INFO:colcon.colcon_core.plugin_system:Skipping extension 'colcon_core.shell.bat': Not used on non-Windows systems
[0.494s] INFO:colcon.colcon_core.shell:Skip shell extension 'powershell' for command environment: Not usable outside of PowerShell
[0.494s] DEBUG:colcon.colcon_core.shell:Skip shell extension 'dsv' for command environment
[0.502s] INFO:colcon.colcon_ros.task.ament_cmake.build:Building ROS package in '/workspace/eYRC_26-27_Hola-The-Explorer/Software/workspace/src/task_1b' with build type 'ament_cmake'
[0.502s] INFO:colcon.colcon_cmake.task.cmake.build:Building CMake package in '/workspace/eYRC_26-27_Hola-The-Explorer/Software/workspace/src/task_1b'
[0.503s] INFO:colcon.colcon_core.shell:Skip shell extension 'powershell' for command environment: Not usable outside of PowerShell
[0.503s] DEBUG:colcon.colcon_core.shell:Skip shell extension 'dsv' for command environment
[0.521s] DEBUG:colcon.colcon_core.event_handler.log_command:Invoking command in '/workspace/eYRC_26-27_Hola-The-Explorer/Software/workspace/build/shape_interface': CMAKE_PREFIX_PATH=/opt/ros/humble /usr/bin/cmake --build /workspace/eYRC_26-27_Hola-The-Explorer/Software/workspace/build/shape_interface -- -j12 -l12
[0.529s] DEBUG:colcon.colcon_core.event_handler.log_command:Invoking command in '/workspace/eYRC_26-27_Hola-The-Explorer/Software/workspace/build/task_1b': CMAKE_PREFIX_PATH=/opt/ros/humble /usr/bin/cmake --build /workspace/eYRC_26-27_Hola-The-Explorer/Software/workspace/build/task_1b -- -j12 -l12
[1.069s] DEBUG:colcon.colcon_core.event_handler.log_command:Invoked command in '/workspace/eYRC_26-27_Hola-The-Explorer/Software/workspace/build/task_1b' returned '0': CMAKE_PREFIX_PATH=/opt/ros/humble /usr/bin/cmake --build /workspace/eYRC_26-27_Hola-The-Explorer/Software/workspace/build/task_1b -- -j12 -l12
[1.084s] DEBUG:colcon.colcon_core.event_handler.log_command:Invoking command in '/workspace/eYRC_26-27_Hola-The-Explorer/Software/workspace/build/task_1b': CMAKE_PREFIX_PATH=/opt/ros/humble /usr/bin/cmake --install /workspace/eYRC_26-27_Hola-The-Explorer/Software/workspace/build/task_1b
[1.113s] DEBUG:colcon.colcon_core.event_handler.log_command:Invoked command in '/workspace/eYRC_26-27_Hola-The-Explorer/Software/workspace/build/shape_interface' returned '0': CMAKE_PREFIX_PATH=/opt/ros/humble /usr/bin/cmake --build /workspace/eYRC_26-27_Hola-The-Explorer/Software/workspace/build/shape_interface -- -j12 -l12
[1.115s] DEBUG:colcon.colcon_core.event_handler.log_command:Invoking command in '/workspace/eYRC_26-27_Hola-The-Explorer/Software/workspace/build/shape_interface': CMAKE_PREFIX_PATH=/opt/ros/humble /usr/bin/cmake --install /workspace/eYRC_26-27_Hola-The-Explorer/Software/workspace/build/shape_interface
[1.168s] Level 1:colcon.colcon_core.environment:create_environment_scripts_only(task_1b)
[1.172s] DEBUG:colcon.colcon_core.event_handler.log_command:Invoked command in '/workspace/eYRC_26-27_Hola-The-Explorer/Software/workspace/build/task_1b' returned '0': CMAKE_PREFIX_PATH=/opt/ros/humble /usr/bin/cmake --install /workspace/eYRC_26-27_Hola-The-Explorer/Software/workspace/build/task_1b
[1.173s] Level 1:colcon.colcon_core.environment:checking '/workspace/eYRC_26-27_Hola-The-Explorer/Software/workspace/install/task_1b' for CMake module files
[1.174s] Level 1:colcon.colcon_core.environment:checking '/workspace/eYRC_26-27_Hola-The-Explorer/Software/workspace/install/task_1b' for CMake config files
[1.175s] Level 1:colcon.colcon_core.shell:create_environment_hook('task_1b', 'cmake_prefix_path')
[1.175s] INFO:colcon.colcon_core.shell:Creating environment hook '/workspace/eYRC_26-27_Hola-The-Explorer/Software/workspace/install/task_1b/share/task_1b/hook/cmake_prefix_path.ps1'
[1.177s] INFO:colcon.colcon_core.shell:Creating environment descriptor '/workspace/eYRC_26-27_Hola-The-Explorer/Software/workspace/install/task_1b/share/task_1b/hook/cmake_prefix_path.dsv'
[1.177s] INFO:colcon.colcon_core.shell:Creating environment hook '/workspace/eYRC_26-27_Hola-The-Explorer/Software/workspace/install/task_1b/share/task_1b/hook/cmake_prefix_path.sh'
[1.179s] Level 1:colcon.colcon_core.environment:checking '/workspace/eYRC_26-27_Hola-The-Explorer/Software/workspace/install/task_1b/lib'
[1.179s] Level 1:colcon.colcon_core.environment:checking '/workspace/eYRC_26-27_Hola-The-Explorer/Software/workspace/install/task_1b/bin'
[1.180s] Level 1:colcon.colcon_core.environment:checking '/workspace/eYRC_26-27_Hola-The-Explorer/Software/workspace/install/task_1b/lib/pkgconfig/task_1b.pc'
[1.183s] Level 1:colcon.colcon_core.environment:checking '/workspace/eYRC_26-27_Hola-The-Explorer/Software/workspace/install/task_1b/lib/python3.10/site-packages'
[1.184s] Level 1:colcon.colcon_core.environment:checking '/workspace/eYRC_26-27_Hola-The-Explorer/Software/workspace/install/task_1b/bin'
[1.184s] INFO:colcon.colcon_core.shell:Creating package script '/workspace/eYRC_26-27_Hola-The-Explorer/Software/workspace/install/task_1b/share/task_1b/package.ps1'
[1.186s] INFO:colcon.colcon_core.shell:Creating package descriptor '/workspace/eYRC_26-27_Hola-The-Explorer/Software/workspace/install/task_1b/share/task_1b/package.dsv'
[1.187s] INFO:colcon.colcon_core.shell:Creating package script '/workspace/eYRC_26-27_Hola-The-Explorer/Software/workspace/install/task_1b/share/task_1b/package.sh'
[1.187s] INFO:colcon.colcon_core.shell:Creating package script '/workspace/eYRC_26-27_Hola-The-Explorer/Software/workspace/install/task_1b/share/task_1b/package.bash'
[1.188s] INFO:colcon.colcon_core.shell:Creating package script '/workspace/eYRC_26-27_Hola-The-Explorer/Software/workspace/install/task_1b/share/task_1b/package.zsh'
[1.189s] Level 1:colcon.colcon_core.environment:create_file_with_runtime_dependencies(/workspace/eYRC_26-27_Hola-The-Explorer/Software/workspace/install/task_1b/share/colcon-core/packages/task_1b)
[1.190s] Level 1:colcon.colcon_core.environment:create_environment_scripts_only(task_1b)
[1.190s] Level 1:colcon.colcon_core.environment:checking '/workspace/eYRC_26-27_Hola-The-Explorer/Software/workspace/install/task_1b' for CMake module files
[1.190s] Level 1:colcon.colcon_core.environment:checking '/workspace/eYRC_26-27_Hola-The-Explorer/Software/workspace/install/task_1b' for CMake config files
[1.191s] Level 1:colcon.colcon_core.shell:create_environment_hook('task_1b', 'cmake_prefix_path')
[1.191s] INFO:colcon.colcon_core.shell:Creating environment hook '/workspace/eYRC_26-27_Hola-The-Explorer/Software/workspace/install/task_1b/share/task_1b/hook/cmake_prefix_path.ps1'
[1.191s] INFO:colcon.colcon_core.shell:Creating environment descriptor '/workspace/eYRC_26-27_Hola-The-Explorer/Software/workspace/install/task_1b/share/task_1b/hook/cmake_prefix_path.dsv'
[1.192s] INFO:colcon.colcon_core.shell:Creating environment hook '/workspace/eYRC_26-27_Hola-The-Explorer/Software/workspace/install/task_1b/share/task_1b/hook/cmake_prefix_path.sh'
[1.192s] Level 1:colcon.colcon_core.environment:checking '/workspace/eYRC_26-27_Hola-The-Explorer/Software/workspace/install/task_1b/lib'
[1.192s] Level 1:colcon.colcon_core.environment:checking '/workspace/eYRC_26-27_Hola-The-Explorer/Software/workspace/install/task_1b/bin'
[1.192s] Level 1:colcon.colcon_core.environment:checking '/workspace/eYRC_26-27_Hola-The-Explorer/Software/workspace/install/task_1b/lib/pkgconfig/task_1b.pc'
[1.193s] Level 1:colcon.colcon_core.environment:checking '/workspace/eYRC_26-27_Hola-The-Explorer/Software/workspace/install/task_1b/lib/python3.10/site-packages'
[1.193s] Level 1:colcon.colcon_core.environment:checking '/workspace/eYRC_26-27_Hola-The-Explorer/Software/workspace/install/task_1b/bin'
[1.193s] INFO:colcon.colcon_core.shell:Creating package script '/workspace/eYRC_26-27_Hola-The-Explorer/Software/workspace/install/task_1b/share/task_1b/package.ps1'
[1.194s] INFO:colcon.colcon_core.shell:Creating package descriptor '/workspace/eYRC_26-27_Hola-The-Explorer/Software/workspace/install/task_1b/share/task_1b/package.dsv'
[1.194s] INFO:colcon.colcon_core.shell:Creating package script '/workspace/eYRC_26-27_Hola-The-Explorer/Software/workspace/install/task_1b/share/task_1b/package.sh'
[1.195s] INFO:colcon.colcon_core.shell:Creating package script '/workspace/eYRC_26-27_Hola-The-Explorer/Software/workspace/install/task_1b/share/task_1b/package.bash'
[1.195s] INFO:colcon.colcon_core.shell:Creating package script '/workspace/eYRC_26-27_Hola-The-Explorer/Software/workspace/install/task_1b/share/task_1b/package.zsh'
[1.195s] Level 1:colcon.colcon_core.environment:create_file_with_runtime_dependencies(/workspace/eYRC_26-27_Hola-The-Explorer/Software/workspace/install/task_1b/share/colcon-core/packages/task_1b)
[1.245s] Level 1:colcon.colcon_core.environment:create_environment_scripts_only(shape_interface)
[1.245s] Level 1:colcon.colcon_core.environment:checking '/workspace/eYRC_26-27_Hola-The-Explorer/Software/workspace/install/shape_interface' for CMake module files
[1.246s] Level 1:colcon.colcon_core.environment:checking '/workspace/eYRC_26-27_Hola-The-Explorer/Software/workspace/install/shape_interface' for CMake config files
[1.248s] Level 1:colcon.colcon_core.shell:create_environment_hook('shape_interface', 'cmake_prefix_path')
[1.248s] INFO:colcon.colcon_core.shell:Creating environment hook '/workspace/eYRC_26-27_Hola-The-Explorer/Software/workspace/install/shape_interface/share/shape_interface/hook/cmake_prefix_path.ps1'
[1.249s] INFO:colcon.colcon_core.shell:Creating environment descriptor '/workspace/eYRC_26-27_Hola-The-Explorer/Software/workspace/install/shape_interface/share/shape_interface/hook/cmake_prefix_path.dsv'
[1.250s] DEBUG:colcon.colcon_core.event_handler.log_command:Invoked command in '/workspace/eYRC_26-27_Hola-The-Explorer/Software/workspace/build/shape_interface' returned '0': CMAKE_PREFIX_PATH=/opt/ros/humble /usr/bin/cmake --install /workspace/eYRC_26-27_Hola-The-Explorer/Software/workspace/build/shape_interface
[1.250s] INFO:colcon.colcon_core.shell:Creating environment hook '/workspace/eYRC_26-27_Hola-The-Explorer/Software/workspace/install/shape_interface/share/shape_interface/hook/cmake_prefix_path.sh'
[1.251s] Level 1:colcon.colcon_core.environment:checking '/workspace/eYRC_26-27_Hola-The-Explorer/Software/workspace/install/shape_interface/lib'
[1.251s] Level 1:colcon.colcon_core.shell:create_environment_hook('shape_interface', 'ld_library_path_lib')
[1.252s] INFO:colcon.colcon_core.shell:Creating environment hook '/workspace/eYRC_26-27_Hola-The-Explorer/Software/workspace/install/shape_interface/share/shape_interface/hook/ld_library_path_lib.ps1'
[1.252s] INFO:colcon.colcon_core.shell:Creating environment descriptor '/workspace/eYRC_26-27_Hola-The-Explorer/Software/workspace/install/shape_interface/share/shape_interface/hook/ld_library_path_lib.dsv'
[1.253s] INFO:colcon.colcon_core.shell:Creating environment hook '/workspace/eYRC_26-27_Hola-The-Explorer/Software/workspace/install/shape_interface/share/shape_interface/hook/ld_library_path_lib.sh'
[1.253s] Level 1:colcon.colcon_core.environment:checking '/workspace/eYRC_26-27_Hola-The-Explorer/Software/workspace/install/shape_interface/bin'
[1.253s] Level 1:colcon.colcon_core.environment:checking '/workspace/eYRC_26-27_Hola-The-Explorer/Software/workspace/install/shape_interface/lib/pkgconfig/shape_interface.pc'
[1.254s] Level 1:colcon.colcon_core.environment:checking '/workspace/eYRC_26-27_Hola-The-Explorer/Software/workspace/install/shape_interface/lib/python3.10/site-packages'
[1.254s] Level 1:colcon.colcon_core.environment:checking '/workspace/eYRC_26-27_Hola-The-Explorer/Software/workspace/install/shape_interface/bin'
[1.255s] INFO:colcon.colcon_core.shell:Creating package script '/workspace/eYRC_26-27_Hola-The-Explorer/Software/workspace/install/shape_interface/share/shape_interface/package.ps1'
[1.256s] INFO:colcon.colcon_core.shell:Creating package descriptor '/workspace/eYRC_26-27_Hola-The-Explorer/Software/workspace/install/shape_interface/share/shape_interface/package.dsv'
[1.256s] INFO:colcon.colcon_core.shell:Creating package script '/workspace/eYRC_26-27_Hola-The-Explorer/Software/workspace/install/shape_interface/share/shape_interface/package.sh'
[1.257s] INFO:colcon.colcon_core.shell:Creating package script '/workspace/eYRC_26-27_Hola-The-Explorer/Software/workspace/install/shape_interface/share/shape_interface/package.bash'
[1.257s] INFO:colcon.colcon_core.shell:Creating package script '/workspace/eYRC_26-27_Hola-The-Explorer/Software/workspace/install/shape_interface/share/shape_interface/package.zsh'
[1.258s] Level 1:colcon.colcon_core.environment:create_file_with_runtime_dependencies(/workspace/eYRC_26-27_Hola-The-Explorer/Software/workspace/install/shape_interface/share/colcon-core/packages/shape_interface)
[1.259s] Level 1:colcon.colcon_core.environment:create_environment_scripts_only(shape_interface)
[1.259s] Level 1:colcon.colcon_core.environment:checking '/workspace/eYRC_26-27_Hola-The-Explorer/Software/workspace/install/shape_interface' for CMake module files
[1.260s] Level 1:colcon.colcon_core.environment:checking '/workspace/eYRC_26-27_Hola-The-Explorer/Software/workspace/install/shape_interface' for CMake config files
[1.260s] Level 1:colcon.colcon_core.shell:create_environment_hook('shape_interface', 'cmake_prefix_path')
[1.261s] INFO:colcon.colcon_core.shell:Creating environment hook '/workspace/eYRC_26-27_Hola-The-Explorer/Software/workspace/install/shape_interface/share/shape_interface/hook/cmake_prefix_path.ps1'
[1.261s] INFO:colcon.colcon_core.shell:Creating environment descriptor '/workspace/eYRC_26-27_Hola-The-Explorer/Software/workspace/install/shape_interface/share/shape_interface/hook/cmake_prefix_path.dsv'
[1.262s] INFO:colcon.colcon_core.shell:Creating environment hook '/workspace/eYRC_26-27_Hola-The-Explorer/Software/workspace/install/shape_interface/share/shape_interface/hook/cmake_prefix_path.sh'
[1.263s] Level 1:colcon.colcon_core.environment:checking '/workspace/eYRC_26-27_Hola-The-Explorer/Software/workspace/install/shape_interface/lib'
[1.263s] Level 1:colcon.colcon_core.shell:create_environment_hook('shape_interface', 'ld_library_path_lib')
[1.264s] INFO:colcon.colcon_core.shell:Creating environment hook '/workspace/eYRC_26-27_Hola-The-Explorer/Software/workspace/install/shape_interface/share/shape_interface/hook/ld_library_path_lib.ps1'
[1.264s] INFO:colcon.colcon_core.shell:Creating environment descriptor '/workspace/eYRC_26-27_Hola-The-Explorer/Software/workspace/install/shape_interface/share/shape_interface/hook/ld_library_path_lib.dsv'
[1.265s] INFO:colcon.colcon_core.shell:Creating environment hook '/workspace/eYRC_26-27_Hola-The-Explorer/Software/workspace/install/shape_interface/share/shape_interface/hook/ld_library_path_lib.sh'
[1.266s] Level 1:colcon.colcon_core.environment:checking '/workspace/eYRC_26-27_Hola-The-Explorer/Software/workspace/install/shape_interface/bin'
[1.266s] Level 1:colcon.colcon_core.environment:checking '/workspace/eYRC_26-27_Hola-The-Explorer/Software/workspace/install/shape_interface/lib/pkgconfig/shape_interface.pc'
[1.266s] Level 1:colcon.colcon_core.environment:checking '/workspace/eYRC_26-27_Hola-The-Explorer/Software/workspace/install/shape_interface/lib/python3.10/site-packages'
[1.267s] Level 1:colcon.colcon_core.environment:checking '/workspace/eYRC_26-27_Hola-The-Explorer/Software/workspace/install/shape_interface/bin'
[1.268s] INFO:colcon.colcon_core.shell:Creating package script '/workspace/eYRC_26-27_Hola-The-Explorer/Software/workspace/install/shape_interface/share/shape_interface/package.ps1'
[1.268s] INFO:colcon.colcon_core.shell:Creating package descriptor '/workspace/eYRC_26-27_Hola-The-Explorer/Software/workspace/install/shape_interface/share/shape_interface/package.dsv'
[1.269s] INFO:colcon.colcon_core.shell:Creating package script '/workspace/eYRC_26-27_Hola-The-Explorer/Software/workspace/install/shape_interface/share/shape_interface/package.sh'
[1.270s] INFO:colcon.colcon_core.shell:Creating package script '/workspace/eYRC_26-27_Hola-The-Explorer/Software/workspace/install/shape_interface/share/shape_interface/package.bash'
[1.270s] INFO:colcon.colcon_core.shell:Creating package script '/workspace/eYRC_26-27_Hola-The-Explorer/Software/workspace/install/shape_interface/share/shape_interface/package.zsh'
[1.270s] Level 1:colcon.colcon_core.environment:create_file_with_runtime_dependencies(/workspace/eYRC_26-27_Hola-The-Explorer/Software/workspace/install/shape_interface/share/colcon-core/packages/shape_interface)
[1.271s] INFO:colcon.colcon_ros.task.ament_cmake.build:Building ROS package in '/workspace/eYRC_26-27_Hola-The-Explorer/Software/workspace/src/task_1a' with build type 'ament_cmake'
[1.271s] INFO:colcon.colcon_cmake.task.cmake.build:Building CMake package in '/workspace/eYRC_26-27_Hola-The-Explorer/Software/workspace/src/task_1a'
[1.271s] INFO:colcon.colcon_core.shell:Skip shell extension 'powershell' for command environment: Not usable outside of PowerShell
[1.271s] DEBUG:colcon.colcon_core.shell:Skip shell extension 'dsv' for command environment
[1.277s] INFO:colcon.colcon_ros.task.ament_cmake.build:Building ROS package in '/workspace/eYRC_26-27_Hola-The-Explorer/Software/workspace/src/task_1c' with build type 'ament_cmake'
[1.278s] INFO:colcon.colcon_cmake.task.cmake.build:Building CMake package in '/workspace/eYRC_26-27_Hola-The-Explorer/Software/workspace/src/task_1c'
[1.278s] INFO:colcon.colcon_core.shell:Skip shell extension 'powershell' for command environment: Not usable outside of PowerShell
[1.278s] DEBUG:colcon.colcon_core.shell:Skip shell extension 'dsv' for command environment
[1.294s] DEBUG:colcon.colcon_core.event_handler.log_command:Invoking command in '/workspace/eYRC_26-27_Hola-The-Explorer/Software/workspace/build/task_1a': AMENT_PREFIX_PATH=/workspace/eYRC_26-27_Hola-The-Explorer/Software/workspace/install/shape_interface:${AMENT_PREFIX_PATH} CMAKE_PREFIX_PATH=/workspace/eYRC_26-27_Hola-The-Explorer/Software/workspace/install/shape_interface:/opt/ros/humble LD_LIBRARY_PATH=/workspace/eYRC_26-27_Hola-The-Explorer/Software/workspace/install/shape_interface/lib:${LD_LIBRARY_PATH} PYTHONPATH=/workspace/eYRC_26-27_Hola-The-Explorer/Software/workspace/install/shape_interface/local/lib/python3.10/dist-packages:${PYTHONPATH} /usr/bin/cmake --build /workspace/eYRC_26-27_Hola-The-Explorer/Software/workspace/build/task_1a -- -j12 -l12
[1.301s] DEBUG:colcon.colcon_core.event_handler.log_command:Invoking command in '/workspace/eYRC_26-27_Hola-The-Explorer/Software/workspace/build/task_1c': AMENT_PREFIX_PATH=/workspace/eYRC_26-27_Hola-The-Explorer/Software/workspace/install/shape_interface:${AMENT_PREFIX_PATH} CMAKE_PREFIX_PATH=/workspace/eYRC_26-27_Hola-The-Explorer/Software/workspace/install/shape_interface:/opt/ros/humble LD_LIBRARY_PATH=/workspace/eYRC_26-27_Hola-The-Explorer/Software/workspace/install/shape_interface/lib:${LD_LIBRARY_PATH} PYTHONPATH=/workspace/eYRC_26-27_Hola-The-Explorer/Software/workspace/install/shape_interface/local/lib/python3.10/dist-packages:${PYTHONPATH} /usr/bin/cmake --build /workspace/eYRC_26-27_Hola-The-Explorer/Software/workspace/build/task_1c -- -j12 -l12
[1.358s] DEBUG:colcon.colcon_core.event_handler.log_command:Invoked command in '/workspace/eYRC_26-27_Hola-The-Explorer/Software/workspace/build/task_1c' returned '0': AMENT_PREFIX_PATH=/workspace/eYRC_26-27_Hola-The-Explorer/Software/workspace/install/shape_interface:${AMENT_PREFIX_PATH} CMAKE_PREFIX_PATH=/workspace/eYRC_26-27_Hola-The-Explorer/Software/workspace/install/shape_interface:/opt/ros/humble LD_LIBRARY_PATH=/workspace/eYRC_26-27_Hola-The-Explorer/Software/workspace/install/shape_interface/lib:${LD_LIBRARY_PATH} PYTHONPATH=/workspace/eYRC_26-27_Hola-The-Explorer/Software/workspace/install/shape_interface/local/lib/python3.10/dist-packages:${PYTHONPATH} /usr/bin/cmake --build /workspace/eYRC_26-27_Hola-The-Explorer/Software/workspace/build/task_1c -- -j12 -l12
[1.360s] DEBUG:colcon.colcon_core.event_handler.log_command:Invoking command in '/workspace/eYRC_26-27_Hola-The-Explorer/Software/workspace/build/task_1c': AMENT_PREFIX_PATH=/workspace/eYRC_26-27_Hola-The-Explorer/Software/workspace/install/shape_interface:${AMENT_PREFIX_PATH} CMAKE_PREFIX_PATH=/workspace/eYRC_26-27_Hola-The-Explorer/Software/workspace/install/shape_interface:/opt/ros/humble LD_LIBRARY_PATH=/workspace/eYRC_26-27_Hola-The-Explorer/Software/workspace/install/shape_interface/lib:${LD_LIBRARY_PATH} PYTHONPATH=/workspace/eYRC_26-27_Hola-The-Explorer/Software/workspace/install/shape_interface/local/lib/python3.10/dist-packages:${PYTHONPATH} /usr/bin/cmake --install /workspace/eYRC_26-27_Hola-The-Explorer/Software/workspace/build/task_1c
[1.390s] Level 1:colcon.colcon_core.environment:create_environment_scripts_only(task_1c)
[1.391s] Level 1:colcon.colcon_core.environment:checking '/workspace/eYRC_26-27_Hola-The-Explorer/Software/workspace/install/task_1c' for CMake module files
[1.391s] Level 1:colcon.colcon_core.environment:checking '/workspace/eYRC_26-27_Hola-The-Explorer/Software/workspace/install/task_1c' for CMake config files
[1.392s] Level 1:colcon.colcon_core.shell:create_environment_hook('task_1c', 'cmake_prefix_path')
[1.392s] INFO:colcon.colcon_core.shell:Creating environment hook '/workspace/eYRC_26-27_Hola-The-Explorer/Software/workspace/install/task_1c/share/task_1c/hook/cmake_prefix_path.ps1'
[1.393s] DEBUG:colcon.colcon_core.event_handler.log_command:Invoked command in '/workspace/eYRC_26-27_Hola-The-Explorer/Software/workspace/build/task_1c' returned '0': AMENT_PREFIX_PATH=/workspace/eYRC_26-27_Hola-The-Explorer/Software/workspace/install/shape_interface:${AMENT_PREFIX_PATH} CMAKE_PREFIX_PATH=/workspace/eYRC_26-27_Hola-The-Explorer/Software/workspace/install/shape_interface:/opt/ros/humble LD_LIBRARY_PATH=/workspace/eYRC_26-27_Hola-The-Explorer/Software/workspace/install/shape_interface/lib:${LD_LIBRARY_PATH} PYTHONPATH=/workspace/eYRC_26-27_Hola-The-Explorer/Software/workspace/install/shape_interface/local/lib/python3.10/dist-packages:${PYTHONPATH} /usr/bin/cmake --install /workspace/eYRC_26-27_Hola-The-Explorer/Software/workspace/build/task_1c
[1.394s] INFO:colcon.colcon_core.shell:Creating environment descriptor '/workspace/eYRC_26-27_Hola-The-Explorer/Software/workspace/install/task_1c/share/task_1c/hook/cmake_prefix_path.dsv'
[1.394s] INFO:colcon.colcon_core.shell:Creating environment hook '/workspace/eYRC_26-27_Hola-The-Explorer/Software/workspace/install/task_1c/share/task_1c/hook/cmake_prefix_path.sh'
[1.395s] Level 1:colcon.colcon_core.environment:checking '/workspace/eYRC_26-27_Hola-The-Explorer/Software/workspace/install/task_1c/lib'
[1.396s] Level 1:colcon.colcon_core.environment:checking '/workspace/eYRC_26-27_Hola-The-Explorer/Software/workspace/install/task_1c/bin'
[1.396s] Level 1:colcon.colcon_core.environment:checking '/workspace/eYRC_26-27_Hola-The-Explorer/Software/workspace/install/task_1c/lib/pkgconfig/task_1c.pc'
[1.396s] Level 1:colcon.colcon_core.environment:checking '/workspace/eYRC_26-27_Hola-The-Explorer/Software/workspace/install/task_1c/lib/python3.10/site-packages'
[1.397s] Level 1:colcon.colcon_core.environment:checking '/workspace/eYRC_26-27_Hola-The-Explorer/Software/workspace/install/task_1c/bin'
[1.398s] INFO:colcon.colcon_core.shell:Creating package script '/workspace/eYRC_26-27_Hola-The-Explorer/Software/workspace/install/task_1c/share/task_1c/package.ps1'
[1.399s] INFO:colcon.colcon_core.shell:Creating package descriptor '/workspace/eYRC_26-27_Hola-The-Explorer/Software/workspace/install/task_1c/share/task_1c/package.dsv'
[1.400s] INFO:colcon.colcon_core.shell:Creating package script '/workspace/eYRC_26-27_Hola-The-Explorer/Software/workspace/install/task_1c/share/task_1c/package.sh'
[1.400s] INFO:colcon.colcon_core.shell:Creating package script '/workspace/eYRC_26-27_Hola-The-Explorer/Software/workspace/install/task_1c/share/task_1c/package.bash'
[1.401s] INFO:colcon.colcon_core.shell:Creating package script '/workspace/eYRC_26-27_Hola-The-Explorer/Software/workspace/install/task_1c/share/task_1c/package.zsh'
[1.402s] Level 1:colcon.colcon_core.environment:create_file_with_runtime_dependencies(/workspace/eYRC_26-27_Hola-The-Explorer/Software/workspace/install/task_1c/share/colcon-core/packages/task_1c)
[1.403s] Level 1:colcon.colcon_core.environment:create_environment_scripts_only(task_1c)
[1.403s] Level 1:colcon.colcon_core.environment:checking '/workspace/eYRC_26-27_Hola-The-Explorer/Software/workspace/install/task_1c' for CMake module files
[1.404s] Level 1:colcon.colcon_core.environment:checking '/workspace/eYRC_26-27_Hola-The-Explorer/Software/workspace/install/task_1c' for CMake config files
[1.405s] Level 1:colcon.colcon_core.shell:create_environment_hook('task_1c', 'cmake_prefix_path')
[1.405s] INFO:colcon.colcon_core.shell:Creating environment hook '/workspace/eYRC_26-27_Hola-The-Explorer/Software/workspace/install/task_1c/share/task_1c/hook/cmake_prefix_path.ps1'
[1.406s] INFO:colcon.colcon_core.shell:Creating environment descriptor '/workspace/eYRC_26-27_Hola-The-Explorer/Software/workspace/install/task_1c/share/task_1c/hook/cmake_prefix_path.dsv'
[1.406s] INFO:colcon.colcon_core.shell:Creating environment hook '/workspace/eYRC_26-27_Hola-The-Explorer/Software/workspace/install/task_1c/share/task_1c/hook/cmake_prefix_path.sh'
[1.407s] Level 1:colcon.colcon_core.environment:checking '/workspace/eYRC_26-27_Hola-The-Explorer/Software/workspace/install/task_1c/lib'
[1.407s] Level 1:colcon.colcon_core.environment:checking '/workspace/eYRC_26-27_Hola-The-Explorer/Software/workspace/install/task_1c/bin'
[1.408s] Level 1:colcon.colcon_core.environment:checking '/workspace/eYRC_26-27_Hola-The-Explorer/Software/workspace/install/task_1c/lib/pkgconfig/task_1c.pc'
[1.408s] Level 1:colcon.colcon_core.environment:checking '/workspace/eYRC_26-27_Hola-The-Explorer/Software/workspace/install/task_1c/lib/python3.10/site-packages'
[1.408s] Level 1:colcon.colcon_core.environment:checking '/workspace/eYRC_26-27_Hola-The-Explorer/Software/workspace/install/task_1c/bin'
[1.409s] INFO:colcon.colcon_core.shell:Creating package script '/workspace/eYRC_26-27_Hola-The-Explorer/Software/workspace/install/task_1c/share/task_1c/package.ps1'
[1.410s] INFO:colcon.colcon_core.shell:Creating package descriptor '/workspace/eYRC_26-27_Hola-The-Explorer/Software/workspace/install/task_1c/share/task_1c/package.dsv'
[1.411s] INFO:colcon.colcon_core.shell:Creating package script '/workspace/eYRC_26-27_Hola-The-Explorer/Software/workspace/install/task_1c/share/task_1c/package.sh'
[1.412s] INFO:colcon.colcon_core.shell:Creating package script '/workspace/eYRC_26-27_Hola-The-Explorer/Software/workspace/install/task_1c/share/task_1c/package.bash'
[1.412s] INFO:colcon.colcon_core.shell:Creating package script '/workspace/eYRC_26-27_Hola-The-Explorer/Software/workspace/install/task_1c/share/task_1c/package.zsh'
[1.413s] Level 1:colcon.colcon_core.environment:create_file_with_runtime_dependencies(/workspace/eYRC_26-27_Hola-The-Explorer/Software/workspace/install/task_1c/share/colcon-core/packages/task_1c)
[1.809s] DEBUG:colcon.colcon_core.event_handler.log_command:Invoked command in '/workspace/eYRC_26-27_Hola-The-Explorer/Software/workspace/build/task_1a' returned '0': AMENT_PREFIX_PATH=/workspace/eYRC_26-27_Hola-The-Explorer/Software/workspace/install/shape_interface:${AMENT_PREFIX_PATH} CMAKE_PREFIX_PATH=/workspace/eYRC_26-27_Hola-The-Explorer/Software/workspace/install/shape_interface:/opt/ros/humble LD_LIBRARY_PATH=/workspace/eYRC_26-27_Hola-The-Explorer/Software/workspace/install/shape_interface/lib:${LD_LIBRARY_PATH} PYTHONPATH=/workspace/eYRC_26-27_Hola-The-Explorer/Software/workspace/install/shape_interface/local/lib/python3.10/dist-packages:${PYTHONPATH} /usr/bin/cmake --build /workspace/eYRC_26-27_Hola-The-Explorer/Software/workspace/build/task_1a -- -j12 -l12
[1.810s] DEBUG:colcon.colcon_core.event_handler.log_command:Invoking command in '/workspace/eYRC_26-27_Hola-The-Explorer/Software/workspace/build/task_1a': AMENT_PREFIX_PATH=/workspace/eYRC_26-27_Hola-The-Explorer/Software/workspace/install/shape_interface:${AMENT_PREFIX_PATH} CMAKE_PREFIX_PATH=/workspace/eYRC_26-27_Hola-The-Explorer/Software/workspace/install/shape_interface:/opt/ros/humble LD_LIBRARY_PATH=/workspace/eYRC_26-27_Hola-The-Explorer/Software/workspace/install/shape_interface/lib:${LD_LIBRARY_PATH} PYTHONPATH=/workspace/eYRC_26-27_Hola-The-Explorer/Software/workspace/install/shape_interface/local/lib/python3.10/dist-packages:${PYTHONPATH} /usr/bin/cmake --install /workspace/eYRC_26-27_Hola-The-Explorer/Software/workspace/build/task_1a
[1.911s] Level 1:colcon.colcon_core.environment:create_environment_scripts_only(task_1a)
[1.912s] Level 1:colcon.colcon_core.environment:checking '/workspace/eYRC_26-27_Hola-The-Explorer/Software/workspace/install/task_1a' for CMake module files
[1.913s] Level 1:colcon.colcon_core.environment:checking '/workspace/eYRC_26-27_Hola-The-Explorer/Software/workspace/install/task_1a' for CMake config files
[1.914s] Level 1:colcon.colcon_core.shell:create_environment_hook('task_1a', 'cmake_prefix_path')
[1.914s] INFO:colcon.colcon_core.shell:Creating environment hook '/workspace/eYRC_26-27_Hola-The-Explorer/Software/workspace/install/task_1a/share/task_1a/hook/cmake_prefix_path.ps1'
[1.915s] DEBUG:colcon.colcon_core.event_handler.log_command:Invoked command in '/workspace/eYRC_26-27_Hola-The-Explorer/Software/workspace/build/task_1a' returned '0': AMENT_PREFIX_PATH=/workspace/eYRC_26-27_Hola-The-Explorer/Software/workspace/install/shape_interface:${AMENT_PREFIX_PATH} CMAKE_PREFIX_PATH=/workspace/eYRC_26-27_Hola-The-Explorer/Software/workspace/install/shape_interface:/opt/ros/humble LD_LIBRARY_PATH=/workspace/eYRC_26-27_Hola-The-Explorer/Software/workspace/install/shape_interface/lib:${LD_LIBRARY_PATH} PYTHONPATH=/workspace/eYRC_26-27_Hola-The-Explorer/Software/workspace/install/shape_interface/local/lib/python3.10/dist-packages:${PYTHONPATH} /usr/bin/cmake --install /workspace/eYRC_26-27_Hola-The-Explorer/Software/workspace/build/task_1a
[1.916s] INFO:colcon.colcon_core.shell:Creating environment descriptor '/workspace/eYRC_26-27_Hola-The-Explorer/Software/workspace/install/task_1a/share/task_1a/hook/cmake_prefix_path.dsv'
[1.916s] INFO:colcon.colcon_core.shell:Creating environment hook '/workspace/eYRC_26-27_Hola-The-Explorer/Software/workspace/install/task_1a/share/task_1a/hook/cmake_prefix_path.sh'
[1.917s] Level 1:colcon.colcon_core.environment:checking '/workspace/eYRC_26-27_Hola-The-Explorer/Software/workspace/install/task_1a/lib'
[1.918s] Level 1:colcon.colcon_core.environment:checking '/workspace/eYRC_26-27_Hola-The-Explorer/Software/workspace/install/task_1a/bin'
[1.918s] Level 1:colcon.colcon_core.environment:checking '/workspace/eYRC_26-27_Hola-The-Explorer/Software/workspace/install/task_1a/lib/pkgconfig/task_1a.pc'
[1.918s] Level 1:colcon.colcon_core.environment:checking '/workspace/eYRC_26-27_Hola-The-Explorer/Software/workspace/install/task_1a/lib/python3.10/site-packages'
[1.918s] Level 1:colcon.colcon_core.environment:checking '/workspace/eYRC_26-27_Hola-The-Explorer/Software/workspace/install/task_1a/bin'
[1.919s] INFO:colcon.colcon_core.shell:Creating package script '/workspace/eYRC_26-27_Hola-The-Explorer/Software/workspace/install/task_1a/share/task_1a/package.ps1'
[1.919s] INFO:colcon.colcon_core.shell:Creating package descriptor '/workspace/eYRC_26-27_Hola-The-Explorer/Software/workspace/install/task_1a/share/task_1a/package.dsv'
[1.920s] INFO:colcon.colcon_core.shell:Creating package script '/workspace/eYRC_26-27_Hola-The-Explorer/Software/workspace/install/task_1a/share/task_1a/package.sh'
[1.920s] INFO:colcon.colcon_core.shell:Creating package script '/workspace/eYRC_26-27_Hola-The-Explorer/Software/workspace/install/task_1a/share/task_1a/package.bash'
[1.921s] INFO:colcon.colcon_core.shell:Creating package script '/workspace/eYRC_26-27_Hola-The-Explorer/Software/workspace/install/task_1a/share/task_1a/package.zsh'
[1.921s] Level 1:colcon.colcon_core.environment:create_file_with_runtime_dependencies(/workspace/eYRC_26-27_Hola-The-Explorer/Software/workspace/install/task_1a/share/colcon-core/packages/task_1a)
[1.921s] Level 1:colcon.colcon_core.environment:create_environment_scripts_only(task_1a)
[1.922s] Level 1:colcon.colcon_core.environment:checking '/workspace/eYRC_26-27_Hola-The-Explorer/Software/workspace/install/task_1a' for CMake module files
[1.922s] Level 1:colcon.colcon_core.environment:checking '/workspace/eYRC_26-27_Hola-The-Explorer/Software/workspace/install/task_1a' for CMake config files
[1.922s] Level 1:colcon.colcon_core.shell:create_environment_hook('task_1a', 'cmake_prefix_path')
[1.923s] INFO:colcon.colcon_core.shell:Creating environment hook '/workspace/eYRC_26-27_Hola-The-Explorer/Software/workspace/install/task_1a/share/task_1a/hook/cmake_prefix_path.ps1'
[1.923s] INFO:colcon.colcon_core.shell:Creating environment descriptor '/workspace/eYRC_26-27_Hola-The-Explorer/Software/workspace/install/task_1a/share/task_1a/hook/cmake_prefix_path.dsv'
[1.923s] INFO:colcon.colcon_core.shell:Creating environment hook '/workspace/eYRC_26-27_Hola-The-Explorer/Software/workspace/install/task_1a/share/task_1a/hook/cmake_prefix_path.sh'
[1.924s] Level 1:colcon.colcon_core.environment:checking '/workspace/eYRC_26-27_Hola-The-Explorer/Software/workspace/install/task_1a/lib'
[1.924s] Level 1:colcon.colcon_core.environment:checking '/workspace/eYRC_26-27_Hola-The-Explorer/Software/workspace/install/task_1a/bin'
[1.924s] Level 1:colcon.colcon_core.environment:checking '/workspace/eYRC_26-27_Hola-The-Explorer/Software/workspace/install/task_1a/lib/pkgconfig/task_1a.pc'
[1.924s] Level 1:colcon.colcon_core.environment:checking '/workspace/eYRC_26-27_Hola-The-Explorer/Software/workspace/install/task_1a/lib/python3.10/site-packages'
[1.925s] Level 1:colcon.colcon_core.environment:checking '/workspace/eYRC_26-27_Hola-The-Explorer/Software/workspace/install/task_1a/bin'
[1.925s] INFO:colcon.colcon_core.shell:Creating package script '/workspace/eYRC_26-27_Hola-The-Explorer/Software/workspace/install/task_1a/share/task_1a/package.ps1'
[1.926s] INFO:colcon.colcon_core.shell:Creating package descriptor '/workspace/eYRC_26-27_Hola-The-Explorer/Software/workspace/install/task_1a/share/task_1a/package.dsv'
[1.926s] INFO:colcon.colcon_core.shell:Creating package script '/workspace/eYRC_26-27_Hola-The-Explorer/Software/workspace/install/task_1a/share/task_1a/package.sh'
[1.926s] INFO:colcon.colcon_core.shell:Creating package script '/workspace/eYRC_26-27_Hola-The-Explorer/Software/workspace/install/task_1a/share/task_1a/package.bash'
[1.927s] INFO:colcon.colcon_core.shell:Creating package script '/workspace/eYRC_26-27_Hola-The-Explorer/Software/workspace/install/task_1a/share/task_1a/package.zsh'
[1.927s] Level 1:colcon.colcon_core.environment:create_file_with_runtime_dependencies(/workspace/eYRC_26-27_Hola-The-Explorer/Software/workspace/install/task_1a/share/colcon-core/packages/task_1a)
[1.928s] INFO:colcon.colcon_ros.task.ament_cmake.build:Building ROS package in '/workspace/eYRC_26-27_Hola-The-Explorer/Software/workspace/src/hb_description' with build type 'ament_cmake'
[1.928s] INFO:colcon.colcon_cmake.task.cmake.build:Building CMake package in '/workspace/eYRC_26-27_Hola-The-Explorer/Software/workspace/src/hb_description'
[1.928s] INFO:colcon.colcon_core.shell:Skip shell extension 'powershell' for command environment: Not usable outside of PowerShell
[1.928s] DEBUG:colcon.colcon_core.shell:Skip shell extension 'dsv' for command environment
[1.952s] DEBUG:colcon.colcon_core.event_handler.log_command:Invoking command in '/workspace/eYRC_26-27_Hola-The-Explorer/Software/workspace/build/hb_description': AMENT_PREFIX_PATH=/workspace/eYRC_26-27_Hola-The-Explorer/Software/workspace/install/task_1a:/workspace/eYRC_26-27_Hola-The-Explorer/Software/workspace/install/shape_interface:${AMENT_PREFIX_PATH} CMAKE_PREFIX_PATH=/workspace/eYRC_26-27_Hola-The-Explorer/Software/workspace/install/task_1a:/workspace/eYRC_26-27_Hola-The-Explorer/Software/workspace/install/shape_interface:/opt/ros/humble LD_LIBRARY_PATH=/workspace/eYRC_26-27_Hola-The-Explorer/Software/workspace/install/shape_interface/lib:${LD_LIBRARY_PATH} PYTHONPATH=/workspace/eYRC_26-27_Hola-The-Explorer/Software/workspace/install/task_1a/local/lib/python3.10/dist-packages:/workspace/eYRC_26-27_Hola-The-Explorer/Software/workspace/install/shape_interface/local/lib/python3.10/dist-packages:${PYTHONPATH} /usr/bin/cmake --build /workspace/eYRC_26-27_Hola-The-Explorer/Software/workspace/build/hb_description -- -j12 -l12
[2.001s] DEBUG:colcon.colcon_core.event_handler.log_command:Invoked command in '/workspace/eYRC_26-27_Hola-The-Explorer/Software/workspace/build/hb_description' returned '0': AMENT_PREFIX_PATH=/workspace/eYRC_26-27_Hola-The-Explorer/Software/workspace/install/task_1a:/workspace/eYRC_26-27_Hola-The-Explorer/Software/workspace/install/shape_interface:${AMENT_PREFIX_PATH} CMAKE_PREFIX_PATH=/workspace/eYRC_26-27_Hola-The-Explorer/Software/workspace/install/task_1a:/workspace/eYRC_26-27_Hola-The-Explorer/Software/workspace/install/shape_interface:/opt/ros/humble LD_LIBRARY_PATH=/workspace/eYRC_26-27_Hola-The-Explorer/Software/workspace/install/shape_interface/lib:${LD_LIBRARY_PATH} PYTHONPATH=/workspace/eYRC_26-27_Hola-The-Explorer/Software/workspace/install/task_1a/local/lib/python3.10/dist-packages:/workspace/eYRC_26-27_Hola-The-Explorer/Software/workspace/install/shape_interface/local/lib/python3.10/dist-packages:${PYTHONPATH} /usr/bin/cmake --build /workspace/eYRC_26-27_Hola-The-Explorer/Software/workspace/build/hb_description -- -j12 -l12
[2.002s] DEBUG:colcon.colcon_core.event_handler.log_command:Invoking command in '/workspace/eYRC_26-27_Hola-The-Explorer/Software/workspace/build/hb_description': AMENT_PREFIX_PATH=/workspace/eYRC_26-27_Hola-The-Explorer/Software/workspace/install/task_1a:/workspace/eYRC_26-27_Hola-The-Explorer/Software/workspace/install/shape_interface:${AMENT_PREFIX_PATH} CMAKE_PREFIX_PATH=/workspace/eYRC_26-27_Hola-The-Explorer/Software/workspace/install/task_1a:/workspace/eYRC_26-27_Hola-The-Explorer/Software/workspace/install/shape_interface:/opt/ros/humble LD_LIBRARY_PATH=/workspace/eYRC_26-27_Hola-The-Explorer/Software/workspace/install/shape_interface/lib:${LD_LIBRARY_PATH} PYTHONPATH=/workspace/eYRC_26-27_Hola-The-Explorer/Software/workspace/install/task_1a/local/lib/python3.10/dist-packages:/workspace/eYRC_26-27_Hola-The-Explorer/Software/workspace/install/shape_interface/local/lib/python3.10/dist-packages:${PYTHONPATH} /usr/bin/cmake --install /workspace/eYRC_26-27_Hola-The-Explorer/Software/workspace/build/hb_description
[2.039s] Level 1:colcon.colcon_core.environment:create_environment_scripts_only(hb_description)
[2.039s] Level 1:colcon.colcon_core.environment:checking '/workspace/eYRC_26-27_Hola-The-Explorer/Software/workspace/install/hb_description' for CMake module files
[2.040s] Level 1:colcon.colcon_core.environment:checking '/workspace/eYRC_26-27_Hola-The-Explorer/Software/workspace/install/hb_description' for CMake config files
[2.040s] Level 1:colcon.colcon_core.shell:create_environment_hook('hb_description', 'cmake_prefix_path')
[2.041s] INFO:colcon.colcon_core.shell:Creating environment hook '/workspace/eYRC_26-27_Hola-The-Explorer/Software/workspace/install/hb_description/share/hb_description/hook/cmake_prefix_path.ps1'
[2.042s] INFO:colcon.colcon_core.shell:Creating environment descriptor '/workspace/eYRC_26-27_Hola-The-Explorer/Software/workspace/install/hb_description/share/hb_description/hook/cmake_prefix_path.dsv'
[2.042s] INFO:colcon.colcon_core.shell:Creating environment hook '/workspace/eYRC_26-27_Hola-The-Explorer/Software/workspace/install/hb_description/share/hb_description/hook/cmake_prefix_path.sh'
[2.043s] Level 1:colcon.colcon_core.environment:checking '/workspace/eYRC_26-27_Hola-The-Explorer/Software/workspace/install/hb_description/lib'
[2.044s] Level 1:colcon.colcon_core.shell:create_environment_hook('hb_description', 'ld_library_path_lib')
[2.044s] INFO:colcon.colcon_core.shell:Creating environment hook '/workspace/eYRC_26-27_Hola-The-Explorer/Software/workspace/install/hb_description/share/hb_description/hook/ld_library_path_lib.ps1'
[2.045s] INFO:colcon.colcon_core.shell:Creating environment descriptor '/workspace/eYRC_26-27_Hola-The-Explorer/Software/workspace/install/hb_description/share/hb_description/hook/ld_library_path_lib.dsv'
[2.045s] DEBUG:colcon.colcon_core.event_handler.log_command:Invoked command in '/workspace/eYRC_26-27_Hola-The-Explorer/Software/workspace/build/hb_description' returned '0': AMENT_PREFIX_PATH=/workspace/eYRC_26-27_Hola-The-Explorer/Software/workspace/install/task_1a:/workspace/eYRC_26-27_Hola-The-Explorer/Software/workspace/install/shape_interface:${AMENT_PREFIX_PATH} CMAKE_PREFIX_PATH=/workspace/eYRC_26-27_Hola-The-Explorer/Software/workspace/install/task_1a:/workspace/eYRC_26-27_Hola-The-Explorer/Software/workspace/install/shape_interface:/opt/ros/humble LD_LIBRARY_PATH=/workspace/eYRC_26-27_Hola-The-Explorer/Software/workspace/install/shape_interface/lib:${LD_LIBRARY_PATH} PYTHONPATH=/workspace/eYRC_26-27_Hola-The-Explorer/Software/workspace/install/task_1a/local/lib/python3.10/dist-packages:/workspace/eYRC_26-27_Hola-The-Explorer/Software/workspace/install/shape_interface/local/lib/python3.10/dist-packages:${PYTHONPATH} /usr/bin/cmake --install /workspace/eYRC_26-27_Hola-The-Explorer/Software/workspace/build/hb_description
[2.046s] INFO:colcon.colcon_core.shell:Creating environment hook '/workspace/eYRC_26-27_Hola-The-Explorer/Software/workspace/install/hb_description/share/hb_description/hook/ld_library_path_lib.sh'
[2.046s] Level 1:colcon.colcon_core.environment:checking '/workspace/eYRC_26-27_Hola-The-Explorer/Software/workspace/install/hb_description/bin'
[2.047s] Level 1:colcon.colcon_core.environment:checking '/workspace/eYRC_26-27_Hola-The-Explorer/Software/workspace/install/hb_description/lib/pkgconfig/hb_description.pc'
[2.047s] Level 1:colcon.colcon_core.environment:checking '/workspace/eYRC_26-27_Hola-The-Explorer/Software/workspace/install/hb_description/lib/python3.10/site-packages'
[2.048s] Level 1:colcon.colcon_core.environment:checking '/workspace/eYRC_26-27_Hola-The-Explorer/Software/workspace/install/hb_description/bin'
[2.048s] INFO:colcon.colcon_core.shell:Creating package script '/workspace/eYRC_26-27_Hola-The-Explorer/Software/workspace/install/hb_description/share/hb_description/package.ps1'
[2.050s] INFO:colcon.colcon_core.shell:Creating package descriptor '/workspace/eYRC_26-27_Hola-The-Explorer/Software/workspace/install/hb_description/share/hb_description/package.dsv'
[2.050s] INFO:colcon.colcon_core.shell:Creating package script '/workspace/eYRC_26-27_Hola-The-Explorer/Software/workspace/install/hb_description/share/hb_description/package.sh'
[2.051s] INFO:colcon.colcon_core.shell:Creating package script '/workspace/eYRC_26-27_Hola-The-Explorer/Software/workspace/install/hb_description/share/hb_description/package.bash'
[2.052s] INFO:colcon.colcon_core.shell:Creating package script '/workspace/eYRC_26-27_Hola-The-Explorer/Software/workspace/install/hb_description/share/hb_description/package.zsh'
[2.053s] Level 1:colcon.colcon_core.environment:create_file_with_runtime_dependencies(/workspace/eYRC_26-27_Hola-The-Explorer/Software/workspace/install/hb_description/share/colcon-core/packages/hb_description)
[2.054s] Level 1:colcon.colcon_core.environment:create_environment_scripts_only(hb_description)
[2.054s] Level 1:colcon.colcon_core.environment:checking '/workspace/eYRC_26-27_Hola-The-Explorer/Software/workspace/install/hb_description' for CMake module files
[2.055s] Level 1:colcon.colcon_core.environment:checking '/workspace/eYRC_26-27_Hola-The-Explorer/Software/workspace/install/hb_description' for CMake config files
[2.056s] Level 1:colcon.colcon_core.shell:create_environment_hook('hb_description', 'cmake_prefix_path')
[2.056s] INFO:colcon.colcon_core.shell:Creating environment hook '/workspace/eYRC_26-27_Hola-The-Explorer/Software/workspace/install/hb_description/share/hb_description/hook/cmake_prefix_path.ps1'
[2.057s] INFO:colcon.colcon_core.shell:Creating environment descriptor '/workspace/eYRC_26-27_Hola-The-Explorer/Software/workspace/install/hb_description/share/hb_description/hook/cmake_prefix_path.dsv'
[2.058s] INFO:colcon.colcon_core.shell:Creating environment hook '/workspace/eYRC_26-27_Hola-The-Explorer/Software/workspace/install/hb_description/share/hb_description/hook/cmake_prefix_path.sh'
[2.059s] Level 1:colcon.colcon_core.environment:checking '/workspace/eYRC_26-27_Hola-The-Explorer/Software/workspace/install/hb_description/lib'
[2.059s] Level 1:colcon.colcon_core.shell:create_environment_hook('hb_description', 'ld_library_path_lib')
[2.060s] INFO:colcon.colcon_core.shell:Creating environment hook '/workspace/eYRC_26-27_Hola-The-Explorer/Software/workspace/install/hb_description/share/hb_description/hook/ld_library_path_lib.ps1'
[2.060s] INFO:colcon.colcon_core.shell:Creating environment descriptor '/workspace/eYRC_26-27_Hola-The-Explorer/Software/workspace/install/hb_description/share/hb_description/hook/ld_library_path_lib.dsv'
[2.061s] INFO:colcon.colcon_core.shell:Creating environment hook '/workspace/eYRC_26-27_Hola-The-Explorer/Software/workspace/install/hb_description/share/hb_description/hook/ld_library_path_lib.sh'
[2.061s] Level 1:colcon.colcon_core.environment:checking '/workspace/eYRC_26-27_Hola-The-Explorer/Software/workspace/install/hb_description/bin'
[2.062s] Level 1:colcon.colcon_core.environment:checking '/workspace/eYRC_26-27_Hola-The-Explorer/Software/workspace/install/hb_description/lib/pkgconfig/hb_description.pc'
[2.062s] Level 1:colcon.colcon_core.environment:checking '/workspace/eYRC_26-27_Hola-The-Explorer/Software/workspace/install/hb_description/lib/python3.10/site-packages'
[2.062s] Level 1:colcon.colcon_core.environment:checking '/workspace/eYRC_26-27_Hola-The-Explorer/Software/workspace/install/hb_description/bin'
[2.063s] INFO:colcon.colcon_core.shell:Creating package script '/workspace/eYRC_26-27_Hola-The-Explorer/Software/workspace/install/hb_description/share/hb_description/package.ps1'
[2.066s] INFO:colcon.colcon_core.shell:Creating package descriptor '/workspace/eYRC_26-27_Hola-The-Explorer/Software/workspace/install/hb_description/share/hb_description/package.dsv'
[2.068s] INFO:colcon.colcon_core.shell:Creating package script '/workspace/eYRC_26-27_Hola-The-Explorer/Software/workspace/install/hb_description/share/hb_description/package.sh'
[2.070s] INFO:colcon.colcon_core.shell:Creating package script '/workspace/eYRC_26-27_Hola-The-Explorer/Software/workspace/install/hb_description/share/hb_description/package.bash'
[2.070s] INFO:colcon.colcon_core.shell:Creating package script '/workspace/eYRC_26-27_Hola-The-Explorer/Software/workspace/install/hb_description/share/hb_description/package.zsh'
[2.070s] Level 1:colcon.colcon_core.environment:create_file_with_runtime_dependencies(/workspace/eYRC_26-27_Hola-The-Explorer/Software/workspace/install/hb_description/share/colcon-core/packages/hb_description)
[2.071s] DEBUG:colcon.colcon_parallel_executor.executor.parallel:closing loop
[2.071s] DEBUG:colcon.colcon_parallel_executor.executor.parallel:loop closed
[2.071s] DEBUG:colcon.colcon_parallel_executor.executor.parallel:run_until_complete finished with '0'
[2.071s] DEBUG:colcon.colcon_core.event_reactor:joining thread
[2.086s] INFO:colcon.colcon_core.plugin_system:Skipping extension 'colcon_notification.desktop_notification.notify_send': Could not find 'notify-send'
[2.086s] INFO:colcon.colcon_core.plugin_system:Skipping extension 'colcon_notification.desktop_notification.terminal_notifier': Not used on non-Darwin systems
[2.086s] INFO:colcon.colcon_core.plugin_system:Skipping extension 'colcon_notification.desktop_notification.win32': Not used on non-Windows systems
[2.086s] INFO:colcon.colcon_notification.desktop_notification:Sending desktop notification using 'notify2'
[2.092s] DEBUG:colcon.colcon_notification.desktop_notification.notify2:Failed to initialize notify2: org.freedesktop.DBus.Error.Spawn.ExecFailed: /usr/bin/dbus-launch terminated abnormally without any error message
[2.093s] DEBUG:colcon.colcon_core.event_reactor:joined thread
[2.095s] INFO:colcon.colcon_core.shell:Creating prefix script '/workspace/eYRC_26-27_Hola-The-Explorer/Software/workspace/install/local_setup.ps1'
[2.099s] INFO:colcon.colcon_core.shell:Creating prefix util module '/workspace/eYRC_26-27_Hola-The-Explorer/Software/workspace/install/_local_setup_util_ps1.py'
[2.102s] INFO:colcon.colcon_core.shell:Creating prefix chain script '/workspace/eYRC_26-27_Hola-The-Explorer/Software/workspace/install/setup.ps1'
[2.105s] INFO:colcon.colcon_core.shell:Creating prefix script '/workspace/eYRC_26-27_Hola-The-Explorer/Software/workspace/install/local_setup.sh'
[2.105s] INFO:colcon.colcon_core.shell:Creating prefix util module '/workspace/eYRC_26-27_Hola-The-Explorer/Software/workspace/install/_local_setup_util_sh.py'
[2.106s] INFO:colcon.colcon_core.shell:Creating prefix chain script '/workspace/eYRC_26-27_Hola-The-Explorer/Software/workspace/install/setup.sh'
[2.107s] INFO:colcon.colcon_core.shell:Creating prefix script '/workspace/eYRC_26-27_Hola-The-Explorer/Software/workspace/install/local_setup.bash'
[2.107s] INFO:colcon.colcon_core.shell:Creating prefix chain script '/workspace/eYRC_26-27_Hola-The-Explorer/Software/workspace/install/setup.bash'
[2.108s] INFO:colcon.colcon_core.shell:Creating prefix script '/workspace/eYRC_26-27_Hola-The-Explorer/Software/workspace/install/local_setup.zsh'
[2.109s] INFO:colcon.colcon_core.shell:Creating prefix chain script '/workspace/eYRC_26-27_Hola-The-Explorer/Software/workspace/install/setup.zsh'
