[0.030s] Invoking command in '/workspace/eYRC_26-27_Hola-The-Explorer/Software/workspace/build/shape_interface': CMAKE_PREFIX_PATH=/opt/ros/humble /usr/bin/cmake --build /workspace/eYRC_26-27_Hola-The-Explorer/Software/workspace/build/shape_interface -- -j12 -l12
[0.116s] [  2%] Built target shape_interface__rs
[0.120s] [  4%] Built target shape_interface__cpp
[0.120s] [ 14%] Built target shape_interface__rosidl_generator_c
[0.151s] [ 14%] Built target ament_cmake_python_symlink_shape_interface
[0.165s] [ 25%] Built target shape_interface__rosidl_typesupport_fastrtps_cpp
[0.177s] [ 35%] Built target shape_interface__rosidl_typesupport_c
[0.182s] [ 45%] Built target shape_interface__rosidl_typesupport_fastrtps_c
[0.187s] [ 66%] Built target shape_interface__rosidl_typesupport_introspection_cpp
[0.187s] [ 66%] Built target shape_interface__rosidl_typesupport_introspection_c
[0.191s] [ 77%] Built target shape_interface__rosidl_typesupport_cpp
[0.234s] [ 77%] Built target shape_interface
[0.267s] [ 79%] Built target shape_interface__py
[0.309s] [ 87%] Built target shape_interface__rosidl_generator_py
[0.353s] [ 95%] Built target shape_interface__rosidl_typesupport_introspection_c__pyext
[0.354s] [ 95%] Built target shape_interface__rosidl_typesupport_fastrtps_c__pyext
[0.364s] [100%] Built target shape_interface__rosidl_typesupport_c__pyext
[0.569s] running egg_info
[0.570s] writing shape_interface.egg-info/PKG-INFO
[0.570s] writing dependency_links to shape_interface.egg-info/dependency_links.txt
[0.570s] writing top-level names to shape_interface.egg-info/top_level.txt
[0.575s] reading manifest file 'shape_interface.egg-info/SOURCES.txt'
[0.576s] writing manifest file 'shape_interface.egg-info/SOURCES.txt'
[0.611s] [100%] Built target ament_cmake_python_build_shape_interface_egg
[0.623s] Invoked command in '/workspace/eYRC_26-27_Hola-The-Explorer/Software/workspace/build/shape_interface' returned '0': CMAKE_PREFIX_PATH=/opt/ros/humble /usr/bin/cmake --build /workspace/eYRC_26-27_Hola-The-Explorer/Software/workspace/build/shape_interface -- -j12 -l12
[0.625s] Invoking command in '/workspace/eYRC_26-27_Hola-The-Explorer/Software/workspace/build/shape_interface': CMAKE_PREFIX_PATH=/opt/ros/humble /usr/bin/cmake --install /workspace/eYRC_26-27_Hola-The-Explorer/Software/workspace/build/shape_interface
[0.635s] -- Install configuration: ""
[0.635s] -- Execute custom install script
[0.636s] -- Up-to-date symlink: /workspace/eYRC_26-27_Hola-The-Explorer/Software/workspace/install/shape_interface/share/ament_index/resource_index/rosidl_interfaces/shape_interface
[0.636s] -- Up-to-date symlink: /workspace/eYRC_26-27_Hola-The-Explorer/Software/workspace/install/shape_interface/include/shape_interface/shape_interface/msg/detail/shape__functions.h
[0.637s] -- Up-to-date symlink: /workspace/eYRC_26-27_Hola-The-Explorer/Software/workspace/install/shape_interface/include/shape_interface/shape_interface/msg/detail/shape__struct.h
[0.637s] -- Up-to-date symlink: /workspace/eYRC_26-27_Hola-The-Explorer/Software/workspace/install/shape_interface/include/shape_interface/shape_interface/msg/detail/shape__type_support.h
[0.637s] -- Up-to-date symlink: /workspace/eYRC_26-27_Hola-The-Explorer/Software/workspace/install/shape_interface/include/shape_interface/shape_interface/msg/rosidl_generator_c__visibility_control.h
[0.637s] -- Up-to-date symlink: /workspace/eYRC_26-27_Hola-The-Explorer/Software/workspace/install/shape_interface/include/shape_interface/shape_interface/msg/shape.h
[0.638s] -- Up-to-date symlink: /workspace/eYRC_26-27_Hola-The-Explorer/Software/workspace/install/shape_interface/include/shape_interface/shape_interface/srv/detail/get_shape__functions.h
[0.638s] -- Up-to-date symlink: /workspace/eYRC_26-27_Hola-The-Explorer/Software/workspace/install/shape_interface/include/shape_interface/shape_interface/srv/detail/get_shape__struct.h
[0.638s] -- Up-to-date symlink: /workspace/eYRC_26-27_Hola-The-Explorer/Software/workspace/install/shape_interface/include/shape_interface/shape_interface/srv/detail/get_shape__type_support.h
[0.638s] -- Up-to-date symlink: /workspace/eYRC_26-27_Hola-The-Explorer/Software/workspace/install/shape_interface/include/shape_interface/shape_interface/srv/detail/pixel_to_world__functions.h
[0.638s] -- Up-to-date symlink: /workspace/eYRC_26-27_Hola-The-Explorer/Software/workspace/install/shape_interface/include/shape_interface/shape_interface/srv/detail/pixel_to_world__struct.h
[0.638s] -- Up-to-date symlink: /workspace/eYRC_26-27_Hola-The-Explorer/Software/workspace/install/shape_interface/include/shape_interface/shape_interface/srv/detail/pixel_to_world__type_support.h
[0.639s] -- Up-to-date symlink: /workspace/eYRC_26-27_Hola-The-Explorer/Software/workspace/install/shape_interface/include/shape_interface/shape_interface/srv/get_shape.h
[0.639s] -- Up-to-date symlink: /workspace/eYRC_26-27_Hola-The-Explorer/Software/workspace/install/shape_interface/include/shape_interface/shape_interface/srv/pixel_to_world.h
[0.640s] -- Up-to-date symlink: /workspace/eYRC_26-27_Hola-The-Explorer/Software/workspace/install/shape_interface/share/shape_interface/environment/library_path.sh
[0.640s] -- Up-to-date symlink: /workspace/eYRC_26-27_Hola-The-Explorer/Software/workspace/install/shape_interface/share/shape_interface/environment/library_path.dsv
[0.640s] -- Up-to-date symlink: /workspace/eYRC_26-27_Hola-The-Explorer/Software/workspace/install/shape_interface/include/shape_interface/shape_interface/msg/detail/shape__rosidl_typesupport_fastrtps_c.h
[0.640s] -- Up-to-date symlink: /workspace/eYRC_26-27_Hola-The-Explorer/Software/workspace/install/shape_interface/include/shape_interface/shape_interface/msg/rosidl_typesupport_fastrtps_c__visibility_control.h
[0.640s] -- Up-to-date symlink: /workspace/eYRC_26-27_Hola-The-Explorer/Software/workspace/install/shape_interface/include/shape_interface/shape_interface/srv/detail/get_shape__rosidl_typesupport_fastrtps_c.h
[0.640s] -- Up-to-date symlink: /workspace/eYRC_26-27_Hola-The-Explorer/Software/workspace/install/shape_interface/include/shape_interface/shape_interface/srv/detail/pixel_to_world__rosidl_typesupport_fastrtps_c.h
[0.644s] -- Up-to-date symlink: /workspace/eYRC_26-27_Hola-The-Explorer/Software/workspace/install/shape_interface/include/shape_interface/shape_interface/msg/detail/shape__rosidl_typesupport_introspection_c.h
[0.644s] -- Up-to-date symlink: /workspace/eYRC_26-27_Hola-The-Explorer/Software/workspace/install/shape_interface/include/shape_interface/shape_interface/msg/rosidl_typesupport_introspection_c__visibility_control.h
[0.644s] -- Up-to-date symlink: /workspace/eYRC_26-27_Hola-The-Explorer/Software/workspace/install/shape_interface/include/shape_interface/shape_interface/srv/detail/get_shape__rosidl_typesupport_introspection_c.h
[0.645s] -- Up-to-date symlink: /workspace/eYRC_26-27_Hola-The-Explorer/Software/workspace/install/shape_interface/include/shape_interface/shape_interface/srv/detail/pixel_to_world__rosidl_typesupport_introspection_c.h
[0.645s] -- Up-to-date symlink: /workspace/eYRC_26-27_Hola-The-Explorer/Software/workspace/install/shape_interface/include/shape_interface/shape_interface/msg/detail/shape__builder.hpp
[0.645s] -- Up-to-date symlink: /workspace/eYRC_26-27_Hola-The-Explorer/Software/workspace/install/shape_interface/include/shape_interface/shape_interface/msg/detail/shape__struct.hpp
[0.645s] -- Up-to-date symlink: /workspace/eYRC_26-27_Hola-The-Explorer/Software/workspace/install/shape_interface/include/shape_interface/shape_interface/msg/detail/shape__traits.hpp
[0.645s] -- Up-to-date symlink: /workspace/eYRC_26-27_Hola-The-Explorer/Software/workspace/install/shape_interface/include/shape_interface/shape_interface/msg/detail/shape__type_support.hpp
[0.645s] -- Up-to-date symlink: /workspace/eYRC_26-27_Hola-The-Explorer/Software/workspace/install/shape_interface/include/shape_interface/shape_interface/msg/rosidl_generator_cpp__visibility_control.hpp
[0.646s] -- Up-to-date symlink: /workspace/eYRC_26-27_Hola-The-Explorer/Software/workspace/install/shape_interface/include/shape_interface/shape_interface/msg/shape.hpp
[0.646s] -- Up-to-date symlink: /workspace/eYRC_26-27_Hola-The-Explorer/Software/workspace/install/shape_interface/include/shape_interface/shape_interface/srv/detail/get_shape__builder.hpp
[0.646s] -- Up-to-date symlink: /workspace/eYRC_26-27_Hola-The-Explorer/Software/workspace/install/shape_interface/include/shape_interface/shape_interface/srv/detail/get_shape__struct.hpp
[0.646s] -- Up-to-date symlink: /workspace/eYRC_26-27_Hola-The-Explorer/Software/workspace/install/shape_interface/include/shape_interface/shape_interface/srv/detail/get_shape__traits.hpp
[0.646s] -- Up-to-date symlink: /workspace/eYRC_26-27_Hola-The-Explorer/Software/workspace/install/shape_interface/include/shape_interface/shape_interface/srv/detail/get_shape__type_support.hpp
[0.646s] -- Up-to-date symlink: /workspace/eYRC_26-27_Hola-The-Explorer/Software/workspace/install/shape_interface/include/shape_interface/shape_interface/srv/detail/pixel_to_world__builder.hpp
[0.646s] -- Up-to-date symlink: /workspace/eYRC_26-27_Hola-The-Explorer/Software/workspace/install/shape_interface/include/shape_interface/shape_interface/srv/detail/pixel_to_world__struct.hpp
[0.646s] -- Up-to-date symlink: /workspace/eYRC_26-27_Hola-The-Explorer/Software/workspace/install/shape_interface/include/shape_interface/shape_interface/srv/detail/pixel_to_world__traits.hpp
[0.646s] -- Up-to-date symlink: /workspace/eYRC_26-27_Hola-The-Explorer/Software/workspace/install/shape_interface/include/shape_interface/shape_interface/srv/detail/pixel_to_world__type_support.hpp
[0.647s] -- Up-to-date symlink: /workspace/eYRC_26-27_Hola-The-Explorer/Software/workspace/install/shape_interface/include/shape_interface/shape_interface/srv/get_shape.hpp
[0.647s] -- Up-to-date symlink: /workspace/eYRC_26-27_Hola-The-Explorer/Software/workspace/install/shape_interface/include/shape_interface/shape_interface/srv/pixel_to_world.hpp
[0.647s] -- Up-to-date symlink: /workspace/eYRC_26-27_Hola-The-Explorer/Software/workspace/install/shape_interface/include/shape_interface/shape_interface/msg/detail/shape__rosidl_typesupport_fastrtps_cpp.hpp
[0.647s] -- Up-to-date symlink: /workspace/eYRC_26-27_Hola-The-Explorer/Software/workspace/install/shape_interface/include/shape_interface/shape_interface/msg/rosidl_typesupport_fastrtps_cpp__visibility_control.h
[0.647s] -- Up-to-date symlink: /workspace/eYRC_26-27_Hola-The-Explorer/Software/workspace/install/shape_interface/include/shape_interface/shape_interface/srv/detail/get_shape__rosidl_typesupport_fastrtps_cpp.hpp
[0.647s] -- Up-to-date symlink: /workspace/eYRC_26-27_Hola-The-Explorer/Software/workspace/install/shape_interface/include/shape_interface/shape_interface/srv/detail/pixel_to_world__rosidl_typesupport_fastrtps_cpp.hpp
[0.648s] -- Up-to-date symlink: /workspace/eYRC_26-27_Hola-The-Explorer/Software/workspace/install/shape_interface/include/shape_interface/shape_interface/msg/detail/shape__rosidl_typesupport_introspection_cpp.hpp
[0.648s] -- Up-to-date symlink: /workspace/eYRC_26-27_Hola-The-Explorer/Software/workspace/install/shape_interface/include/shape_interface/shape_interface/srv/detail/get_shape__rosidl_typesupport_introspection_cpp.hpp
[0.648s] -- Up-to-date symlink: /workspace/eYRC_26-27_Hola-The-Explorer/Software/workspace/install/shape_interface/include/shape_interface/shape_interface/srv/detail/pixel_to_world__rosidl_typesupport_introspection_cpp.hpp
[0.648s] -- Up-to-date symlink: /workspace/eYRC_26-27_Hola-The-Explorer/Software/workspace/install/shape_interface/share/shape_interface/environment/pythonpath.sh
[0.648s] -- Up-to-date symlink: /workspace/eYRC_26-27_Hola-The-Explorer/Software/workspace/install/shape_interface/share/shape_interface/environment/pythonpath.dsv
[0.649s] -- Up-to-date symlink: /workspace/eYRC_26-27_Hola-The-Explorer/Software/workspace/install/shape_interface/local/lib/python3.10/dist-packages/shape_interface-0.0.0-py3.10.egg-info/PKG-INFO
[0.649s] -- Up-to-date symlink: /workspace/eYRC_26-27_Hola-The-Explorer/Software/workspace/install/shape_interface/local/lib/python3.10/dist-packages/shape_interface-0.0.0-py3.10.egg-info/SOURCES.txt
[0.649s] -- Up-to-date symlink: /workspace/eYRC_26-27_Hola-The-Explorer/Software/workspace/install/shape_interface/local/lib/python3.10/dist-packages/shape_interface-0.0.0-py3.10.egg-info/dependency_links.txt
[0.650s] -- Up-to-date symlink: /workspace/eYRC_26-27_Hola-The-Explorer/Software/workspace/install/shape_interface/local/lib/python3.10/dist-packages/shape_interface-0.0.0-py3.10.egg-info/top_level.txt
[0.651s] -- Up-to-date symlink: /workspace/eYRC_26-27_Hola-The-Explorer/Software/workspace/install/shape_interface/local/lib/python3.10/dist-packages/shape_interface/__init__.py
[0.651s] -- Up-to-date symlink: /workspace/eYRC_26-27_Hola-The-Explorer/Software/workspace/install/shape_interface/local/lib/python3.10/dist-packages/shape_interface/_shape_interface_s.ep.rosidl_typesupport_c.c
[0.651s] -- Up-to-date symlink: /workspace/eYRC_26-27_Hola-The-Explorer/Software/workspace/install/shape_interface/local/lib/python3.10/dist-packages/shape_interface/_shape_interface_s.ep.rosidl_typesupport_fastrtps_c.c
[0.651s] -- Up-to-date symlink: /workspace/eYRC_26-27_Hola-The-Explorer/Software/workspace/install/shape_interface/local/lib/python3.10/dist-packages/shape_interface/_shape_interface_s.ep.rosidl_typesupport_introspection_c.c
[0.651s] -- Up-to-date symlink: /workspace/eYRC_26-27_Hola-The-Explorer/Software/workspace/install/shape_interface/local/lib/python3.10/dist-packages/shape_interface/libshape_interface__rosidl_generator_py.so
[0.651s] -- Up-to-date symlink: /workspace/eYRC_26-27_Hola-The-Explorer/Software/workspace/install/shape_interface/local/lib/python3.10/dist-packages/shape_interface/msg/__init__.py
[0.652s] -- Up-to-date symlink: /workspace/eYRC_26-27_Hola-The-Explorer/Software/workspace/install/shape_interface/local/lib/python3.10/dist-packages/shape_interface/msg/_shape.py
[0.652s] -- Up-to-date symlink: /workspace/eYRC_26-27_Hola-The-Explorer/Software/workspace/install/shape_interface/local/lib/python3.10/dist-packages/shape_interface/msg/_shape_s.c
[0.652s] -- Up-to-date symlink: /workspace/eYRC_26-27_Hola-The-Explorer/Software/workspace/install/shape_interface/local/lib/python3.10/dist-packages/shape_interface/shape_interface_s__rosidl_typesupport_c.cpython-310-x86_64-linux-gnu.so
[0.652s] -- Up-to-date symlink: /workspace/eYRC_26-27_Hola-The-Explorer/Software/workspace/install/shape_interface/local/lib/python3.10/dist-packages/shape_interface/shape_interface_s__rosidl_typesupport_fastrtps_c.cpython-310-x86_64-linux-gnu.so
[0.653s] -- Up-to-date symlink: /workspace/eYRC_26-27_Hola-The-Explorer/Software/workspace/install/shape_interface/local/lib/python3.10/dist-packages/shape_interface/shape_interface_s__rosidl_typesupport_introspection_c.cpython-310-x86_64-linux-gnu.so
[0.653s] -- Up-to-date symlink: /workspace/eYRC_26-27_Hola-The-Explorer/Software/workspace/install/shape_interface/local/lib/python3.10/dist-packages/shape_interface/srv/__init__.py
[0.654s] -- Up-to-date symlink: /workspace/eYRC_26-27_Hola-The-Explorer/Software/workspace/install/shape_interface/local/lib/python3.10/dist-packages/shape_interface/srv/_get_shape.py
[0.655s] -- Up-to-date symlink: /workspace/eYRC_26-27_Hola-The-Explorer/Software/workspace/install/shape_interface/local/lib/python3.10/dist-packages/shape_interface/srv/_get_shape_s.c
[0.655s] -- Up-to-date symlink: /workspace/eYRC_26-27_Hola-The-Explorer/Software/workspace/install/shape_interface/local/lib/python3.10/dist-packages/shape_interface/srv/_pixel_to_world.py
[0.655s] -- Up-to-date symlink: /workspace/eYRC_26-27_Hola-The-Explorer/Software/workspace/install/shape_interface/local/lib/python3.10/dist-packages/shape_interface/srv/_pixel_to_world_s.c
[0.655s] -- Up-to-date symlink: /workspace/eYRC_26-27_Hola-The-Explorer/Software/workspace/install/shape_interface/local/lib/python3.10/dist-packages/shape_interface/shape_interface_s__rosidl_typesupport_fastrtps_c.cpython-310-x86_64-linux-gnu.so
[0.655s] -- Up-to-date symlink: /workspace/eYRC_26-27_Hola-The-Explorer/Software/workspace/install/shape_interface/local/lib/python3.10/dist-packages/shape_interface/shape_interface_s__rosidl_typesupport_introspection_c.cpython-310-x86_64-linux-gnu.so
[0.655s] -- Up-to-date symlink: /workspace/eYRC_26-27_Hola-The-Explorer/Software/workspace/install/shape_interface/local/lib/python3.10/dist-packages/shape_interface/shape_interface_s__rosidl_typesupport_c.cpython-310-x86_64-linux-gnu.so
[0.655s] -- Up-to-date symlink: /workspace/eYRC_26-27_Hola-The-Explorer/Software/workspace/install/shape_interface/share/ament_index/resource_index/rust_packages/shape_interface
[0.658s] -- Up-to-date symlink: /workspace/eYRC_26-27_Hola-The-Explorer/Software/workspace/install/shape_interface/share/shape_interface/rust/Cargo.toml
[0.658s] -- Up-to-date symlink: /workspace/eYRC_26-27_Hola-The-Explorer/Software/workspace/install/shape_interface/share/shape_interface/rust/build.rs
[0.658s] -- Up-to-date symlink: /workspace/eYRC_26-27_Hola-The-Explorer/Software/workspace/install/shape_interface/share/shape_interface/rust/src/lib.rs
[0.658s] -- Up-to-date symlink: /workspace/eYRC_26-27_Hola-The-Explorer/Software/workspace/install/shape_interface/share/shape_interface/rust/src/msg.rs
[0.658s] -- Up-to-date symlink: /workspace/eYRC_26-27_Hola-The-Explorer/Software/workspace/install/shape_interface/share/shape_interface/rust/src/msg/rmw.rs
[0.658s] -- Up-to-date symlink: /workspace/eYRC_26-27_Hola-The-Explorer/Software/workspace/install/shape_interface/share/shape_interface/rust/src/srv.rs
[0.659s] -- Up-to-date symlink: /workspace/eYRC_26-27_Hola-The-Explorer/Software/workspace/install/shape_interface/share/shape_interface/rust/src/srv/rmw.rs
[0.659s] -- Up-to-date symlink: /workspace/eYRC_26-27_Hola-The-Explorer/Software/workspace/install/shape_interface/share/shape_interface/srv/GetShape.idl
[0.659s] -- Up-to-date symlink: /workspace/eYRC_26-27_Hola-The-Explorer/Software/workspace/install/shape_interface/share/shape_interface/srv/PixelToWorld.idl
[0.659s] -- Up-to-date symlink: /workspace/eYRC_26-27_Hola-The-Explorer/Software/workspace/install/shape_interface/share/shape_interface/msg/Shape.idl
[0.659s] -- Up-to-date symlink: /workspace/eYRC_26-27_Hola-The-Explorer/Software/workspace/install/shape_interface/share/shape_interface/srv/GetShape.srv
[0.659s] -- Up-to-date symlink: /workspace/eYRC_26-27_Hola-The-Explorer/Software/workspace/install/shape_interface/share/shape_interface/srv/GetShape_Request.msg
[0.660s] -- Up-to-date symlink: /workspace/eYRC_26-27_Hola-The-Explorer/Software/workspace/install/shape_interface/share/shape_interface/srv/GetShape_Response.msg
[0.660s] -- Up-to-date symlink: /workspace/eYRC_26-27_Hola-The-Explorer/Software/workspace/install/shape_interface/share/shape_interface/srv/PixelToWorld.srv
[0.660s] -- Up-to-date symlink: /workspace/eYRC_26-27_Hola-The-Explorer/Software/workspace/install/shape_interface/share/shape_interface/srv/PixelToWorld_Request.msg
[0.660s] -- Up-to-date symlink: /workspace/eYRC_26-27_Hola-The-Explorer/Software/workspace/install/shape_interface/share/shape_interface/srv/PixelToWorld_Response.msg
[0.660s] -- Up-to-date symlink: /workspace/eYRC_26-27_Hola-The-Explorer/Software/workspace/install/shape_interface/share/shape_interface/msg/Shape.msg
[0.661s] -- Up-to-date symlink: /workspace/eYRC_26-27_Hola-The-Explorer/Software/workspace/install/shape_interface/share/ament_index/resource_index/package_run_dependencies/shape_interface
[0.661s] -- Up-to-date symlink: /workspace/eYRC_26-27_Hola-The-Explorer/Software/workspace/install/shape_interface/share/ament_index/resource_index/parent_prefix_path/shape_interface
[0.661s] -- Up-to-date symlink: /workspace/eYRC_26-27_Hola-The-Explorer/Software/workspace/install/shape_interface/share/shape_interface/environment/ament_prefix_path.sh
[0.661s] -- Up-to-date symlink: /workspace/eYRC_26-27_Hola-The-Explorer/Software/workspace/install/shape_interface/share/shape_interface/environment/ament_prefix_path.dsv
[0.662s] -- Up-to-date symlink: /workspace/eYRC_26-27_Hola-The-Explorer/Software/workspace/install/shape_interface/share/shape_interface/environment/path.sh
[0.662s] -- Up-to-date symlink: /workspace/eYRC_26-27_Hola-The-Explorer/Software/workspace/install/shape_interface/share/shape_interface/environment/path.dsv
[0.662s] -- Up-to-date symlink: /workspace/eYRC_26-27_Hola-The-Explorer/Software/workspace/install/shape_interface/share/shape_interface/local_setup.bash
[0.663s] -- Up-to-date symlink: /workspace/eYRC_26-27_Hola-The-Explorer/Software/workspace/install/shape_interface/share/shape_interface/local_setup.sh
[0.663s] -- Up-to-date symlink: /workspace/eYRC_26-27_Hola-The-Explorer/Software/workspace/install/shape_interface/share/shape_interface/local_setup.zsh
[0.663s] -- Up-to-date symlink: /workspace/eYRC_26-27_Hola-The-Explorer/Software/workspace/install/shape_interface/share/shape_interface/local_setup.dsv
[0.663s] -- Symlinking: /workspace/eYRC_26-27_Hola-The-Explorer/Software/workspace/install/shape_interface/share/shape_interface/package.dsv
[0.677s] -- Up-to-date symlink: /workspace/eYRC_26-27_Hola-The-Explorer/Software/workspace/install/shape_interface/share/ament_index/resource_index/packages/shape_interface
[0.677s] -- Up-to-date symlink: /workspace/eYRC_26-27_Hola-The-Explorer/Software/workspace/install/shape_interface/share/shape_interface/cmake/rosidl_cmake-extras.cmake
[0.681s] -- Up-to-date symlink: /workspace/eYRC_26-27_Hola-The-Explorer/Software/workspace/install/shape_interface/share/shape_interface/cmake/ament_cmake_export_include_directories-extras.cmake
[0.682s] -- Up-to-date symlink: /workspace/eYRC_26-27_Hola-The-Explorer/Software/workspace/install/shape_interface/share/shape_interface/cmake/ament_cmake_export_libraries-extras.cmake
[0.707s] -- Up-to-date symlink: /workspace/eYRC_26-27_Hola-The-Explorer/Software/workspace/install/shape_interface/share/shape_interface/cmake/ament_cmake_export_targets-extras.cmake
[0.707s] -- Up-to-date symlink: /workspace/eYRC_26-27_Hola-The-Explorer/Software/workspace/install/shape_interface/share/shape_interface/cmake/rosidl_cmake_export_typesupport_targets-extras.cmake
[0.707s] -- Up-to-date symlink: /workspace/eYRC_26-27_Hola-The-Explorer/Software/workspace/install/shape_interface/share/shape_interface/cmake/ament_cmake_export_dependencies-extras.cmake
[0.707s] -- Up-to-date symlink: /workspace/eYRC_26-27_Hola-The-Explorer/Software/workspace/install/shape_interface/share/shape_interface/cmake/rosidl_cmake_export_typesupport_libraries-extras.cmake
[0.707s] -- Up-to-date symlink: /workspace/eYRC_26-27_Hola-The-Explorer/Software/workspace/install/shape_interface/share/shape_interface/cmake/rosidl_cmake_aggregate_target-extras.cmake
[0.707s] -- Up-to-date symlink: /workspace/eYRC_26-27_Hola-The-Explorer/Software/workspace/install/shape_interface/share/shape_interface/cmake/shape_interfaceConfig.cmake
[0.708s] -- Up-to-date symlink: /workspace/eYRC_26-27_Hola-The-Explorer/Software/workspace/install/shape_interface/share/shape_interface/cmake/shape_interfaceConfig-version.cmake
[0.708s] -- Up-to-date symlink: /workspace/eYRC_26-27_Hola-The-Explorer/Software/workspace/install/shape_interface/share/shape_interface/package.xml
[0.708s] -- Up-to-date: /workspace/eYRC_26-27_Hola-The-Explorer/Software/workspace/install/shape_interface/lib/libshape_interface__rosidl_generator_c.so
[0.708s] -- Up-to-date: /workspace/eYRC_26-27_Hola-The-Explorer/Software/workspace/install/shape_interface/lib/libshape_interface__rosidl_typesupport_fastrtps_c.so
[0.708s] -- Up-to-date: /workspace/eYRC_26-27_Hola-The-Explorer/Software/workspace/install/shape_interface/lib/libshape_interface__rosidl_typesupport_introspection_c.so
[0.708s] -- Up-to-date: /workspace/eYRC_26-27_Hola-The-Explorer/Software/workspace/install/shape_interface/lib/libshape_interface__rosidl_typesupport_c.so
[0.708s] -- Up-to-date: /workspace/eYRC_26-27_Hola-The-Explorer/Software/workspace/install/shape_interface/lib/libshape_interface__rosidl_typesupport_fastrtps_cpp.so
[0.709s] -- Up-to-date: /workspace/eYRC_26-27_Hola-The-Explorer/Software/workspace/install/shape_interface/lib/libshape_interface__rosidl_typesupport_introspection_cpp.so
[0.709s] -- Up-to-date: /workspace/eYRC_26-27_Hola-The-Explorer/Software/workspace/install/shape_interface/lib/libshape_interface__rosidl_typesupport_cpp.so
[0.743s] Listing '/workspace/eYRC_26-27_Hola-The-Explorer/Software/workspace/install/shape_interface/local/lib/python3.10/dist-packages/shape_interface'...
[0.743s] Listing '/workspace/eYRC_26-27_Hola-The-Explorer/Software/workspace/install/shape_interface/local/lib/python3.10/dist-packages/shape_interface/msg'...
[0.743s] Listing '/workspace/eYRC_26-27_Hola-The-Explorer/Software/workspace/install/shape_interface/local/lib/python3.10/dist-packages/shape_interface/srv'...
[0.752s] -- Up-to-date: /workspace/eYRC_26-27_Hola-The-Explorer/Software/workspace/install/shape_interface/lib/libshape_interface__rosidl_generator_py.so
[0.752s] -- Up-to-date: /workspace/eYRC_26-27_Hola-The-Explorer/Software/workspace/install/shape_interface/share/shape_interface/cmake/export_shape_interface__rosidl_generator_cExport.cmake
[0.752s] -- Up-to-date: /workspace/eYRC_26-27_Hola-The-Explorer/Software/workspace/install/shape_interface/share/shape_interface/cmake/export_shape_interface__rosidl_generator_cExport-noconfig.cmake
[0.753s] -- Up-to-date: /workspace/eYRC_26-27_Hola-The-Explorer/Software/workspace/install/shape_interface/share/shape_interface/cmake/export_shape_interface__rosidl_typesupport_fastrtps_cExport.cmake
[0.753s] -- Up-to-date: /workspace/eYRC_26-27_Hola-The-Explorer/Software/workspace/install/shape_interface/share/shape_interface/cmake/export_shape_interface__rosidl_typesupport_fastrtps_cExport-noconfig.cmake
[0.753s] -- Up-to-date: /workspace/eYRC_26-27_Hola-The-Explorer/Software/workspace/install/shape_interface/share/shape_interface/cmake/shape_interface__rosidl_typesupport_introspection_cExport.cmake
[0.753s] -- Up-to-date: /workspace/eYRC_26-27_Hola-The-Explorer/Software/workspace/install/shape_interface/share/shape_interface/cmake/shape_interface__rosidl_typesupport_introspection_cExport-noconfig.cmake
[0.753s] -- Up-to-date: /workspace/eYRC_26-27_Hola-The-Explorer/Software/workspace/install/shape_interface/share/shape_interface/cmake/shape_interface__rosidl_typesupport_cExport.cmake
[0.753s] -- Up-to-date: /workspace/eYRC_26-27_Hola-The-Explorer/Software/workspace/install/shape_interface/share/shape_interface/cmake/shape_interface__rosidl_typesupport_cExport-noconfig.cmake
[0.753s] -- Up-to-date: /workspace/eYRC_26-27_Hola-The-Explorer/Software/workspace/install/shape_interface/share/shape_interface/cmake/export_shape_interface__rosidl_generator_cppExport.cmake
[0.753s] -- Up-to-date: /workspace/eYRC_26-27_Hola-The-Explorer/Software/workspace/install/shape_interface/share/shape_interface/cmake/export_shape_interface__rosidl_typesupport_fastrtps_cppExport.cmake
[0.753s] -- Up-to-date: /workspace/eYRC_26-27_Hola-The-Explorer/Software/workspace/install/shape_interface/share/shape_interface/cmake/export_shape_interface__rosidl_typesupport_fastrtps_cppExport-noconfig.cmake
[0.753s] -- Up-to-date: /workspace/eYRC_26-27_Hola-The-Explorer/Software/workspace/install/shape_interface/share/shape_interface/cmake/shape_interface__rosidl_typesupport_introspection_cppExport.cmake
[0.753s] -- Up-to-date: /workspace/eYRC_26-27_Hola-The-Explorer/Software/workspace/install/shape_interface/share/shape_interface/cmake/shape_interface__rosidl_typesupport_introspection_cppExport-noconfig.cmake
[0.753s] -- Up-to-date: /workspace/eYRC_26-27_Hola-The-Explorer/Software/workspace/install/shape_interface/share/shape_interface/cmake/shape_interface__rosidl_typesupport_cppExport.cmake
[0.753s] -- Up-to-date: /workspace/eYRC_26-27_Hola-The-Explorer/Software/workspace/install/shape_interface/share/shape_interface/cmake/shape_interface__rosidl_typesupport_cppExport-noconfig.cmake
[0.753s] -- Up-to-date: /workspace/eYRC_26-27_Hola-The-Explorer/Software/workspace/install/shape_interface/share/shape_interface/cmake/export_shape_interface__rosidl_generator_pyExport.cmake
[0.754s] -- Up-to-date: /workspace/eYRC_26-27_Hola-The-Explorer/Software/workspace/install/shape_interface/share/shape_interface/cmake/export_shape_interface__rosidl_generator_pyExport-noconfig.cmake
[0.760s] Invoked command in '/workspace/eYRC_26-27_Hola-The-Explorer/Software/workspace/build/shape_interface' returned '0': CMAKE_PREFIX_PATH=/opt/ros/humble /usr/bin/cmake --install /workspace/eYRC_26-27_Hola-The-Explorer/Software/workspace/build/shape_interface
