[0.027s] Invoking command in '/workspace/eYRC_26-27_Hola-The-Explorer/Software/workspace/build/hb_description': AMENT_PREFIX_PATH=/workspace/eYRC_26-27_Hola-The-Explorer/Software/workspace/install/task_1a:/workspace/eYRC_26-27_Hola-The-Explorer/Software/workspace/install/shape_interface:${AMENT_PREFIX_PATH} CMAKE_PREFIX_PATH=/workspace/eYRC_26-27_Hola-The-Explorer/Software/workspace/install/task_1a:/workspace/eYRC_26-27_Hola-The-Explorer/Software/workspace/install/shape_interface:/opt/ros/humble LD_LIBRARY_PATH=/workspace/eYRC_26-27_Hola-The-Explorer/Software/workspace/install/shape_interface/lib:${LD_LIBRARY_PATH} PYTHONPATH=/workspace/eYRC_26-27_Hola-The-Explorer/Software/workspace/install/task_1a/local/lib/python3.10/dist-packages:/workspace/eYRC_26-27_Hola-The-Explorer/Software/workspace/install/shape_interface/local/lib/python3.10/dist-packages:${PYTHONPATH} /usr/bin/cmake /workspace/eYRC_26-27_Hola-The-Explorer/Software/workspace/src/hb_description -DAMENT_CMAKE_SYMLINK_INSTALL=1 -DCMAKE_INSTALL_PREFIX=/workspace/eYRC_26-27_Hola-The-Explorer/Software/workspace/install/hb_description
[0.156s] -- The C compiler identification is GNU 11.4.0
[0.275s] -- The CXX compiler identification is GNU 11.4.0
[0.291s] -- Detecting C compiler ABI info
[0.433s] -- Detecting C compiler ABI info - done
[0.448s] -- Check for working C compiler: /usr/bin/cc - skipped
[0.448s] -- Detecting C compile features
[0.448s] -- Detecting C compile features - done
[0.455s] -- Detecting CXX compiler ABI info
[0.633s] -- Detecting CXX compiler ABI info - done
[0.652s] -- Check for working CXX compiler: /usr/bin/c++ - skipped
[0.652s] -- Detecting CXX compile features
[0.653s] -- Detecting CXX compile features - done
[0.658s] -- Found ament_cmake: 1.3.14 (/opt/ros/humble/share/ament_cmake/cmake)
[0.975s] -- Found Python3: /usr/bin/python3 (found version "3.10.12") found components: Interpreter 
[1.107s] -- Override CMake install command with custom implementation using symlinks instead of copying resources
[1.308s] -- Configuring done
[1.312s] -- Generating done
[1.315s] -- Build files have been written to: /workspace/eYRC_26-27_Hola-The-Explorer/Software/workspace/build/hb_description
[1.322s] Invoked command in '/workspace/eYRC_26-27_Hola-The-Explorer/Software/workspace/build/hb_description' returned '0': AMENT_PREFIX_PATH=/workspace/eYRC_26-27_Hola-The-Explorer/Software/workspace/install/task_1a:/workspace/eYRC_26-27_Hola-The-Explorer/Software/workspace/install/shape_interface:${AMENT_PREFIX_PATH} CMAKE_PREFIX_PATH=/workspace/eYRC_26-27_Hola-The-Explorer/Software/workspace/install/task_1a:/workspace/eYRC_26-27_Hola-The-Explorer/Software/workspace/install/shape_interface:/opt/ros/humble LD_LIBRARY_PATH=/workspace/eYRC_26-27_Hola-The-Explorer/Software/workspace/install/shape_interface/lib:${LD_LIBRARY_PATH} PYTHONPATH=/workspace/eYRC_26-27_Hola-The-Explorer/Software/workspace/install/task_1a/local/lib/python3.10/dist-packages:/workspace/eYRC_26-27_Hola-The-Explorer/Software/workspace/install/shape_interface/local/lib/python3.10/dist-packages:${PYTHONPATH} /usr/bin/cmake /workspace/eYRC_26-27_Hola-The-Explorer/Software/workspace/src/hb_description -DAMENT_CMAKE_SYMLINK_INSTALL=1 -DCMAKE_INSTALL_PREFIX=/workspace/eYRC_26-27_Hola-The-Explorer/Software/workspace/install/hb_description
[1.324s] Invoking command in '/workspace/eYRC_26-27_Hola-The-Explorer/Software/workspace/build/hb_description': AMENT_PREFIX_PATH=/workspace/eYRC_26-27_Hola-The-Explorer/Software/workspace/install/task_1a:/workspace/eYRC_26-27_Hola-The-Explorer/Software/workspace/install/shape_interface:${AMENT_PREFIX_PATH} CMAKE_PREFIX_PATH=/workspace/eYRC_26-27_Hola-The-Explorer/Software/workspace/install/task_1a:/workspace/eYRC_26-27_Hola-The-Explorer/Software/workspace/install/shape_interface:/opt/ros/humble LD_LIBRARY_PATH=/workspace/eYRC_26-27_Hola-The-Explorer/Software/workspace/install/shape_interface/lib:${LD_LIBRARY_PATH} PYTHONPATH=/workspace/eYRC_26-27_Hola-The-Explorer/Software/workspace/install/task_1a/local/lib/python3.10/dist-packages:/workspace/eYRC_26-27_Hola-The-Explorer/Software/workspace/install/shape_interface/local/lib/python3.10/dist-packages:${PYTHONPATH} /usr/bin/cmake --build /workspace/eYRC_26-27_Hola-The-Explorer/Software/workspace/build/hb_description -- -j12 -l12
[1.405s] Invoked command in '/workspace/eYRC_26-27_Hola-The-Explorer/Software/workspace/build/hb_description' returned '0': AMENT_PREFIX_PATH=/workspace/eYRC_26-27_Hola-The-Explorer/Software/workspace/install/task_1a:/workspace/eYRC_26-27_Hola-The-Explorer/Software/workspace/install/shape_interface:${AMENT_PREFIX_PATH} CMAKE_PREFIX_PATH=/workspace/eYRC_26-27_Hola-The-Explorer/Software/workspace/install/task_1a:/workspace/eYRC_26-27_Hola-The-Explorer/Software/workspace/install/shape_interface:/opt/ros/humble LD_LIBRARY_PATH=/workspace/eYRC_26-27_Hola-The-Explorer/Software/workspace/install/shape_interface/lib:${LD_LIBRARY_PATH} PYTHONPATH=/workspace/eYRC_26-27_Hola-The-Explorer/Software/workspace/install/task_1a/local/lib/python3.10/dist-packages:/workspace/eYRC_26-27_Hola-The-Explorer/Software/workspace/install/shape_interface/local/lib/python3.10/dist-packages:${PYTHONPATH} /usr/bin/cmake --build /workspace/eYRC_26-27_Hola-The-Explorer/Software/workspace/build/hb_description -- -j12 -l12
[1.408s] Invoking command in '/workspace/eYRC_26-27_Hola-The-Explorer/Software/workspace/build/hb_description': AMENT_PREFIX_PATH=/workspace/eYRC_26-27_Hola-The-Explorer/Software/workspace/install/task_1a:/workspace/eYRC_26-27_Hola-The-Explorer/Software/workspace/install/shape_interface:${AMENT_PREFIX_PATH} CMAKE_PREFIX_PATH=/workspace/eYRC_26-27_Hola-The-Explorer/Software/workspace/install/task_1a:/workspace/eYRC_26-27_Hola-The-Explorer/Software/workspace/install/shape_interface:/opt/ros/humble LD_LIBRARY_PATH=/workspace/eYRC_26-27_Hola-The-Explorer/Software/workspace/install/shape_interface/lib:${LD_LIBRARY_PATH} PYTHONPATH=/workspace/eYRC_26-27_Hola-The-Explorer/Software/workspace/install/task_1a/local/lib/python3.10/dist-packages:/workspace/eYRC_26-27_Hola-The-Explorer/Software/workspace/install/shape_interface/local/lib/python3.10/dist-packages:${PYTHONPATH} /usr/bin/cmake --install /workspace/eYRC_26-27_Hola-The-Explorer/Software/workspace/build/hb_description
[1.428s] -- Install configuration: ""
[1.430s] -- Execute custom install script
[1.430s] -- Symlinking: /workspace/eYRC_26-27_Hola-The-Explorer/Software/workspace/install/hb_description/lib/hb_description/task1a_bridge
[1.446s] -- Symlinking: /workspace/eYRC_26-27_Hola-The-Explorer/Software/workspace/install/hb_description/lib/hb_description/task1a_camera
[1.467s] -- Symlinking: /workspace/eYRC_26-27_Hola-The-Explorer/Software/workspace/install/hb_description/lib/hb_description/task1c_bridge
[1.483s] -- Symlinking: /workspace/eYRC_26-27_Hola-The-Explorer/Software/workspace/install/hb_description/lib/hb_description/task1c_camera
[1.508s] -- Symlinking: /workspace/eYRC_26-27_Hola-The-Explorer/Software/workspace/install/hb_description/lib/hb_description/camera_stream
[1.526s] -- Symlinking: /workspace/eYRC_26-27_Hola-The-Explorer/Software/workspace/install/hb_description/share/hb_description/launch/task1a.launch.py
[1.549s] -- Symlinking: /workspace/eYRC_26-27_Hola-The-Explorer/Software/workspace/install/hb_description/share/hb_description/launch/task1b.launch.py
[1.563s] -- Symlinking: /workspace/eYRC_26-27_Hola-The-Explorer/Software/workspace/install/hb_description/share/hb_description/launch/task1c.launch.py
[1.587s] -- Symlinking: /workspace/eYRC_26-27_Hola-The-Explorer/Software/workspace/install/hb_description/share/ament_index/resource_index/package_run_dependencies/hb_description
[1.611s] -- Symlinking: /workspace/eYRC_26-27_Hola-The-Explorer/Software/workspace/install/hb_description/share/ament_index/resource_index/parent_prefix_path/hb_description
[1.629s] -- Symlinking: /workspace/eYRC_26-27_Hola-The-Explorer/Software/workspace/install/hb_description/share/hb_description/environment/ament_prefix_path.sh
[1.645s] -- Symlinking: /workspace/eYRC_26-27_Hola-The-Explorer/Software/workspace/install/hb_description/share/hb_description/environment/ament_prefix_path.dsv
[1.659s] -- Symlinking: /workspace/eYRC_26-27_Hola-The-Explorer/Software/workspace/install/hb_description/share/hb_description/environment/path.sh
[1.676s] -- Symlinking: /workspace/eYRC_26-27_Hola-The-Explorer/Software/workspace/install/hb_description/share/hb_description/environment/path.dsv
[1.697s] -- Symlinking: /workspace/eYRC_26-27_Hola-The-Explorer/Software/workspace/install/hb_description/share/hb_description/local_setup.bash
[1.713s] -- Symlinking: /workspace/eYRC_26-27_Hola-The-Explorer/Software/workspace/install/hb_description/share/hb_description/local_setup.sh
[1.734s] -- Symlinking: /workspace/eYRC_26-27_Hola-The-Explorer/Software/workspace/install/hb_description/share/hb_description/local_setup.zsh
[1.749s] -- Symlinking: /workspace/eYRC_26-27_Hola-The-Explorer/Software/workspace/install/hb_description/share/hb_description/local_setup.dsv
[1.769s] -- Symlinking: /workspace/eYRC_26-27_Hola-The-Explorer/Software/workspace/install/hb_description/share/hb_description/package.dsv
[1.786s] -- Symlinking: /workspace/eYRC_26-27_Hola-The-Explorer/Software/workspace/install/hb_description/share/ament_index/resource_index/packages/hb_description
[1.800s] -- Symlinking: /workspace/eYRC_26-27_Hola-The-Explorer/Software/workspace/install/hb_description/share/hb_description/cmake/hb_descriptionConfig.cmake
[1.825s] -- Symlinking: /workspace/eYRC_26-27_Hola-The-Explorer/Software/workspace/install/hb_description/share/hb_description/cmake/hb_descriptionConfig-version.cmake
[1.850s] -- Symlinking: /workspace/eYRC_26-27_Hola-The-Explorer/Software/workspace/install/hb_description/share/hb_description/package.xml
[1.877s] -- Up-to-date: /workspace/eYRC_26-27_Hola-The-Explorer/Software/workspace/install/hb_description/lib
[1.877s] -- Installing: /workspace/eYRC_26-27_Hola-The-Explorer/Software/workspace/install/hb_description/lib/libhb_source__rosidl_generator_c.so
[1.877s] -- Installing: /workspace/eYRC_26-27_Hola-The-Explorer/Software/workspace/install/hb_description/lib/libhb_source__rosidl_generator_py.so
[1.877s] -- Installing: /workspace/eYRC_26-27_Hola-The-Explorer/Software/workspace/install/hb_description/lib/libhb_source__rosidl_typesupport_c.so
[1.878s] -- Installing: /workspace/eYRC_26-27_Hola-The-Explorer/Software/workspace/install/hb_description/lib/libmujoco.so
[1.878s] -- Installing: /workspace/eYRC_26-27_Hola-The-Explorer/Software/workspace/install/hb_description/lib/libmujoco.so.3.4.0
[1.883s] -- Installing: /workspace/eYRC_26-27_Hola-The-Explorer/Software/workspace/install/hb_description/lib/libhb_source__rosidl_typesupport_introspection_cpp.so
[1.884s] -- Installing: /workspace/eYRC_26-27_Hola-The-Explorer/Software/workspace/install/hb_description/lib/libhb_source__rosidl_typesupport_cpp.so
[1.884s] -- Installing: /workspace/eYRC_26-27_Hola-The-Explorer/Software/workspace/install/hb_description/lib/libhb_source__rosidl_typesupport_fastrtps_c.so
[1.884s] -- Installing: /workspace/eYRC_26-27_Hola-The-Explorer/Software/workspace/install/hb_description/lib/libhb_source__rosidl_typesupport_fastrtps_cpp.so
[1.885s] -- Installing: /workspace/eYRC_26-27_Hola-The-Explorer/Software/workspace/install/hb_description/lib/libhb_source__rosidl_typesupport_introspection_c.so
[1.887s] Invoked command in '/workspace/eYRC_26-27_Hola-The-Explorer/Software/workspace/build/hb_description' returned '0': AMENT_PREFIX_PATH=/workspace/eYRC_26-27_Hola-The-Explorer/Software/workspace/install/task_1a:/workspace/eYRC_26-27_Hola-The-Explorer/Software/workspace/install/shape_interface:${AMENT_PREFIX_PATH} CMAKE_PREFIX_PATH=/workspace/eYRC_26-27_Hola-The-Explorer/Software/workspace/install/task_1a:/workspace/eYRC_26-27_Hola-The-Explorer/Software/workspace/install/shape_interface:/opt/ros/humble LD_LIBRARY_PATH=/workspace/eYRC_26-27_Hola-The-Explorer/Software/workspace/install/shape_interface/lib:${LD_LIBRARY_PATH} PYTHONPATH=/workspace/eYRC_26-27_Hola-The-Explorer/Software/workspace/install/task_1a/local/lib/python3.10/dist-packages:/workspace/eYRC_26-27_Hola-The-Explorer/Software/workspace/install/shape_interface/local/lib/python3.10/dist-packages:${PYTHONPATH} /usr/bin/cmake --install /workspace/eYRC_26-27_Hola-The-Explorer/Software/workspace/build/hb_description
